Archive member included to satisfy reference by file (symbol)

/home/vboxuser/Desktop/topst/buildtools/gcc-linaro-7.2.1-2017.11-x86_64_arm-eabi/arm-eabi/libc/usr/lib/libc.a(lib_a-atoi.o)
                              /home/vboxuser/Desktop/topst/cr5-bsp/sources/build/tcc805x/gcc/tcc805x-freertos-debug/obj/Motor_System.o (atoi)
/home/vboxuser/Desktop/topst/buildtools/gcc-linaro-7.2.1-2017.11-x86_64_arm-eabi/arm-eabi/libc/usr/lib/libc.a(lib_a-atol.o)
                              /home/vboxuser/Desktop/topst/cr5-bsp/sources/build/tcc805x/gcc/tcc805x-freertos-debug/obj/hsm_test.o (atol)
/home/vboxuser/Desktop/topst/buildtools/gcc-linaro-7.2.1-2017.11-x86_64_arm-eabi/arm-eabi/libc/usr/lib/libc.a(lib_a-memcmp.o)
                              /home/vboxuser/Desktop/topst/cr5-bsp/sources/build/tcc805x/gcc/tcc805x-freertos-debug/obj/sal_freertos_impl.o (memcmp)
/home/vboxuser/Desktop/topst/buildtools/gcc-linaro-7.2.1-2017.11-x86_64_arm-eabi/arm-eabi/libc/usr/lib/libc.a(lib_a-memcpy-stub.o)
                              /home/vboxuser/Desktop/topst/cr5-bsp/sources/build/tcc805x/gcc/tcc805x-freertos-debug/obj/dse_test.o (memcpy)
/home/vboxuser/Desktop/topst/buildtools/gcc-linaro-7.2.1-2017.11-x86_64_arm-eabi/arm-eabi/libc/usr/lib/libc.a(lib_a-memset.o)
                              /home/vboxuser/Desktop/topst/cr5-bsp/sources/build/tcc805x/gcc/tcc805x-freertos-debug/obj/console.o (memset)
/home/vboxuser/Desktop/topst/buildtools/gcc-linaro-7.2.1-2017.11-x86_64_arm-eabi/arm-eabi/libc/usr/lib/libc.a(lib_a-snprintf.o)
                              /home/vboxuser/Desktop/topst/cr5-bsp/sources/build/tcc805x/gcc/tcc805x-freertos-debug/obj/Motor_System.o (snprintf)
/home/vboxuser/Desktop/topst/buildtools/gcc-linaro-7.2.1-2017.11-x86_64_arm-eabi/arm-eabi/libc/usr/lib/libc.a(lib_a-strlen-stub.o)
                              /home/vboxuser/Desktop/topst/cr5-bsp/sources/build/tcc805x/gcc/tcc805x-freertos-debug/obj/Motor_System.o (strlen)
/home/vboxuser/Desktop/topst/buildtools/gcc-linaro-7.2.1-2017.11-x86_64_arm-eabi/arm-eabi/libc/usr/lib/libc.a(lib_a-strncmp.o)
                              /home/vboxuser/Desktop/topst/cr5-bsp/sources/build/tcc805x/gcc/tcc805x-freertos-debug/obj/sal_freertos_impl.o (strncmp)
/home/vboxuser/Desktop/topst/buildtools/gcc-linaro-7.2.1-2017.11-x86_64_arm-eabi/arm-eabi/libc/usr/lib/libc.a(lib_a-strncpy.o)
                              /home/vboxuser/Desktop/topst/cr5-bsp/sources/build/tcc805x/gcc/tcc805x-freertos-debug/obj/sal_freertos_impl.o (strncpy)
/home/vboxuser/Desktop/topst/buildtools/gcc-linaro-7.2.1-2017.11-x86_64_arm-eabi/arm-eabi/libc/usr/lib/libc.a(lib_a-strnlen.o)
                              /home/vboxuser/Desktop/topst/cr5-bsp/sources/build/tcc805x/gcc/tcc805x-freertos-debug/obj/sal_freertos_impl.o (strnlen)
/home/vboxuser/Desktop/topst/buildtools/gcc-linaro-7.2.1-2017.11-x86_64_arm-eabi/arm-eabi/libc/usr/lib/libc.a(lib_a-strtol.o)
                              /home/vboxuser/Desktop/topst/buildtools/gcc-linaro-7.2.1-2017.11-x86_64_arm-eabi/arm-eabi/libc/usr/lib/libc.a(lib_a-atoi.o) (_strtol_r)
/home/vboxuser/Desktop/topst/buildtools/gcc-linaro-7.2.1-2017.11-x86_64_arm-eabi/arm-eabi/libc/usr/lib/libc.a(lib_a-strtoul.o)
                              /home/vboxuser/Desktop/topst/cr5-bsp/sources/build/tcc805x/gcc/tcc805x-freertos-debug/obj/console.o (strtoul)
/home/vboxuser/Desktop/topst/buildtools/gcc-linaro-7.2.1-2017.11-x86_64_arm-eabi/arm-eabi/libc/usr/lib/libc.a(lib_a-svfprintf.o)
                              /home/vboxuser/Desktop/topst/buildtools/gcc-linaro-7.2.1-2017.11-x86_64_arm-eabi/arm-eabi/libc/usr/lib/libc.a(lib_a-snprintf.o) (_svfprintf_r)
/home/vboxuser/Desktop/topst/buildtools/gcc-linaro-7.2.1-2017.11-x86_64_arm-eabi/arm-eabi/libc/usr/lib/libc.a(lib_a-wcrtomb.o)
                              /home/vboxuser/Desktop/topst/buildtools/gcc-linaro-7.2.1-2017.11-x86_64_arm-eabi/arm-eabi/libc/usr/lib/libc.a(lib_a-svfprintf.o) (_wcrtomb_r)
/home/vboxuser/Desktop/topst/buildtools/gcc-linaro-7.2.1-2017.11-x86_64_arm-eabi/arm-eabi/libc/usr/lib/libc.a(lib_a-wcsrtombs.o)
                              /home/vboxuser/Desktop/topst/buildtools/gcc-linaro-7.2.1-2017.11-x86_64_arm-eabi/arm-eabi/libc/usr/lib/libc.a(lib_a-svfprintf.o) (_wcsrtombs_r)
/home/vboxuser/Desktop/topst/buildtools/gcc-linaro-7.2.1-2017.11-x86_64_arm-eabi/arm-eabi/libc/usr/lib/libc.a(lib_a-dtoa.o)
                              /home/vboxuser/Desktop/topst/buildtools/gcc-linaro-7.2.1-2017.11-x86_64_arm-eabi/arm-eabi/libc/usr/lib/libc.a(lib_a-svfprintf.o) (_dtoa_r)
/home/vboxuser/Desktop/topst/buildtools/gcc-linaro-7.2.1-2017.11-x86_64_arm-eabi/arm-eabi/libc/usr/lib/libc.a(lib_a-freer.o)
                              /home/vboxuser/Desktop/topst/buildtools/gcc-linaro-7.2.1-2017.11-x86_64_arm-eabi/arm-eabi/libc/usr/lib/libc.a(lib_a-svfprintf.o) (_free_r)
/home/vboxuser/Desktop/topst/buildtools/gcc-linaro-7.2.1-2017.11-x86_64_arm-eabi/arm-eabi/libc/usr/lib/libc.a(lib_a-impure.o)
[...]
Memory Configuration

Name             Origin             Length             Attributes
SRAM             0x0000000006000000 0x000000000007b980 xrw
SRAM_ARM_STACK   0x000000000607b980 0x0000000000000680 xrw
NC_SRAM          0x00000000c007c000 0x0000000000004000 xrw
NOR              0x0000000008200000 0x0000000000200000 xr
*default*        0x0000000000000000 0xffffffffffffffff

Linker script and memory map

                0x0000000006000000                __VECTOR_START = 0x6000000
                0x0000000000004000                DMA_NC_SIZE = 0x4000

.text           0x0000000008200000    0x7ca68
                0x0000000008200000                __TEXT_START__ = .
 *startup.o(.text)
 .text          0x0000000008200000      0x230 /home/vboxuser/Desktop/topst/cr5-bsp/sources/build/tcc805x/gcc/tcc805x-freertos-debug/obj/startup.o
                0x0000000008200000                reset
 *(.text)
 .text          0x0000000008200230      0x260 /home/vboxuser/Desktop/topst/cr5-bsp/sources/build/tcc805x/gcc/tcc805x-freertos-debug/obj/main.o
                0x0000000008200230                cmain
 .text          0x0000000008200490     0x1a50 /home/vboxuser/Desktop/topst/cr5-bsp/sources/build/tcc805x/gcc/tcc805x-freertos-debug/obj/can_demo.o
                0x0000000008201664                CAN_DemoInitialize
                0x00000000082018b8                CAN_DemoTest
                0x0000000008201ddc                CAN_DemoCreateApp
 .text          0x0000000008201ee0     0x2ee0 /home/vboxuser/Desktop/topst/cr5-bsp/sources/build/tcc805x/gcc/tcc805x-freertos-debug/obj/console.o
                0x0000000008204d44                CreateConsoleTask
 .text          0x0000000008204dc0      0x4fc /home/vboxuser/Desktop/topst/cr5-bsp/sources/build/tcc805x/gcc/tcc805x-freertos-debug/obj/fwug.o
                0x0000000008204dc0                FWUG_CreateApp
                0x0000000008204fb8                FWUG_Start
 .text          0x00000000082052bc      0xb00 /home/vboxuser/Desktop/topst/cr5-bsp/sources/build/tcc805x/gcc/tcc805x-freertos-debug/obj/key_adc.o
                0x000000000820568c                KEY_AdcOpen
                0x00000000082058e4                KEY_AdcScan
 .text          0x0000000008205dbc      0x500 /home/vboxuser/Desktop/topst/cr5-bsp/sources/build/tcc805x/gcc/tcc805x-freertos-debug/obj/key_gpio.o
                0x0000000008205f88                KEY_GpioKeyOpen
                0x0000000008205ffc                KEY_GpioGetRotaryValue
 .text          0x00000000082062bc      0xa08 /home/vboxuser/Desktop/topst/cr5-bsp/sources/build/tcc805x/gcc/tcc805x-freertos-debug/obj/key_i2c.o
                0x0000000008206438                KEY_I2cOpen
                0x000000000820650c                KEY_I2cRead
                0x0000000008206688                KEY_I2cWrite
                0x0000000008206810                KEY_I2cScan
 .text          0x0000000008206cc4        0x0 /home/vboxuser/Desktop/topst/cr5-bsp/sources/build/tcc805x/gcc/tcc805x-freertos-debug/obj/key.o
 .text          0x0000000008206cc4      0xc0c /home/vboxuser/Desktop/topst/cr5-bsp/sources/build/tcc805x/gcc/tcc805x-freertos-debug/obj/system_monitoring.o
                0x0000000008207854                SM_CreateAppTask
 .text          0x00000000082078d0      0x4b0 /home/vboxuser/Desktop/topst/cr5-bsp/sources/build/tcc805x/gcc/tcc805x-freertos-debug/obj/bootctrl.o
                0x0000000008207c1c                BCTRL_Init
 .text          0x0000000008207d80      0x1dc /home/vboxuser/Desktop/topst/cr5-bsp/sources/build/tcc805x/gcc/tcc805x-freertos-debug/obj/reset_demo.o
                0x0000000008207d80                PMU_ResetTest
 .text          0x0000000008207f5c     0x1994 /home/vboxuser/Desktop/topst/cr5-bsp/sources/build/tcc805x/gcc/tcc805x-freertos-debug/obj/adc_test.o
                0x000000000820985c                ADC_StartAdcTest
 .text          0x00000000082098f0      0x76c /home/vboxuser/Desktop/topst/cr5-bsp/sources/build/tcc805x/gcc/tcc805x-freertos-debug/obj/dse_test.o
                0x00000000082098f0                DSE_Test_R5AccessFault
                0x0000000008209dac                DSE_Test_SoftFaultCheck
 .text          0x000000000820a05c      0x620 /home/vboxuser/Desktop/topst/cr5-bsp/sources/build/tcc805x/gcc/tcc805x-freertos-debug/obj/fmu_test.o
                0x000000000820a628                FMU_StartFmuTest
 .text          0x000000000820a67c      0x3dc /home/vboxuser/Desktop/topst/cr5-bsp/sources/build/tcc805x/gcc/tcc805x-freertos-debug/obj/gdma_test.o
                0x000000000820a67c                GDMA_SampleForM2M
 .text          0x000000000820aa58      0x404 /home/vboxuser/Desktop/topst/cr5-bsp/sources/build/tcc805x/gcc/tcc805x-freertos-debug/obj/gic_test.o
                0x000000000820ab1c                GIC_Test_SmInt
                0x000000000820ace0                GIC_Test_Sgi
 .text          0x000000000820ae5c     0x21b8 /home/vboxuser/Desktop/topst/cr5-bsp/sources/build/tcc805x/gcc/tcc805x-freertos-debug/obj/gpio_test.o
                0x000000000820cfc0                GPIO_StartGpioTest
 .text          0x000000000820d014     0x2590 /home/vboxuser/Desktop/topst/cr5-bsp/sources/build/tcc805x/gcc/tcc805x-freertos-debug/obj/gpsb_test.o
                0x000000000820eff0                GPSB_Test
 .text          0x000000000820f5a4     0x33b0 /home/vboxuser/Desktop/topst/cr5-bsp/sources/build/tcc805x/gcc/tcc805x-freertos-debug/obj/hsm_test.o
                0x0000000008212730                HSM_Test
 .text          0x0000000008212954      0xae0 /home/vboxuser/Desktop/topst/cr5-bsp/sources/build/tcc805x/gcc/tcc805x-freertos-debug/obj/i2c_test.o
                0x0000000008213388                I2C_TestMain
 .text          0x0000000008213434      0x2bc /home/vboxuser/Desktop/topst/cr5-bsp/sources/build/tcc805x/gcc/tcc805x-freertos-debug/obj/ictc_test.o
                0x00000000082136b0                ICTC_SelectTestCase
 .text          0x00000000082136f0      0x354 /home/vboxuser/Desktop/topst/cr5-bsp/sources/build/tcc805x/gcc/tcc805x-freertos-debug/obj/lin_test.o
                0x00000000082136f0                LIN_TestUsage
                0x000000000821373c                LIN_SampleTest
 .text          0x0000000008213a44      0x48c /home/vboxuser/Desktop/topst/cr5-bsp/sources/build/tcc805x/gcc/tcc805x-freertos-debug/obj/pdm_test.o
                0x0000000008213e70                PDM_SelectTestCase
 .text          0x0000000008213ed0      0x66c /home/vboxuser/Desktop/topst/cr5-bsp/sources/build/tcc805x/gcc/tcc805x-freertos-debug/obj/pmio_test.o
                0x0000000008214228                PMIO_TEST_GetByAddress
                0x0000000008214298                PMIO_TEST_GetByName
                0x0000000008214334                PMIO_TEST_SetByAddress
                0x00000000082143ec                PMIO_TEST_SetByName
                0x00000000082144dc                PMIO_TEST_PrintStatus
                0x00000000082144fc                PMIO_TEST_Run
 .text          0x000000000821453c     0x13c4 /home/vboxuser/Desktop/topst/cr5-bsp/sources/build/tcc805x/gcc/tcc805x-freertos-debug/obj/timer_test.o
                0x0000000008215744                delay_us3
                0x0000000008215794                timer_on
                0x00000000082157f8                TIMER_StartTimerTest
 .text          0x0000000008215900      0xac0 /home/vboxuser/Desktop/topst/cr5-bsp/sources/build/tcc805x/gcc/tcc805x-freertos-debug/obj/wdt_test.o
                0x0000000008216278                WDT_StartTest
 .text          0x00000000082163c0      0x534 /home/vboxuser/Desktop/topst/cr5-bsp/sources/build/tcc805x/gcc/tcc805x-freertos-debug/obj/pwm_test.o
                0x00000000082163c0                PWM_TestSleepForSec
                0x0000000008216428                PWM_TestSetGpio
                0x0000000008216444                PWM_TestMotorGpio
                0x0000000008216490                PWM_TestSwitchGpio
                0x00000000082164c4                PWM_TestLED
                0x0000000008216648                PWM_SwitchCtrl
                0x0000000008216898                PWM_SelectTestCase
 .text          0x00000000082168f4      0x66c /home/vboxuser/Desktop/topst/cr5-bsp/sources/build/tcc805x/gcc/tcc805x-freertos-debug/obj/Motor_System.o
                0x00000000082168f4                calculate_distance
                0x0000000008216968                ultrasonic_read_distance
                0x0000000008216a6c                UltraSonic_main
                0x0000000008216bd8                Uart_PWM
                0x0000000008216e74                Create_Motor_System_Task
 .text          0x0000000008216f60      0x21c /home/vboxuser/Desktop/topst/cr5-bsp/sources/build/tcc805x/gcc/tcc805x-freertos-debug/obj/mptool.o
                0x0000000008216f60                MPTool_CreateApp
 .text          0x000000000821717c     0x1d6c /home/vboxuser/Desktop/topst/cr5-bsp/sources/build/tcc805x/gcc/tcc805x-freertos-debug/obj/ipc_os.o
                0x000000000821717c                IPC_GetUsec
                0x0000000008217198                IPC_GetMsec
                0x00000000082171e8                IPC_Mdelay
                0x0000000008217234                IPC_Udelay
                0x0000000008217364                IPC_CommonLock
                0x00000000082173ec                IPC_CommonUnlock
                0x0000000008217b44                IPC_MboxLock
                0x0000000008217bcc                IPC_MboxUnlock
                0x0000000008217c4c                IPC_WriteLock
                0x0000000008217cd4                IPC_WriteUnlock
                0x0000000008217d54                IPC_ReadLock
                0x0000000008217ddc                IPC_ReadUnlock
                0x0000000008217e5c                IPC_RbufferLock
                0x0000000008217ee4                IPC_RbufferUnlock
                0x0000000008217f64                IPC_WbufferLock
                0x0000000008217fec                IPC_WbufferUnlock
                0x000000000821824c                IPC_CmdWaitEventTimeOut
                0x00000000082183e8                IPC_CmdWakePreSet
                0x000000000821854c                IPC_CmdWakeUp
                0x000000000821884c                IPC_ReadWaitEventTimeOut
                0x0000000008218934                IPC_ReadClearEvent
                0x00000000082189bc                IPC_ReadWakeUp
                0x0000000008218bcc                IPC_BufferOverFlowWaitEventTimeOut
                0x0000000008218d24                IPC_BufferOverFlowWakeUp
                0x0000000008218db0                IPC_RequestIrq
                0x0000000008218df8                IPC_FreeIrq
                0x0000000008218e20                IPC_OsResourceInit
                0x0000000008218e7c                IPC_OsResourceRelease
 .text          0x0000000008218ee8      0xfa8 /home/vboxuser/Desktop/topst/cr5-bsp/sources/build/tcc805x/gcc/tcc805x-freertos-debug/obj/ipc_buffer.o
                0x0000000008218ee8                IPC_BufferInit
                0x0000000008218f40                IPC_PushOneByte
                0x0000000008219054                IPC_PushOneByteOverWrite
                0x00000000082191c0                IPC_PopOneByte
                0x00000000082192dc                IPC_BufferFlush
                0x0000000008219368                IPC_BufferFlushByte
                0x00000000082194cc                IPC_BufferDataAvailable
                0x00000000082195b8                IPC_BufferFreeSpace
                0x00000000082196ac                IPC_BufferSetHead
                0x0000000008219730                IPC_BufferSetTail
                0x00000000082197b4                IPC_BufferGetHead
                0x00000000082197f0                IPC_BufferGetTail
                0x000000000821982c                IPC_PushBuffer
                0x0000000008219a68                IPC_PushBufferOverWrite
                0x0000000008219c88                IPC_PopBuffer
 .text          0x0000000008219e90      0x96c /home/vboxuser/Desktop/topst/cr5-bsp/sources/build/tcc805x/gcc/tcc805x-freertos-debug/obj/ipc_cmd.o
                0x0000000008219f24                IPC_SendOpen
                0x000000000821a0bc                IPC_SendClose
                0x000000000821a200                IPC_SendWrite
                0x000000000821a4dc                IPC_SendPing
                0x000000000821a678                IPC_SendAck
 .text          0x000000000821a7fc     0x1cec /home/vboxuser/Desktop/topst/cr5-bsp/sources/build/tcc805x/gcc/tcc805x-freertos-debug/obj/ipc_ctl.o
                0x000000000821a8ec                IPC_Write
                0x000000000821b044                IPC_Read
                0x000000000821b1c8                IPC_PingTest
                0x000000000821b2f0                IPC_Flush
                0x000000000821b35c                IPC_StructInit
                0x000000000821b460                IPC_GetStatus
                0x000000000821c308                IPC_Initialize
                0x000000000821c498                IPC_Release
 .text          0x000000000821c4e8      0x680 /home/vboxuser/Desktop/topst/cr5-bsp/sources/build/tcc805x/gcc/tcc805x-freertos-debug/obj/ipc_parser.o
                0x000000000821c9f0                IPC_CreateIPCParserTask
 .text          0x000000000821cb68     0x1024 /home/vboxuser/Desktop/topst/cr5-bsp/sources/build/tcc805x/gcc/tcc805x-freertos-debug/obj/ipc_api.o
                0x000000000821cb68                IPC_Open
                0x000000000821cde4                IPC_Close
                0x000000000821cfec                IPC_CalcCrc16
                0x000000000821d0b0                IPC_Ioctl
                0x000000000821d904                IPC_SendPacketWithIPCHeader
 .text          0x000000000821db8c      0x1d4 /home/vboxuser/Desktop/topst/cr5-bsp/sources/build/tcc805x/gcc/tcc805x-freertos-debug/obj/ipc.o
                0x000000000821db8c                IPC_Create
                0x000000000821dba0                IPC_RegisterCbFunc
                0x000000000821dca8                IPC_SendPacket
                0x000000000821dd18                IPC_IsReady
 .text          0x000000000821dd60      0xe1c /home/vboxuser/Desktop/topst/cr5-bsp/sources/build/tcc805x/gcc/tcc805x-freertos-debug/obj/lin.o
                0x000000000821e3f0                LIN_Init
                0x000000000821e60c                LIN_SendData
                0x000000000821e754                LIN_ReadData
                0x000000000821eae4                LIN_TransceiverWakeup
 .text          0x000000000821eb7c      0xc84 /home/vboxuser/Desktop/topst/cr5-bsp/sources/build/tcc805x/gcc/tcc805x-freertos-debug/obj/sdm.o
                0x000000000821ed48                SDM_ReadReg
                0x000000000821f16c                SDM_WriteReg
                0x000000000821f6b0                SDM_Init
 .text          0x000000000821f800     0x2d00 /home/vboxuser/Desktop/topst/cr5-bsp/sources/build/tcc805x/gcc/tcc805x-freertos-debug/obj/hsm_manager.o
                0x000000000821f800                HSM_Init
                0x000000000821f8d4                HSM_VerifyFw
                0x000000000821fa34                HSM_SetKey
                0x000000000821fc40                HSM_RunAes
                0x00000000082201e0                HSM_RunAesByKt
                0x000000000822070c                HSM_GenMac
                0x0000000008220b88                HSM_GenMacByKt
                0x0000000008220f90                HSM_GenHash
                0x00000000082212c8                HSM_RunEcdsa
                0x0000000008221718                HSM_RunRsa
                0x0000000008221c18                HSM_Write
                0x0000000008221e5c                HSM_GetRand
                0x00000000082220e0                HSM_BlockApSystem
                0x0000000008222268                HSM_GetVersion
 .text          0x0000000008222500      0x3fc /home/vboxuser/Desktop/topst/cr5-bsp/sources/build/tcc805x/gcc/tcc805x-freertos-debug/obj/adc.o
                0x000000000822269c                ADC_Init
                0x0000000008222790                ADC_Read
                0x0000000008222890                ADC_AutoScan
                0x00000000082228e0                ADC_DeInit
 .text          0x00000000082228fc      0xbb0 /home/vboxuser/Desktop/topst/cr5-bsp/sources/build/tcc805x/gcc/tcc805x-freertos-debug/obj/can.o
                0x00000000082228fc                CAN_Init
                0x0000000008222a94                CAN_Deinit
                0x0000000008222bc0                CAN_InitMessage
                0x0000000008222c48                CAN_CheckNewRxMessage
                0x0000000008222c90                CAN_GetNewRxMessage
                0x0000000008222d84                CAN_SendMessage
                0x0000000008222e88                CAN_RequestTxMessageCancellation
                0x0000000008222f48                CAN_CheckNewTxEvent
                0x0000000008222f90                CAN_GetNewTxEvent
                0x0000000008222ff0                CAN_SetControllerMode
                0x000000000822323c                CAN_GetControllerMode
                0x00000000082232c0                CAN_GetProtocolStatus
                0x0000000008223340                CAN_GetControllerInfo
                0x00000000082233b0                CAN_RegisterCallbackFunctionTx
                0x0000000008223404                CAN_RegisterCallbackFunctionRx
                0x0000000008223458                CAN_RegisterCallbackFunctionError
 .text          0x00000000082234ac     0x2ef8 /home/vboxuser/Desktop/topst/cr5-bsp/sources/build/tcc805x/gcc/tcc805x-freertos-debug/obj/can_drv.o
                0x00000000082234ac                CAN_DrvInitChannel
                0x0000000008223678                CAN_DrvDeinitChannel
                0x000000000822375c                CAN_DrvSetNormalOperationMode
                0x00000000082238e0                CAN_DrvSetMonitoringMode
                0x00000000082239c8                CAN_DrvSetInternalTestMode
                0x0000000008223ad8                CAN_DrvSetExternalTestMode
                0x0000000008223bd4                CAN_DrvSetWakeUpMode
                0x0000000008223cf4                CAN_DrvSetSleepMode
                0x000000000822561c                CAN_DrvGetProtocolStatus
                0x0000000008226258                CAN_DrvCallbackNotifyRxEvent
 .text          0x00000000082263a4     0x1ac0 /home/vboxuser/Desktop/topst/cr5-bsp/sources/build/tcc805x/gcc/tcc805x-freertos-debug/obj/can_msg.o
                0x00000000082263a4                CAN_MsgInit
                0x0000000008226d48                CAN_MsgPutRxMessage
                0x00000000082271a8                CAN_MsgGetCountOfRxMessage
                0x000000000822734c                CAN_MsgGetRxMessage
                0x00000000082278c0                CAN_MsgSetTxMessage
                0x0000000008227b74                CAN_MsgRequestTxMessageCancellation
                0x0000000008227c04                CAN_MsgGetCountOfTxEvent
                0x0000000008227c74                CAN_MsgGetTxEventMessage
 .text          0x0000000008227e64        0x0 /home/vboxuser/Desktop/topst/cr5-bsp/sources/build/tcc805x/gcc/tcc805x-freertos-debug/obj/can_par.o
 .text          0x0000000008227e64      0xc10 /home/vboxuser/Desktop/topst/cr5-bsp/sources/build/tcc805x/gcc/tcc805x-freertos-debug/obj/can_porting.o
                0x0000000008227e64                CAN_PortingDelay
                0x0000000008227ec8                CAN_PortingInitHW
                0x0000000008227fc4                CAN_PortingSetControllerClock
                0x0000000008228098                CAN_PortingResetDriver
                0x000000000822821c                CAN_PortingSetInterruptHandler
                0x0000000008228294                CAN_PortingDisableControllerInterrupts
                0x00000000082282e8                CAN_PortingEnableControllerInterrupts
                0x000000000822833c                CAN_PortingGetSizeofStandardIDFilterList
                0x0000000008228380                CAN_PortingGetSizeofExtendedIDFilterList
                0x00000000082283c4                CAN_PortingGetSizeofRxFIFO0
                0x0000000008228408                CAN_PortingGetSizeofRxFIFO1
                0x000000000822844c                CAN_PortingGetSizeofRxBuffer
                0x0000000008228490                CAN_PortingGetSizeofTxEventBuffer
                0x00000000082284d4                CAN_PortingGetSizeofTxBuffer
                0x0000000008228518                CAN_PortingGetBitRateSwitchEnable
                0x000000000822855c                CAN_PortingGetFDEnable
                0x00000000082285a0                CAN_PortingGetStandardIDFilterEnable
                0x00000000082285e4                CAN_PortingGetExtendedIDFilterEnable
                0x0000000008228628                CAN_PortingGetStandardIDRemoteRejectEnable
                0x000000000822866c                CAN_PortingGetExtendedIDRemoteRejectEnable
                0x00000000082286b0                CAN_PortingGetTxEventFIFOEnable
                0x00000000082286f4                CAN_PortingGetWatchDogEnable
                0x0000000008228738                CAN_PortingGetTimeOutEnable
                0x000000000822877c                CAN_PortingGetTimeStampEnable
                0x00000000082287c0                CAN_PortingAllocateNonCacheMemory
                0x0000000008228848                CAN_PortingDeallocateNonCacheMemory
                0x0000000008228888                CAN_PortingGetControllerRegister
                0x00000000082288d4                CAN_PortingGetConfigBaseAddr
                0x0000000008228900                CAN_PortingGetMessageRamBaseAddr
                0x0000000008228954                CAN_PortingGetConfigEXTS0Addr
                0x000000000822899c                CAN_PortingGetConfigEXTS1Addr
                0x00000000082289e4                CAN_PortingGetConfigWritePasswordAddr
                0x0000000008228a2c                CAN_PortingGetConfigWriteLockAddr
 *fill*         0x0000000008228a74        0x4 
 .text          0x0000000008228a78     0x226c /home/vboxuser/Desktop/topst/cr5-bsp/sources/build/tcc805x/gcc/tcc805x-freertos-debug/obj/clock_dev.o
                0x0000000008229ba4                CLOCK_Init
                0x0000000008229c78                CLOCK_SetPllDiv
                0x0000000008229dc0                CLOCK_GetPllRate
                0x0000000008229e38                CLOCK_SetPllRate
                0x000000000822a3fc                CLOCK_SetClkCtrlRate
                0x000000000822a49c                CLOCK_GetClkCtrlRate
                0x000000000822a5f0                CLOCK_IsPeriEnabled
                0x000000000822a658                CLOCK_EnablePeri
                0x000000000822a6b8                CLOCK_DisablePeri
                0x000000000822a718                CLOCK_GetPeriRate
                0x000000000822a894                CLOCK_SetPeriRate
                0x000000000822a9b0                CLOCK_IsIobusPwdn
                0x000000000822aa64                CLOCK_EnableIobus
                0x000000000822ab04                CLOCK_SetIobusPwdn
                0x000000000822abf4                CLOCK_SetSwReset
 .text          0x000000000822ace4      0xba8 /home/vboxuser/Desktop/topst/cr5-bsp/sources/build/tcc805x/gcc/tcc805x-freertos-debug/obj/debug.o
                0x000000000822ace4                DBG_Putc
                0x000000000822b144                DBG_Printfi
                0x000000000822b860                DBG_SerialPrintf
 .text          0x000000000822b88c       0xd8 /home/vboxuser/Desktop/topst/cr5-bsp/sources/build/tcc805x/gcc/tcc805x-freertos-debug/obj/bsp.o
                0x000000000822b88c                BSP_PreInit
                0x000000000822b8a8                BSP_Init
                0x000000000822b8fc                BSP_UndefAbortExceptionHook
                0x000000000822b924                BSP_SystemHalt
 .text          0x000000000822b964     0x18a4 /home/vboxuser/Desktop/topst/cr5-bsp/sources/build/tcc805x/gcc/tcc805x-freertos-debug/obj/fmu.o
                0x000000000822cc84                FMU_Init
                0x000000000822cd0c                FMU_IsrHandler
                0x000000000822ce38                FMU_Set
                0x000000000822d158                FMU_IsrClr
                0x000000000822d1d4                FMU_Deinit
 .text          0x000000000822d208      0xc3c /home/vboxuser/Desktop/topst/cr5-bsp/sources/build/tcc805x/gcc/tcc805x-freertos-debug/obj/gdma.o
                0x000000000822d984                GDMA_TransferFunctionForM2M
                0x000000000822dcb8                GDMA_Initialize
 .text          0x000000000822de44      0xe1c /home/vboxuser/Desktop/topst/cr5-bsp/sources/build/tcc805x/gcc/tcc805x-freertos-debug/obj/gic.o
                0x000000000822e094                GIC_Init
                0x000000000822e180                GIC_IntSrcEn
                0x000000000822e2a0                GIC_IntSrcDis
                0x000000000822e398                GIC_IntPrioSet
                0x000000000822e430                GIC_IntVectSet
                0x000000000822e654                GIC_IntHandlerWithParam
                0x000000000822e73c                GIC_IntHandler
                0x000000000822e828                GIC_IntExtSet
                0x000000000822e96c                GIC_IntSGI
                0x000000000822ea08                GIC_SmIrqEn
                0x000000000822eb34                GIC_SmIrqSetHigh
 .text          0x000000000822ec60     0x1224 /home/vboxuser/Desktop/topst/cr5-bsp/sources/build/tcc805x/gcc/tcc805x-freertos-debug/obj/gpio.o
                0x000000000822f1b4                GPIO_Config
                0x000000000822faf0                GPIO_Get
                0x000000000822fb68                GPIO_Set
                0x000000000822fc30                GPIO_ToNum
 .text          0x000000000822fe84     0x4d00 /home/vboxuser/Desktop/topst/cr5-bsp/sources/build/tcc805x/gcc/tcc805x-freertos-debug/obj/i2c.o
                0x000000000823023c                I2C_ScanSlave
                0x0000000008231ab8                I2C_Xfer
                0x0000000008231d7c                I2C_XferCmd
                0x0000000008232004                I2C_GetMachineState
                0x0000000008234358                I2C_Open
                0x00000000082347a0                I2C_Close
                0x0000000008234acc                I2C_Init
                0x0000000008234b5c                I2C_Deinit
 .text          0x0000000008234b84        0x0 /home/vboxuser/Desktop/topst/cr5-bsp/sources/build/tcc805x/gcc/tcc805x-freertos-debug/obj/i2c_reg.o
 .text          0x0000000008234b84     0x153c /home/vboxuser/Desktop/topst/cr5-bsp/sources/build/tcc805x/gcc/tcc805x-freertos-debug/obj/ictc.o
                0x0000000008234b84                ICTC_Init
                0x0000000008234cfc                ICTC_Deinit
                0x0000000008234d7c                ICTC_GetPrevPeriodCnt
                0x0000000008234ea4                ICTC_GetPreDutyCnt
                0x0000000008234fcc                ICTC_GetCurEdgeCnt
                0x00000000082350f4                ICTC_GetPrvEdgeCnt
                0x000000000823521c                ICTC_GetREdgeTstmpCnt
                0x0000000008235450                ICTC_GetFEdgeTstmpCnt
                0x0000000008235748                ICTC_EnableCapture
                0x00000000082357f0                ICTC_DisableCapture
                0x00000000082358a0                ICTC_SetOpEnCtrlCounter
                0x0000000008235914                ICTC_SetOpModeCtrlReg
                0x0000000008235c34                ICTC_SetIRQCtrlReg
                0x0000000008235dc4                ICTC_SetCallBackFunc
                0x0000000008235e28                ICTC_SetTimeoutValue
                0x0000000008235ea8                ICTC_SetEdgeMatchingValue
                0x0000000008235fe0                ICTC_SetCompareRoundValue
 .text          0x00000000082360c0     0x10d4 /home/vboxuser/Desktop/topst/cr5-bsp/sources/build/tcc805x/gcc/tcc805x-freertos-debug/obj/mbox_phy.o
                0x00000000082360c0                MBOX_PhyReady
                0x0000000008236334                MBOX_PhyBitSetCtrl
                0x00000000082363b8                MBOX_PhyBitClearCtrl
                0x0000000008236410                MBOX_PhyIsIlevelSet
                0x0000000008236460                MBOX_PhyIsIenSet
                0x00000000082364b4                MBOX_PhyIsOenSet
                0x0000000008236508                MBOX_PhyIsFlushedCmd
                0x000000000823655c                MBOX_PhyIsFlushedData
                0x00000000082365b0                MBOX_PhyCountScmd
                0x0000000008236604                MBOX_PhyFullScmd
                0x0000000008236658                MBOX_PhyEmptyScmd
                0x00000000082366ac                MBOX_PhyCountMcmd
                0x0000000008236700                MBOX_PhyFullMcmd
                0x0000000008236754                MBOX_PhyEmptyMcmd
                0x00000000082367a4                MBOX_PhyEmptyMdata
                0x00000000082367f8                MBOX_PhyFullMdata
                0x000000000823684c                MBOX_PhyCountMdata
                0x0000000008236898                MBOX_PhyEmptySdata
                0x00000000082368ec                MBOX_PhyFullSdata
                0x0000000008236940                MBOX_PhyCountSdata
                0x000000000823698c                MBOX_PhyWriteCmd
                0x0000000008236b48                MBOX_PhyReadCmd
                0x0000000008236dcc                MBOX_PhyWriteData
                0x0000000008236eb4                MBOX_PhyReadData
                0x0000000008236fbc                MBOX_PhySetOwnTmnSts
                0x0000000008237070                MBOX_PhyGetOwnTmnSts
                0x0000000008237100                MBOX_PhyGetOppTmnSts
 .text          0x0000000008237194     0x424c /home/vboxuser/Desktop/topst/cr5-bsp/sources/build/tcc805x/gcc/tcc805x-freertos-debug/obj/mbox_dev.o
                0x0000000008237194                MBOX_DevInit
                0x000000000823761c                MBOX_DevOpen
                0x0000000008237d1c                MBOX_DevSend
                0x0000000008238230                MBOX_DevSendSss
                0x0000000008238738                MBOX_DevSendCmd
                0x0000000008238b8c                MBOX_DevSendData
                0x000000000823909c                MBOX_DevRecv
                0x0000000008239214                MBOX_DevRecvSss
                0x000000000823938c                MBOX_DevRecvCmd
                0x00000000082393c0                MBOX_DevRecvData
                0x000000000823a3f4                MBOX_DevIoctl
 .text          0x000000000823b3e0      0xcc8 /home/vboxuser/Desktop/topst/cr5-bsp/sources/build/tcc805x/gcc/tcc805x-freertos-debug/obj/mbox.o
                0x000000000823be00                MBOX_Init
 .text          0x000000000823c0a8      0x268 /home/vboxuser/Desktop/topst/cr5-bsp/sources/build/tcc805x/gcc/tcc805x-freertos-debug/obj/mpu.o
                0x000000000823c134                MPU_Init
                0x000000000823c1c4                MPU_GetDMABaseAddress
                0x000000000823c1f0                MPU_SetRegion
                0x000000000823c294                MPU_Enable
                0x000000000823c2c8                MPU_Disable
 .text          0x000000000823c310     0x3f08 /home/vboxuser/Desktop/topst/cr5-bsp/sources/build/tcc805x/gcc/tcc805x-freertos-debug/obj/pdm.o
                0x000000000823d5f8                PDM_EnableClock
                0x000000000823d778                PDM_DisableClock
                0x000000000823d7a0                PDM_Init
                0x000000000823de84                PDM_Deinit
                0x000000000823f524                PDM_GetChannelStatus
                0x000000000823faf4                PDM_Enable
                0x000000000823fca4                PDM_Disable
                0x000000000823fdd0                PDM_SetConfig
 .text          0x0000000008240218     0x2914 /home/vboxuser/Desktop/topst/cr5-bsp/sources/build/tcc805x/gcc/tcc805x-freertos-debug/obj/pmio_dev.o
                0x0000000008240c98                PMIO_ForceSTRModeTest
                0x0000000008240cc0                PMIO_EarlyWakeUp
                0x0000000008240d74                PMIO_PowerDown
                0x0000000008240fd8                PMIO_DebugPrintPowerStatus
                0x0000000008241200                PMIO_Init
                0x00000000082412b4                PMIO_ClearBackupRAM
                0x000000000824130c                PMIO_GetBackupRam
                0x0000000008241348                PMIO_SetBackupRam
                0x00000000082413c8                PMIO_GetBootReason
                0x00000000082414d4                PMIO_GetWdtReset
                0x0000000008241550                PMIO_SetGPK
                0x0000000008242b14                PMIO_APBootOk
 .text          0x0000000008242b2c     0x7490 /home/vboxuser/Desktop/topst/cr5-bsp/sources/build/tcc805x/gcc/tcc805x-freertos-debug/obj/gpsb.o
                0x0000000008242ba8                GPSB_BitClear
                0x0000000008242bf8                GPSB_BitSet
                0x0000000008242c58                GPSB_BitCSet
                0x0000000008242cbc                GPSB_BitSClear
                0x00000000082434ac                GPSB_Reset
                0x0000000008244028                GPSB_SetSpeed
                0x0000000008244220                GPSB_SetBpw
                0x0000000008244410                GPSB_SetBpwNoSwap
                0x00000000082445d0                GPSB_SetMode
                0x0000000008244a0c                GPSB_CsAlloc
                0x0000000008244b8c                GPSB_CsInit
                0x0000000008244c80                GPSB_CsActivate
                0x0000000008244d20                GPSB_CsDeactivate
                0x0000000008245fe0                GPSB_Xfer
                0x00000000082464e0                GPSB_XferAbort
                0x0000000008246824                GPSB_Open
                0x0000000008247038                GPSB_Close
                0x0000000008248588                GPSB_SetSdmExtPort
                0x00000000082486c4                GPSB_SetRvcExtPort
                0x00000000082487e4                GPSB_SetSdmChannel
                0x0000000008248a08                GPSB_SetRvcChannel
                0x0000000008248c38                GPSB_SetLbCfg
                0x0000000008248d8c                GPSB_ClearLbCfg
                0x000000000824942c                GPSB_Init
                0x0000000008249624                GPSB_Deinit
                0x0000000008249694                GPSB_SafetyEnableLock
                0x000000000824978c                GPSB_SafetyDisableLock
                0x0000000008249884                GPSB_SafetyEnableLoopback
                0x00000000082499e0                GPSB_SafetyDisableLoopback
                0x0000000008249aec                GPSB_SafetyEnableMonitor
                0x0000000008249d18                GPSB_SafetyDisableMonitor
                0x0000000008249de8                GPSB_SafetyGetStatus
 .text          0x0000000008249fbc        0x0 /home/vboxuser/Desktop/topst/cr5-bsp/sources/build/tcc805x/gcc/tcc805x-freertos-debug/obj/gpsb_reg.o
 .text          0x0000000008249fbc     0x10c0 /home/vboxuser/Desktop/topst/cr5-bsp/sources/build/tcc805x/gcc/tcc805x-freertos-debug/obj/timer.o
                0x0000000008249fbc                TIMER_GetCurrentMainCounter1
                0x0000000008249fe0                TIMER_GetCurrentMainCounter
                0x000000000824a01c                delay_us2
                0x000000000824a39c                TIMER_InterruptClear
                0x000000000824a414                TIMER_Enable
                0x000000000824a460                TIMER_EnableWithMode
                0x000000000824a4e8                TIMER_EnableWithCfg
                0x000000000824ac98                TIMER_Disable
                0x000000000824ae58                TIMER_Init
 .text          0x000000000824b07c     0x3bec /home/vboxuser/Desktop/topst/cr5-bsp/sources/build/tcc805x/gcc/tcc805x-freertos-debug/obj/uart.o
                0x000000000824de34                UART_Open
                0x000000000824dfd0                UART_Close
                0x000000000824e1a4                UART_Read
                0x000000000824e334                UART_Write
                0x000000000824e4a0                UART_GetData
                0x000000000824e654                UART_GetChar
                0x000000000824e7c8                UART_PutChar
                0x000000000824e8cc                UART_SetLineControlReg
                0x000000000824e954                UART_SetInterruptClearReg
                0x000000000824e98c                UART_SetErrorClearReg
                0x000000000824e9c4                UART_GetReceiveStatusReg
                0x000000000824e9fc                UART_GetRawInterruptStatusReg
                0x000000000824ea34                UART_Init
                0x000000000824eaec                UART_ISR
 .text          0x000000000824ec68     0x1238 /home/vboxuser/Desktop/topst/cr5-bsp/sources/build/tcc805x/gcc/tcc805x-freertos-debug/obj/udma.o
                0x000000000824ec68                UDMA_InterruptEnable
                0x000000000824ed64                UDMA_InterruptDisable
                0x000000000824ee60                UDMA_SetAddrIncrement
                0x000000000824ef58                UDMA_SetTransferWidth
                0x000000000824f050                UDMA_SetBurstSize
                0x000000000824f148                UDMA_SetTransferSize
                0x000000000824f220                UDMA_SetFlowControl
                0x000000000824f2f8                UDMA_Reset
                0x000000000824f378                UDMA_SetPeri
                0x000000000824f42c                UDMA_GetTransferSize
                0x000000000824f750                UDMA_ChannelEnable
                0x000000000824f818                UDMA_ChannelDisable
                0x000000000824f8e0                UDMA_SetSrcAddr
                0x000000000824f988                UDMA_SetDestAddr
                0x000000000824fa30                UDMA_SetlliAddr
                0x000000000824fad8                UDMA_GetDestAddr
                0x000000000824fb88                UDMA_TransferMem2Mem
                0x000000000824fc70                UDMA_Init
 .text          0x000000000824fea0      0x69c /home/vboxuser/Desktop/topst/cr5-bsp/sources/build/tcc805x/gcc/tcc805x-freertos-debug/obj/wdt.o
                0x0000000008250154                WDT_KickPing
                0x0000000008250174                WDT_ResetSystem
                0x00000000082501f8                WDT_Stop
                0x000000000825027c                WDT_SmMode
                0x0000000008250430                WDT_Init
 .text          0x000000000825053c      0x530 /home/vboxuser/Desktop/topst/cr5-bsp/sources/build/tcc805x/gcc/tcc805x-freertos-debug/obj/dse.o
                0x000000000825053c                DSE_WriteLock
                0x0000000008250870                DSE_Deinit
                0x00000000082508cc                DSE_Init
                0x0000000008250a3c                DSE_GetGrpSts
 .text          0x0000000008250a6c      0xc5c /home/vboxuser/Desktop/topst/cr5-bsp/sources/build/tcc805x/gcc/tcc805x-freertos-debug/obj/midf.o
                0x0000000008250a6c                MIDF_FilterInitialize
                0x0000000008250d08                MIDF_RegisterFilterRegion
                0x000000000825104c                MIDF_UnregisterFilterRegion
                0x0000000008251438                MIDF_RegisterWriteLockSafetyMechanism
                0x0000000008251534                MIDF_ConfigSoftFaultCheckSafetyMechanism
 .text          0x00000000082516c8      0xa08 /home/vboxuser/Desktop/topst/cr5-bsp/sources/build/tcc805x/gcc/tcc805x-freertos-debug/obj/pmu_reset.o
                0x00000000082516c8                PMU_ResetPreCfg
                0x000000000825184c                PMU_ResetSDMRstMskCfg
                0x0000000008251994                PMU_ResetTRVCRstMskCfg
                0x0000000008251ae8                PMU_ResetColdReset
                0x0000000008251b10                PMU_ResetAPSystemReboot
                0x0000000008251fb0                PMU_ResetSCWDTInit
 .text          0x00000000082520d0     0x3668 /home/vboxuser/Desktop/topst/cr5-bsp/sources/build/tcc805x/gcc/tcc805x-freertos-debug/obj/tasks.o
                0x00000000082520d0                xTaskCreateStatic
                0x00000000082521b8                xTaskCreate
                0x0000000008252614                vTaskDelete
                0x0000000008252768                vTaskDelayUntil
                0x00000000082528a8                vTaskDelay
                0x0000000008252918                eTaskGetState
                0x0000000008252a64                uxTaskPriorityGet
                0x0000000008252abc                uxTaskPriorityGetFromISR
                0x0000000008252b20                vTaskPrioritySet
                0x0000000008252d38                vTaskSuspend
                0x0000000008252f18                vTaskResume
                0x0000000008253028                xTaskResumeFromISR
                0x0000000008253160                vTaskStartScheduler
                0x000000000825327c                vTaskEndScheduler
                0x00000000082532a4                vTaskSuspendAll
                0x00000000082532dc                xTaskResumeAll
                0x00000000082534e4                xTaskGetTickCount
                0x0000000008253518                xTaskGetTickCountFromISR
                0x0000000008253558                uxTaskGetNumberOfTasks
                0x000000000825357c                pcTaskGetName
                0x0000000008253788                xTaskGetHandle
                0x00000000082538bc                xTaskCatchUpTicks
                0x0000000008253928                xTaskAbortDelay
                0x0000000008253a6c                xTaskIncrementTick
                0x0000000008253d14                vTaskSwitchContext
                0x0000000008253ef0                vTaskPlaceOnEventList
                0x0000000008253f48                vTaskPlaceOnUnorderedEventList
                0x0000000008253fd4                vTaskPlaceOnEventListRestricted
                0x0000000008254044                xTaskRemoveFromEventList
                0x0000000008254180                vTaskRemoveFromUnorderedEventList
                0x0000000008254294                vTaskSetTimeOutState
                0x00000000082542f0                vTaskInternalSetTimeOutState
                0x0000000008254338                xTaskCheckForTimeOut
                0x000000000825448c                vTaskMissedYield
                0x0000000008254734                xTaskGetCurrentTaskHandle
                0x0000000008254764                xTaskGetSchedulerState
                0x00000000082547cc                xTaskPriorityInherit
                0x0000000008254968                xTaskPriorityDisinherit
                0x0000000008254ab4                vTaskPriorityDisinheritAfterTimeout
                0x0000000008254c54                uxTaskResetEventItemValue
                0x0000000008254cac                pvTaskIncrementMutexHeldCount
                0x0000000008254cfc                ulTaskNotifyTake
                0x0000000008254de8                xTaskNotifyWait
                0x0000000008254f18                xTaskGenericNotify
                0x0000000008255110                xTaskGenericNotifyFromISR
                0x0000000008255368                vTaskNotifyGiveFromISR
                0x00000000082554f0                xTaskNotifyStateClear
                0x0000000008255570                ulTaskNotifyValueClear
 .text          0x0000000008255738      0x294 /home/vboxuser/Desktop/topst/cr5-bsp/sources/build/tcc805x/gcc/tcc805x-freertos-debug/obj/list.o
                0x0000000008255738                vListInitialise
                0x00000000082557a0                vListInitialiseItem
                0x00000000082557cc                vListInsertEnd
                0x0000000008255854                vListInsert
                0x000000000825592c                uxListRemove
 .text          0x00000000082559cc     0x2278 /home/vboxuser/Desktop/topst/cr5-bsp/sources/build/tcc805x/gcc/tcc805x-freertos-debug/obj/queue.o
                0x00000000082559cc                xQueueGenericReset
                0x0000000008255af8                xQueueGenericCreateStatic
                0x0000000008255c00                xQueueGenericCreate
                0x0000000008255d8c                xQueueCreateMutex
                0x0000000008255de0                xQueueCreateMutexStatic
                0x0000000008255e40                xQueueGetMutexHolder
                0x0000000008255e98                xQueueGetMutexHolderFromISR
                0x0000000008255ef4                xQueueGiveMutexRecursive
                0x0000000008255f90                xQueueTakeMutexRecursive
                0x0000000008256034                xQueueCreateCountingSemaphoreStatic
                0x00000000082560b8                xQueueCreateCountingSemaphore
                0x000000000825612c                xQueueGenericSend
                0x0000000008256400                xQueueGenericSendFromISR
                0x00000000082565e4                xQueueGiveFromISR
                0x000000000825677c                xQueueReceive
                0x00000000082569c4                xQueueSemaphoreTake
                0x0000000008256c74                xQueuePeek
                0x0000000008256ec4                xQueueReceiveFromISR
                0x000000000825700c                xQueuePeekFromISR
                0x00000000082570ec                uxQueueMessagesWaiting
                0x0000000008257130                uxQueueSpacesAvailable
                0x0000000008257188                uxQueueMessagesWaitingFromISR
                0x00000000082571d0                vQueueDelete
                0x0000000008257624                xQueueIsQueueEmptyFromISR
                0x00000000082576d8                xQueueIsQueueFullFromISR
                0x0000000008257740                vQueueAddToRegistry
                0x00000000082577d4                pcQueueGetName
                0x0000000008257860                vQueueUnregisterQueue
                0x00000000082578fc                vQueueWaitForMessageRestricted
                0x00000000082579a0                xQueueCreateSet
                0x00000000082579d4                xQueueAddToSet
                0x0000000008257a4c                xQueueRemoveFromSet
                0x0000000008257ad0                xQueueSelectFromSet
                0x0000000008257b10                xQueueSelectFromSetFromISR
 .text          0x0000000008257c44      0x8e4 /home/vboxuser/Desktop/topst/cr5-bsp/sources/build/tcc805x/gcc/tcc805x-freertos-debug/obj/event_groups.o
                0x0000000008257c44                xEventGroupCreateStatic
                0x0000000008257cc8                xEventGroupCreate
                0x0000000008257d24                xEventGroupSync
                0x0000000008257f0c                xEventGroupWaitBits
                0x0000000008258144                xEventGroupClearBits
                0x00000000082581c4                xEventGroupGetBitsFromISR
                0x0000000008258208                xEventGroupSetBits
                0x00000000082583bc                vEventGroupDelete
                0x0000000008258450                vEventGroupSetBitsCallback
                0x000000000825847c                vEventGroupClearBitsCallback
 .text          0x0000000008258528      0xfe0 /home/vboxuser/Desktop/topst/cr5-bsp/sources/build/tcc805x/gcc/tcc805x-freertos-debug/obj/timers.o
                0x0000000008258528                xTimerCreateTimerTask
                0x00000000082585fc                xTimerCreate
                0x0000000008258670                xTimerCreateStatic
                0x00000000082587b8                xTimerGenericCommand
                0x00000000082588ac                xTimerGetTimerDaemonTaskHandle
                0x00000000082588e8                xTimerGetPeriod
                0x0000000008258928                vTimerSetReloadMode
                0x00000000082589a8                uxTimerGetReloadMode
                0x0000000008258a10                xTimerGetExpiryTime
                0x0000000008258a58                pcTimerGetName
                0x0000000008259318                xTimerIsTimerActive
                0x0000000008259380                pvTimerGetTimerID
                0x00000000082593cc                vTimerSetTimerID
                0x0000000008259418                xTimerPendFunctionCallFromISR
                0x0000000008259484                xTimerPendFunctionCall
 .text          0x0000000008259508     0x126c /home/vboxuser/Desktop/topst/cr5-bsp/sources/build/tcc805x/gcc/tcc805x-freertos-debug/obj/stream_buffer.o
                0x0000000008259508                xStreamBufferGenericCreate
                0x00000000082595e0                xStreamBufferGenericCreateStatic
                0x0000000008259704                vStreamBufferDelete
                0x0000000008259768                xStreamBufferReset
                0x0000000008259808                xStreamBufferSetTriggerLevel
                0x0000000008259890                xStreamBufferSpacesAvailable
                0x000000000825992c                xStreamBufferBytesAvailable
                0x0000000008259970                xStreamBufferSend
                0x0000000008259b58                xStreamBufferSendFromISR
                0x0000000008259d58                xStreamBufferReceive
                0x0000000008259efc                xStreamBufferNextMessageLengthBytes
                0x0000000008259fbc                xStreamBufferReceiveFromISR
                0x000000000825a18c                xStreamBufferIsEmpty
                0x000000000825a1fc                xStreamBufferIsFull
                0x000000000825a288                xStreamBufferSendCompletedFromISR
                0x000000000825a324                xStreamBufferReceiveCompletedFromISR
 .text          0x000000000825a774      0x8b8 /home/vboxuser/Desktop/topst/cr5-bsp/sources/build/tcc805x/gcc/tcc805x-freertos-debug/obj/port.o
                0x000000000825a774                pxPortInitialiseStack
                0x000000000825aa08                xPortStartScheduler
                0x000000000825ab4c                vPortEndScheduler
                0x000000000825ab7c                vPortEnterCritical
                0x000000000825abd8                vPortExitCritical
                0x000000000825ac64                FreeRTOS_Tick_Handler
                0x000000000825acf8                vPortTaskUsesFPU
                0x000000000825ad20                vPortClearInterruptMask
                0x000000000825ad7c                ulPortSetInterruptMask
                0x000000000825adf4                vPortValidateInterruptPriority
                0x000000000825ae28                vApplicationGetIdleTaskMemory
                0x000000000825ae7c                vInitialiseTimerForRunTimeStats
                0x000000000825ae94                vApplicationStackOverflowHook
                0x000000000825aeb8                vApplicationGetTimerTaskMemory
                0x000000000825af0c                vConfigureTickInterrupt
                0x000000000825af94                vClearTickInterrupt
                0x000000000825afac                vApplicationFPUSafeIRQHandler
                0x000000000825afd0                xPortGetInterruptNestingCount
                0x000000000825aff4                heap_init
 .text          0x000000000825b02c      0x8ec /home/vboxuser/Desktop/topst/cr5-bsp/sources/build/tcc805x/gcc/tcc805x-freertos-debug/obj/heap_5.o
                0x000000000825b02c                pvPortMalloc
                0x000000000825b284                vPortFree
                0x000000000825b3ac                xPortGetFreeHeapSize
                0x000000000825b3d0                xPortGetMinimumEverFreeHeapSize
                0x000000000825b54c                vPortDefineHeapRegions
                0x000000000825b7c4                vPortGetHeapStats
 .text          0x000000000825b918      0x32c /home/vboxuser/Desktop/topst/cr5-bsp/sources/build/tcc805x/gcc/tcc805x-freertos-debug/obj/sal_api.o
                0x000000000825b918                SAL_RegisterFunction
 .text          0x000000000825bc44     0x2714 /home/vboxuser/Desktop/topst/cr5-bsp/sources/build/tcc805x/gcc/tcc805x-freertos-debug/obj/sal_freertos_impl.o
                0x000000000825defc                SAL_Init
 .text          0x000000000825e358        0x0 /home/vboxuser/Desktop/topst/cr5-bsp/sources/build/tcc805x/gcc/tcc805x-freertos-debug/obj/vector.o
 .text          0x000000000825e358        0x4 /home/vboxuser/Desktop/topst/cr5-bsp/sources/build/tcc805x/gcc/tcc805x-freertos-debug/obj/vfp_init.o
                0x000000000825e358                vfp_init
 .text          0x000000000825e35c        0xc /home/vboxuser/Desktop/topst/cr5-bsp/sources/build/tcc805x/gcc/tcc805x-freertos-debug/obj/arm_a.o
                0x000000000825e35c                ARM_DSB
 *fill*         0x000000000825e368        0x8 
 .text          0x000000000825e370      0x270 /home/vboxuser/Desktop/topst/cr5-bsp/sources/build/tcc805x/gcc/tcc805x-freertos-debug/obj/portASM.o
                0x000000000825e370                FreeRTOS_SWI_Handler
                0x000000000825e3f8                vPortRestoreTaskContext
                0x000000000825e450                FreeRTOS_IRQ_Handler
                0x000000000825e5a0                vApplicationIRQHandler
 .text          0x000000000825e5e0       0xb8 /home/vboxuser/Desktop/topst/cr5-bsp/sources/build/tcc805x/gcc/tcc805x-freertos-debug/obj/freertos.o
                0x000000000825e5e0                FreeRTOS_ARM_ExceptUndefInstrHndlr
                0x000000000825e5f4                FreeRTOS_ARM_ExceptSwiHndlr
                0x000000000825e5f8                FreeRTOS_ARM_ExceptPrefetchAbortHndlr
                0x000000000825e610                FreeRTOS_ARM_ExceptDataAbortHndlr
                0x000000000825e640                FreeRTOS_ARM_ExceptIrqHndlr
                0x000000000825e644                FreeRTOS_ARM_ExceptFiqHndlr
                0x000000000825e65c                FreeRTOS_ARM_DRegCntGet
                0x000000000825e664                CPU_WaitForEvent
                0x000000000825e670                __DSB
                0x000000000825e67c                CPU_SR_Save
                0x000000000825e68c                CPU_SR_Restore
 .text          0x000000000825e698       0x18 /home/vboxuser/Desktop/topst/cr5-bsp/sources/build/tcc805x/gcc/tcc805x-freertos-debug/obj/sal.o
                0x000000000825e698                ARM_ExceptUndefInstrHndlr
                0x000000000825e69c                ARM_ExceptSwiHndlr
                0x000000000825e6a0                ARM_ExceptPrefetchAbortHndlr
                0x000000000825e6a4                ARM_ExceptDataAbortHndlr
                0x000000000825e6a8                ARM_ExceptIrqHndlr
                0x000000000825e6ac                ARM_ExceptFiqHndlr
 .text          0x000000000825e6b0       0x30 /home/vboxuser/Desktop/topst/buildtools/gcc-linaro-7.2.1-2017.11-x86_64_arm-eabi/arm-eabi/libc/usr/lib/libc.a(lib_a-atoi.o)
                0x000000000825e6b0                atoi
                0x000000000825e6c8                _atoi_r
 .text          0x000000000825e6e0       0x30 /home/vboxuser/Desktop/topst/buildtools/gcc-linaro-7.2.1-2017.11-x86_64_arm-eabi/arm-eabi/libc/usr/lib/libc.a(lib_a-atol.o)
                0x000000000825e6e0                atol
                0x000000000825e6f8                _atol_r
 .text          0x000000000825e710      0x104 /home/vboxuser/Desktop/topst/buildtools/gcc-linaro-7.2.1-2017.11-x86_64_arm-eabi/arm-eabi/libc/usr/lib/libc.a(lib_a-memcmp.o)
                0x000000000825e710                memcmp
 .text          0x000000000825e814      0x110 /home/vboxuser/Desktop/topst/buildtools/gcc-linaro-7.2.1-2017.11-x86_64_arm-eabi/arm-eabi/libc/usr/lib/libc.a(lib_a-memcpy-stub.o)
                0x000000000825e814                memcpy
 .text          0x000000000825e924      0x114 /home/vboxuser/Desktop/topst/buildtools/gcc-linaro-7.2.1-2017.11-x86_64_arm-eabi/arm-eabi/libc/usr/lib/libc.a(lib_a-memset.o)
                0x000000000825e924                memset
 .text          0x000000000825ea38      0x188 /home/vboxuser/Desktop/topst/buildtools/gcc-linaro-7.2.1-2017.11-x86_64_arm-eabi/arm-eabi/libc/usr/lib/libc.a(lib_a-snprintf.o)
                0x000000000825ea38                _snprintf_r
                0x000000000825eaf4                snprintf
 .text          0x000000000825ebc0       0x60 /home/vboxuser/Desktop/topst/buildtools/gcc-linaro-7.2.1-2017.11-x86_64_arm-eabi/arm-eabi/libc/usr/lib/libc.a(lib_a-strlen-stub.o)
                0x000000000825ebc0                strlen
 .text          0x000000000825ec20      0x100 /home/vboxuser/Desktop/topst/buildtools/gcc-linaro-7.2.1-2017.11-x86_64_arm-eabi/arm-eabi/libc/usr/lib/libc.a(lib_a-strncmp.o)
                0x000000000825ec20                strncmp
 .text          0x000000000825ed20       0xe0 /home/vboxuser/Desktop/topst/buildtools/gcc-linaro-7.2.1-2017.11-x86_64_arm-eabi/arm-eabi/libc/usr/lib/libc.a(lib_a-strncpy.o)
                0x000000000825ed20                strncpy
 .text          0x000000000825ee00       0x5c /home/vboxuser/Desktop/topst/buildtools/gcc-linaro-7.2.1-2017.11-x86_64_arm-eabi/arm-eabi/libc/usr/lib/libc.a(lib_a-strnlen.o)
                0x000000000825ee00                strnlen
 .text          0x000000000825ee5c      0x27c /home/vboxuser/Desktop/topst/buildtools/gcc-linaro-7.2.1-2017.11-x86_64_arm-eabi/arm-eabi/libc/usr/lib/libc.a(lib_a-strtol.o)
                0x000000000825f018                _strtol_r
                0x000000000825f054                strtol_l
                0x000000000825f08c                strtol
 .text          0x000000000825f0d8      0x28c /home/vboxuser/Desktop/topst/buildtools/gcc-linaro-7.2.1-2017.11-x86_64_arm-eabi/arm-eabi/libc/usr/lib/libc.a(lib_a-strtoul.o)
                0x000000000825f2a4                _strtoul_r
                0x000000000825f2e0                strtoul_l
                0x000000000825f318                strtoul
 .text          0x000000000825f364     0xb4c8 /home/vboxuser/Desktop/topst/buildtools/gcc-linaro-7.2.1-2017.11-x86_64_arm-eabi/arm-eabi/libc/usr/lib/libc.a(lib_a-svfprintf.o)
                0x0000000008266668                _svfprintf_r
 .text          0x000000000826a82c      0x134 /home/vboxuser/Desktop/topst/buildtools/gcc-linaro-7.2.1-2017.11-x86_64_arm-eabi/arm-eabi/libc/usr/lib/libc.a(lib_a-wcrtomb.o)
                0x000000000826a82c                _wcrtomb_r
                0x000000000826a8c4                wcrtomb
 .text          0x000000000826a960       0x5c /home/vboxuser/Desktop/topst/buildtools/gcc-linaro-7.2.1-2017.11-x86_64_arm-eabi/arm-eabi/libc/usr/lib/libc.a(lib_a-wcsrtombs.o)
                0x000000000826a960                _wcsrtombs_r
                0x000000000826a984                wcsrtombs
 *fill*         0x000000000826a9bc        0x4 
 .text          0x000000000826a9c0     0x17dc /home/vboxuser/Desktop/topst/buildtools/gcc-linaro-7.2.1-2017.11-x86_64_arm-eabi/arm-eabi/libc/usr/lib/libc.a(lib_a-dtoa.o)
                0x000000000826aba8                _dtoa_r
 .text          0x000000000826c19c      0x3dc /home/vboxuser/Desktop/topst/buildtools/gcc-linaro-7.2.1-2017.11-x86_64_arm-eabi/arm-eabi/libc/usr/lib/libc.a(lib_a-freer.o)
                0x000000000826c19c                _malloc_trim_r
                0x000000000826c29c                _free_r
 .text          0x000000000826c578        0x0 /home/vboxuser/Desktop/topst/buildtools/gcc-linaro-7.2.1-2017.11-x86_64_arm-eabi/arm-eabi/libc/usr/lib/libc.a(lib_a-impure.o)
 .text          0x000000000826c578      0xd0c /home/vboxuser/Desktop/topst/buildtools/gcc-linaro-7.2.1-2017.11-x86_64_arm-eabi/arm-eabi/libc/usr/lib/libc.a(lib_a-locale.o)
                0x000000000826c60c                __loadlocale
                0x000000000826ce44                __get_locale_env
                0x000000000826ced8                _setlocale_r
                0x000000000826d214                __locale_mb_cur_max
                0x000000000826d23c                __locale_ctype_ptr_l
                0x000000000826d244                __locale_ctype_ptr
                0x000000000826d26c                setlocale
 .text          0x000000000826d284       0x58 /home/vboxuser/Desktop/topst/buildtools/gcc-linaro-7.2.1-2017.11-x86_64_arm-eabi/arm-eabi/libc/usr/lib/libc.a(lib_a-localeconv.o)
                0x000000000826d284                __localeconv_l
                0x000000000826d28c                _localeconv_r
                0x000000000826d2b4                localeconv
 .text          0x000000000826d2dc      0x760 /home/vboxuser/Desktop/topst/buildtools/gcc-linaro-7.2.1-2017.11-x86_64_arm-eabi/arm-eabi/libc/usr/lib/libc.a(lib_a-mallocr.o)
                0x000000000826d2dc                _malloc_r
 .text          0x000000000826da3c      0x744 /home/vboxuser/Desktop/topst/buildtools/gcc-linaro-7.2.1-2017.11-x86_64_arm-eabi/arm-eabi/libc/usr/lib/libc.a(lib_a-mbtowc_r.o)
                0x000000000826da3c                _mbtowc_r
                0x000000000826da70                __ascii_mbtowc
                0x000000000826dab4                __utf8_mbtowc
                0x000000000826ddbc                __sjis_mbtowc
                0x000000000826de90                __eucjp_mbtowc
                0x000000000826dfc8                __jis_mbtowc
 .text          0x000000000826e180      0x110 /home/vboxuser/Desktop/topst/buildtools/gcc-linaro-7.2.1-2017.11-x86_64_arm-eabi/arm-eabi/libc/usr/lib/libc.a(lib_a-memchr-stub.o)
                0x000000000826e180                memchr
 .text          0x000000000826e290        0x8 /home/vboxuser/Desktop/topst/buildtools/gcc-linaro-7.2.1-2017.11-x86_64_arm-eabi/arm-eabi/libc/usr/lib/libc.a(lib_a-mlock.o)
                0x000000000826e290                __malloc_lock
                0x000000000826e294                __malloc_unlock
 .text          0x000000000826e298      0xdb8 /home/vboxuser/Desktop/topst/buildtools/gcc-linaro-7.2.1-2017.11-x86_64_arm-eabi/arm-eabi/libc/usr/lib/libc.a(lib_a-mprec.o)
                0x000000000826e298                _Balloc
                0x000000000826e324                _Bfree
                0x000000000826e340                __multadd
                0x000000000826e41c                __s2b
                0x000000000826e500                __hi0bits
                0x000000000826e558                __lo0bits
                0x000000000826e5f8                __i2b
                0x000000000826e61c                __multiply
                0x000000000826e81c                __pow5mult
                0x000000000826e920                __lshift
                0x000000000826ea14                __mcmp
                0x000000000826ea74                __mdiff
                0x000000000826ebfc                __ulp
                0x000000000826ec64                __b2d
                0x000000000826ed44                __d2b
                0x000000000826ee5c                __ratio
                0x000000000826eeec                _mprec_log10
                0x000000000826ef4c                __copybits
                0x000000000826efd8                __any_on
 .text          0x000000000826f050       0x98 /home/vboxuser/Desktop/topst/buildtools/gcc-linaro-7.2.1-2017.11-x86_64_arm-eabi/arm-eabi/libc/usr/lib/libc.a(lib_a-s_frexp.o)
                0x000000000826f050                frexp
 .text          0x000000000826f0e8       0x3c /home/vboxuser/Desktop/topst/buildtools/gcc-linaro-7.2.1-2017.11-x86_64_arm-eabi/arm-eabi/libc/usr/lib/libc.a(lib_a-sbrkr.o)
                0x000000000826f0e8                _sbrk_r
 .text          0x000000000826f124       0x70 /home/vboxuser/Desktop/topst/buildtools/gcc-linaro-7.2.1-2017.11-x86_64_arm-eabi/arm-eabi/libc/usr/lib/libc.a(lib_a-strcasecmp.o)
                0x000000000826f124                strcasecmp
 .text          0x000000000826f194       0x74 /home/vboxuser/Desktop/topst/buildtools/gcc-linaro-7.2.1-2017.11-x86_64_arm-eabi/arm-eabi/libc/usr/lib/libc.a(lib_a-strcat.o)
                0x000000000826f194                strcat
 .text          0x000000000826f208      0x184 /home/vboxuser/Desktop/topst/buildtools/gcc-linaro-7.2.1-2017.11-x86_64_arm-eabi/arm-eabi/libc/usr/lib/libc.a(lib_a-strchr.o)
                0x000000000826f208                strchr
 .text          0x000000000826f38c      0x224 /home/vboxuser/Desktop/topst/buildtools/gcc-linaro-7.2.1-2017.11-x86_64_arm-eabi/arm-eabi/libc/usr/lib/libc.a(lib_a-strcmp.o)
                0x000000000826f38c                strcmp
 .text          0x000000000826f5b0       0xf0 /home/vboxuser/Desktop/topst/buildtools/gcc-linaro-7.2.1-2017.11-x86_64_arm-eabi/arm-eabi/libc/usr/lib/libc.a(lib_a-strcpy.o)
                0x000000000826f5b0                strcpy
 .text          0x000000000826f6a0       0x54 /home/vboxuser/Desktop/topst/buildtools/gcc-linaro-7.2.1-2017.11-x86_64_arm-eabi/arm-eabi/libc/usr/lib/libc.a(lib_a-strlcpy.o)
                0x000000000826f6a0                strlcpy
 .text          0x000000000826f6f4       0x94 /home/vboxuser/Desktop/topst/buildtools/gcc-linaro-7.2.1-2017.11-x86_64_arm-eabi/arm-eabi/libc/usr/lib/libc.a(lib_a-strncasecmp.o)
                0x000000000826f6f4                strncasecmp
 .text          0x000000000826f788     0x9c7c /home/vboxuser/Desktop/topst/buildtools/gcc-linaro-7.2.1-2017.11-x86_64_arm-eabi/arm-eabi/libc/usr/lib/libc.a(lib_a-svfiprintf.o)
                0x000000000827685c                __ssprint_r
                0x00000000082769ec                _svfiprintf_r
 .text          0x0000000008279404      0xa0c /home/vboxuser/Desktop/topst/buildtools/gcc-linaro-7.2.1-2017.11-x86_64_arm-eabi/arm-eabi/libc/usr/lib/libc.a(lib_a-syscalls.o)
                0x00000000082794bc                initialise_monitor_handles
                0x000000000827956c                _swiread
                0x00000000082795b0                _read
                0x0000000008279678                _swilseek
                0x0000000008279774                _lseek
                0x0000000008279794                _swiwrite
                0x00000000082797d8                _write
                0x00000000082798a4                _swiopen
                0x00000000082799a8                _open
                0x00000000082799dc                _swiclose
                0x0000000008279a50                _close
                0x0000000008279a70                _kill
                0x0000000008279aa8                _exit
                0x0000000008279ad0                _getpid
                0x0000000008279ad8                _sbrk
                0x0000000008279b38                _fstat
                0x0000000008279b6c                _stat
                0x0000000008279bd8                _link
                0x0000000008279be0                _unlink
                0x0000000008279c38                _raise
                0x0000000008279c3c                _gettimeofday
                0x0000000008279c84                _times
                0x0000000008279cc0                _isatty
                0x0000000008279d10                _system
                0x0000000008279da4                _rename
 .text          0x0000000008279e10      0x21c /home/vboxuser/Desktop/topst/buildtools/gcc-linaro-7.2.1-2017.11-x86_64_arm-eabi/arm-eabi/libc/usr/lib/libc.a(lib_a-wcsnrtombs.o)
                0x0000000008279e10                _wcsnrtombs_l
                0x0000000008279f8c                _wcsnrtombs_r
                0x0000000008279fd4                wcsnrtombs
 .text          0x000000000827a02c      0x35c /home/vboxuser/Desktop/topst/buildtools/gcc-linaro-7.2.1-2017.11-x86_64_arm-eabi/arm-eabi/libc/usr/lib/libc.a(lib_a-wctomb_r.o)
                0x000000000827a02c                _wctomb_r
                0x000000000827a060                __ascii_wctomb
                0x000000000827a088                __utf8_wctomb
                0x000000000827a174                __sjis_wctomb
                0x000000000827a1fc                __eucjp_wctomb
                0x000000000827a2ac                __jis_wctomb
 .text          0x000000000827a388       0x98 /home/vboxuser/Desktop/topst/buildtools/gcc-linaro-7.2.1-2017.11-x86_64_arm-eabi/arm-eabi/libc/usr/lib/libc.a(lib_a-callocr.o)
                0x000000000827a388                _calloc_r
 .text          0x000000000827a420       0x10 /home/vboxuser/Desktop/topst/buildtools/gcc-linaro-7.2.1-2017.11-x86_64_arm-eabi/arm-eabi/libc/usr/lib/libc.a(lib_a-ctype_.o)
                0x000000000827a420                __set_ctype
 .text          0x000000000827a430       0x10 /home/vboxuser/Desktop/topst/buildtools/gcc-linaro-7.2.1-2017.11-x86_64_arm-eabi/arm-eabi/libc/usr/lib/libc.a(lib_a-errno.o)
                0x000000000827a430                __errno
 .text          0x000000000827a440      0x340 /home/vboxuser/Desktop/topst/buildtools/gcc-linaro-7.2.1-2017.11-x86_64_arm-eabi/arm-eabi/libc/usr/lib/libc.a(lib_a-findfp.o)
                0x000000000827a448                _cleanup_r
                0x000000000827a5b0                __sfmoreglue
                0x000000000827a600                __sfp
                0x000000000827a6f4                _cleanup
                0x000000000827a718                __sinit
                0x000000000827a728                __sfp_lock_acquire
                0x000000000827a72c                __sfp_lock_release
                0x000000000827a730                __sinit_lock_acquire
                0x000000000827a734                __sinit_lock_release
                0x000000000827a738                __fp_lock_all
                0x000000000827a75c                __fp_unlock_all
 .text          0x000000000827a780       0xf8 /home/vboxuser/Desktop/topst/buildtools/gcc-linaro-7.2.1-2017.11-x86_64_arm-eabi/arm-eabi/libc/usr/lib/libc.a(lib_a-fwalk.o)
                0x000000000827a780                _fwalk
                0x000000000827a7f8                _fwalk_reent
 .text          0x000000000827a878       0xec /home/vboxuser/Desktop/topst/buildtools/gcc-linaro-7.2.1-2017.11-x86_64_arm-eabi/arm-eabi/libc/usr/lib/libc.a(lib_a-getenv_r.o)
                0x000000000827a878                _findenv_r
                0x000000000827a948                _getenv_r
 .text          0x000000000827a964      0x140 /home/vboxuser/Desktop/topst/buildtools/gcc-linaro-7.2.1-2017.11-x86_64_arm-eabi/arm-eabi/libc/usr/lib/libc.a(lib_a-memmove.o)
                0x000000000827a964                memmove
 .text          0x000000000827aaa4      0x4dc /home/vboxuser/Desktop/topst/buildtools/gcc-linaro-7.2.1-2017.11-x86_64_arm-eabi/arm-eabi/libc/usr/lib/libc.a(lib_a-reallocr.o)
                0x000000000827aaa4                _realloc_r
 .text          0x000000000827af80      0x124 /home/vboxuser/Desktop/topst/buildtools/gcc-linaro-7.2.1-2017.11-x86_64_arm-eabi/arm-eabi/libc/usr/lib/libc.a(lib_a-reent.o)
                0x000000000827af80                cleanup_glue
                0x000000000827afb4                _reclaim_reent
 .text          0x000000000827b0a4       0xd8 /home/vboxuser/Desktop/topst/buildtools/gcc-linaro-7.2.1-2017.11-x86_64_arm-eabi/arm-eabi/libc/usr/lib/libc.a(lib_a-stdio.o)
                0x000000000827b0a4                __sread
                0x000000000827b0d8                __seofread
                0x000000000827b0e0                __swrite
                0x000000000827b138                __sseek
                0x000000000827b168                __sclose
 .text          0x000000000827b17c       0x48 /home/vboxuser/Desktop/topst/buildtools/gcc-linaro-7.2.1-2017.11-x86_64_arm-eabi/arm-eabi/libc/usr/lib/libc.a(lib_a-writer.o)
                0x000000000827b17c                _write_r
 .text          0x000000000827b1c4       0x3c /home/vboxuser/Desktop/topst/buildtools/gcc-linaro-7.2.1-2017.11-x86_64_arm-eabi/arm-eabi/libc/usr/lib/libc.a(lib_a-closer.o)
                0x000000000827b1c4                _close_r
 .text          0x000000000827b200        0x0 /home/vboxuser/Desktop/topst/buildtools/gcc-linaro-7.2.1-2017.11-x86_64_arm-eabi/arm-eabi/libc/usr/lib/libc.a(lib_a-environ.o)
 .text          0x000000000827b200        0x8 /home/vboxuser/Desktop/topst/buildtools/gcc-linaro-7.2.1-2017.11-x86_64_arm-eabi/arm-eabi/libc/usr/lib/libc.a(lib_a-envlock.o)
                0x000000000827b200                __env_lock
                0x000000000827b204                __env_unlock
 .text          0x000000000827b208      0x114 /home/vboxuser/Desktop/topst/buildtools/gcc-linaro-7.2.1-2017.11-x86_64_arm-eabi/arm-eabi/libc/usr/lib/libc.a(lib_a-fclose.o)
                0x000000000827b208                _fclose_r
                0x000000000827b308                fclose
 .text          0x000000000827b31c      0x2dc /home/vboxuser/Desktop/topst/buildtools/gcc-linaro-7.2.1-2017.11-x86_64_arm-eabi/arm-eabi/libc/usr/lib/libc.a(lib_a-fflush.o)
                0x000000000827b31c                __sflush_r
                0x000000000827b564                _fflush_r
                0x000000000827b5c0                fflush
 .text          0x000000000827b5f8       0x48 /home/vboxuser/Desktop/topst/buildtools/gcc-linaro-7.2.1-2017.11-x86_64_arm-eabi/arm-eabi/libc/usr/lib/libc.a(lib_a-lseekr.o)
                0x000000000827b5f8                _lseek_r
 .text          0x000000000827b640       0x48 /home/vboxuser/Desktop/topst/buildtools/gcc-linaro-7.2.1-2017.11-x86_64_arm-eabi/arm-eabi/libc/usr/lib/libc.a(lib_a-readr.o)
                0x000000000827b640                _read_r
 .text          0x000000000827b688      0x114 /home/vboxuser/Desktop/topst/buildtools/gcc-linaro-7.2.1-2017.11-x86_64_arm-eabi/arm-eabi/libc/usr/lib/libgcc.a(_udivsi3.o)
                0x000000000827b688                __udivsi3
                0x000000000827b688                __aeabi_uidiv
                0x000000000827b77c                __aeabi_uidivmod
 .text          0x000000000827b79c        0x4 /home/vboxuser/Desktop/topst/buildtools/gcc-linaro-7.2.1-2017.11-x86_64_arm-eabi/arm-eabi/libc/usr/lib/libgcc.a(_dvmd_tls.o)
                0x000000000827b79c                __aeabi_ldiv0
                0x000000000827b79c                __aeabi_idiv0
 .text          0x000000000827b7a0      0x424 /home/vboxuser/Desktop/topst/buildtools/gcc-linaro-7.2.1-2017.11-x86_64_arm-eabi/arm-eabi/libc/usr/lib/libgcc.a(_arm_addsubdf3.o)
                0x000000000827b7a0                __aeabi_drsub
                0x000000000827b7a8                __aeabi_dsub
                0x000000000827b7a8                __subdf3
                0x000000000827b7ac                __adddf3
                0x000000000827b7ac                __aeabi_dadd
                0x000000000827babc                __aeabi_ui2d
                0x000000000827babc                __floatunsidf
                0x000000000827bae0                __floatsidf
                0x000000000827bae0                __aeabi_i2d
                0x000000000827bb08                __extendsfdf2
                0x000000000827bb08                __aeabi_f2d
                0x000000000827bb50                __aeabi_ul2d
                0x000000000827bb50                __floatundidf
                0x000000000827bb64                __floatdidf
                0x000000000827bb64                __aeabi_l2d
 .text          0x000000000827bbc4      0x49c /home/vboxuser/Desktop/topst/buildtools/gcc-linaro-7.2.1-2017.11-x86_64_arm-eabi/arm-eabi/libc/usr/lib/libgcc.a(_arm_muldivdf3.o)
                0x000000000827bbc4                __aeabi_dmul
                0x000000000827bbc4                __muldf3
                0x000000000827be54                __aeabi_ddiv
                0x000000000827be54                __divdf3
 .text          0x000000000827c060      0x144 /home/vboxuser/Desktop/topst/buildtools/gcc-linaro-7.2.1-2017.11-x86_64_arm-eabi/arm-eabi/libc/usr/lib/libgcc.a(_arm_cmpdf2.o)
                0x000000000827c060                __gtdf2
                0x000000000827c060                __gedf2
                0x000000000827c068                __ltdf2
                0x000000000827c068                __ledf2
                0x000000000827c070                __cmpdf2
                0x000000000827c070                __eqdf2
                0x000000000827c070                __nedf2
                0x000000000827c0f8                __aeabi_cdrcmple
                0x000000000827c114                __aeabi_cdcmple
                0x000000000827c114                __aeabi_cdcmpeq
                0x000000000827c12c                __aeabi_dcmpeq
                0x000000000827c144                __aeabi_dcmplt
                0x000000000827c15c                __aeabi_dcmple
                0x000000000827c174                __aeabi_dcmpge
                0x000000000827c18c                __aeabi_dcmpgt
 .text          0x000000000827c1a4       0x38 /home/vboxuser/Desktop/topst/buildtools/gcc-linaro-7.2.1-2017.11-x86_64_arm-eabi/arm-eabi/libc/usr/lib/libgcc.a(_arm_unorddf2.o)
                0x000000000827c1a4                __aeabi_dcmpun
                0x000000000827c1a4                __unorddf2
 .text          0x000000000827c1dc       0x5c /home/vboxuser/Desktop/topst/buildtools/gcc-linaro-7.2.1-2017.11-x86_64_arm-eabi/arm-eabi/libc/usr/lib/libgcc.a(_arm_fixdfsi.o)
                0x000000000827c1dc                __fixdfsi
                0x000000000827c1dc                __aeabi_d2iz
 .text          0x000000000827c238       0x54 /home/vboxuser/Desktop/topst/buildtools/gcc-linaro-7.2.1-2017.11-x86_64_arm-eabi/arm-eabi/libc/usr/lib/libgcc.a(_arm_fixunsdfsi.o)
                0x000000000827c238                __fixunsdfsi
                0x000000000827c238                __aeabi_d2uiz
 .text          0x000000000827c28c      0x2ac /home/vboxuser/Desktop/topst/buildtools/gcc-linaro-7.2.1-2017.11-x86_64_arm-eabi/arm-eabi/libc/usr/lib/libgcc.a(_arm_addsubsf3.o)
                0x000000000827c28c                __aeabi_frsub
                0x000000000827c294                __subsf3
                0x000000000827c294                __aeabi_fsub
                0x000000000827c298                __aeabi_fadd
                0x000000000827c298                __addsf3
                0x000000000827c454                __aeabi_ui2f
                0x000000000827c454                __floatunsisf
                0x000000000827c45c                __aeabi_i2f
                0x000000000827c45c                __floatsisf
                0x000000000827c47c                __floatundisf
                0x000000000827c47c                __aeabi_ul2f
                0x000000000827c48c                __floatdisf
                0x000000000827c48c                __aeabi_l2f
 .text          0x000000000827c538      0x2f8 /home/vboxuser/Desktop/topst/buildtools/gcc-linaro-7.2.1-2017.11-x86_64_arm-eabi/arm-eabi/libc/usr/lib/libgcc.a(_arm_muldivsf3.o)
                0x000000000827c538                __mulsf3
                0x000000000827c538                __aeabi_fmul
                0x000000000827c6d0                __divsf3
                0x000000000827c6d0                __aeabi_fdiv
 .text          0x000000000827c830       0x54 /home/vboxuser/Desktop/topst/buildtools/gcc-linaro-7.2.1-2017.11-x86_64_arm-eabi/arm-eabi/libc/usr/lib/libgcc.a(_arm_fixunssfsi.o)
                0x000000000827c830                __aeabi_f2uiz
                0x000000000827c830                __fixunssfsi
 .text          0x000000000827c884       0x3c /home/vboxuser/Desktop/topst/buildtools/gcc-linaro-7.2.1-2017.11-x86_64_arm-eabi/arm-eabi/libc/usr/lib/libgcc.a(_aeabi_uldivmod.o)
                0x000000000827c884                __aeabi_uldivmod
 .text          0x000000000827c8c0      0x12c /home/vboxuser/Desktop/topst/buildtools/gcc-linaro-7.2.1-2017.11-x86_64_arm-eabi/arm-eabi/libc/usr/lib/libgcc.a(_udivmoddi4.o)
                0x000000000827c8c0                __udivmoddi4
 .text          0x000000000827c9ec       0x28 /home/vboxuser/Desktop/topst/buildtools/gcc-linaro-7.2.1-2017.11-x86_64_arm-eabi/arm-eabi/libc/usr/lib/libgcc.a(_clzdi2.o)
                0x000000000827c9ec                __clzdi2
 .text          0x000000000827ca14       0x48 /home/vboxuser/Desktop/topst/buildtools/gcc-linaro-7.2.1-2017.11-x86_64_arm-eabi/arm-eabi/libc/usr/lib/libgcc.a(_clzsi2.o)
                0x000000000827ca14                __clzsi2
 *fill*         0x000000000827ca5c        0x4 
 .text.__stub   0x000000000827ca60        0x8 linker stubs
                0x000000000827ca68                __TEXT_END__ = .
                0x000000000827ca68                . = ALIGN (0x4)

.rodata         0x000000000827ca68     0xcab8
                0x000000000827ca68                __RODATA_START__ = .
 *(.rodata)
 .rodata        0x000000000827ca68       0x35 /home/vboxuser/Desktop/topst/cr5-bsp/sources/build/tcc805x/gcc/tcc805x-freertos-debug/obj/main.o
 *fill*         0x000000000827ca9d        0x3 
 .rodata        0x000000000827caa0      0xb01 /home/vboxuser/Desktop/topst/cr5-bsp/sources/build/tcc805x/gcc/tcc805x-freertos-debug/obj/can_demo.o
 *fill*         0x000000000827d5a1        0x3 
 .rodata        0x000000000827d5a4      0x521 /home/vboxuser/Desktop/topst/cr5-bsp/sources/build/tcc805x/gcc/tcc805x-freertos-debug/obj/console.o
 *fill*         0x000000000827dac5        0x3 
 .rodata        0x000000000827dac8      0x101 /home/vboxuser/Desktop/topst/cr5-bsp/sources/build/tcc805x/gcc/tcc805x-freertos-debug/obj/fwug.o
 *fill*         0x000000000827dbc9        0x3 
 .rodata        0x000000000827dbcc      0x145 /home/vboxuser/Desktop/topst/cr5-bsp/sources/build/tcc805x/gcc/tcc805x-freertos-debug/obj/key_i2c.o
 *fill*         0x000000000827dd11        0x3 
 .rodata        0x000000000827dd14        0x7 /home/vboxuser/Desktop/topst/cr5-bsp/sources/build/tcc805x/gcc/tcc805x-freertos-debug/obj/system_monitoring.o
 *fill*         0x000000000827dd1b        0x1 
 .rodata        0x000000000827dd1c      0x12b /home/vboxuser/Desktop/topst/cr5-bsp/sources/build/tcc805x/gcc/tcc805x-freertos-debug/obj/bootctrl.o
 *fill*         0x000000000827de47        0x1 
 .rodata        0x000000000827de48       0x24 /home/vboxuser/Desktop/topst/cr5-bsp/sources/build/tcc805x/gcc/tcc805x-freertos-debug/obj/reset_demo.o
 .rodata        0x000000000827de6c      0x295 /home/vboxuser/Desktop/topst/cr5-bsp/sources/build/tcc805x/gcc/tcc805x-freertos-debug/obj/adc_test.o
 *fill*         0x000000000827e101        0x3 
 .rodata        0x000000000827e104      0x5af /home/vboxuser/Desktop/topst/cr5-bsp/sources/build/tcc805x/gcc/tcc805x-freertos-debug/obj/dse_test.o
 *fill*         0x000000000827e6b3        0x1 
 .rodata        0x000000000827e6b4       0xe9 /home/vboxuser/Desktop/topst/cr5-bsp/sources/build/tcc805x/gcc/tcc805x-freertos-debug/obj/fmu_test.o
 *fill*         0x000000000827e79d        0x3 
 .rodata        0x000000000827e7a0      0x1ba /home/vboxuser/Desktop/topst/cr5-bsp/sources/build/tcc805x/gcc/tcc805x-freertos-debug/obj/gdma_test.o
 *fill*         0x000000000827e95a        0x2 
 .rodata        0x000000000827e95c      0x1f6 /home/vboxuser/Desktop/topst/cr5-bsp/sources/build/tcc805x/gcc/tcc805x-freertos-debug/obj/gic_test.o
 *fill*         0x000000000827eb52        0x2 
 .rodata        0x000000000827eb54      0x279 /home/vboxuser/Desktop/topst/cr5-bsp/sources/build/tcc805x/gcc/tcc805x-freertos-debug/obj/gpio_test.o
 *fill*         0x000000000827edcd        0x3 
 .rodata        0x000000000827edd0      0xbcb /home/vboxuser/Desktop/topst/cr5-bsp/sources/build/tcc805x/gcc/tcc805x-freertos-debug/obj/gpsb_test.o
 *fill*         0x000000000827f99b        0x1 
 .rodata        0x000000000827f99c      0xb69 /home/vboxuser/Desktop/topst/cr5-bsp/sources/build/tcc805x/gcc/tcc805x-freertos-debug/obj/hsm_test.o
 *fill*         0x0000000008280505        0x3 
 .rodata        0x0000000008280508      0x441 /home/vboxuser/Desktop/topst/cr5-bsp/sources/build/tcc805x/gcc/tcc805x-freertos-debug/obj/i2c_test.o
 *fill*         0x0000000008280949        0x3 
 .rodata        0x000000000828094c       0xe6 /home/vboxuser/Desktop/topst/cr5-bsp/sources/build/tcc805x/gcc/tcc805x-freertos-debug/obj/ictc_test.o
 *fill*         0x0000000008280a32        0x2 
 .rodata        0x0000000008280a34       0xdb /home/vboxuser/Desktop/topst/cr5-bsp/sources/build/tcc805x/gcc/tcc805x-freertos-debug/obj/lin_test.o
 *fill*         0x0000000008280b0f        0x1 
 .rodata        0x0000000008280b10      0x126 /home/vboxuser/Desktop/topst/cr5-bsp/sources/build/tcc805x/gcc/tcc805x-freertos-debug/obj/pdm_test.o
 *fill*         0x0000000008280c36        0x2 
 .rodata        0x0000000008280c38      0x55f /home/vboxuser/Desktop/topst/cr5-bsp/sources/build/tcc805x/gcc/tcc805x-freertos-debug/obj/pmio_test.o
 *fill*         0x0000000008281197        0x1 
 .rodata        0x0000000008281198      0x4af /home/vboxuser/Desktop/topst/cr5-bsp/sources/build/tcc805x/gcc/tcc805x-freertos-debug/obj/timer_test.o
 *fill*         0x0000000008281647        0x1 
 .rodata        0x0000000008281648      0xa37 /home/vboxuser/Desktop/topst/cr5-bsp/sources/build/tcc805x/gcc/tcc805x-freertos-debug/obj/wdt_test.o
 *fill*         0x000000000828207f        0x1 
 .rodata        0x0000000008282080       0xde /home/vboxuser/Desktop/topst/cr5-bsp/sources/build/tcc805x/gcc/tcc805x-freertos-debug/obj/pwm_test.o
 *fill*         0x000000000828215e        0x2 
 .rodata        0x0000000008282160       0x8b /home/vboxuser/Desktop/topst/cr5-bsp/sources/build/tcc805x/gcc/tcc805x-freertos-debug/obj/Motor_System.o
 *fill*         0x00000000082821eb        0x1 
 .rodata        0x00000000082821ec       0x68 /home/vboxuser/Desktop/topst/cr5-bsp/sources/build/tcc805x/gcc/tcc805x-freertos-debug/obj/mptool.o
 .rodata        0x0000000008282254      0x1b3 /home/vboxuser/Desktop/topst/cr5-bsp/sources/build/tcc805x/gcc/tcc805x-freertos-debug/obj/ipc_os.o
 *fill*         0x0000000008282407        0x1 
 .rodata        0x0000000008282408       0xe2 /home/vboxuser/Desktop/topst/cr5-bsp/sources/build/tcc805x/gcc/tcc805x-freertos-debug/obj/ipc_buffer.o
 *fill*         0x00000000082824ea        0x2 
 .rodata        0x00000000082824ec      0x183 /home/vboxuser/Desktop/topst/cr5-bsp/sources/build/tcc805x/gcc/tcc805x-freertos-debug/obj/ipc_ctl.o
 *fill*         0x000000000828266f        0x1 
 .rodata        0x0000000008282670       0x38 /home/vboxuser/Desktop/topst/cr5-bsp/sources/build/tcc805x/gcc/tcc805x-freertos-debug/obj/ipc_parser.o
 .rodata        0x00000000082826a8      0x262 /home/vboxuser/Desktop/topst/cr5-bsp/sources/build/tcc805x/gcc/tcc805x-freertos-debug/obj/ipc_api.o
 *fill*         0x000000000828290a        0x2 
 .rodata        0x000000000828290c      0x3aa /home/vboxuser/Desktop/topst/cr5-bsp/sources/build/tcc805x/gcc/tcc805x-freertos-debug/obj/lin.o
 *fill*         0x0000000008282cb6        0x2 
 .rodata        0x0000000008282cb8      0x209 /home/vboxuser/Desktop/topst/cr5-bsp/sources/build/tcc805x/gcc/tcc805x-freertos-debug/obj/sdm.o
 *fill*         0x0000000008282ec1        0x3 
 .rodata        0x0000000008282ec4      0x38b /home/vboxuser/Desktop/topst/cr5-bsp/sources/build/tcc805x/gcc/tcc805x-freertos-debug/obj/hsm_manager.o
 *fill*         0x000000000828324f        0x1 
 .rodata        0x0000000008283250       0xf5 /home/vboxuser/Desktop/topst/cr5-bsp/sources/build/tcc805x/gcc/tcc805x-freertos-debug/obj/adc.o
 *fill*         0x0000000008283345        0x3 
 .rodata        0x0000000008283348       0x9f /home/vboxuser/Desktop/topst/cr5-bsp/sources/build/tcc805x/gcc/tcc805x-freertos-debug/obj/can.o
 *fill*         0x00000000082833e7        0x1 
 .rodata        0x00000000082833e8      0x4ee /home/vboxuser/Desktop/topst/cr5-bsp/sources/build/tcc805x/gcc/tcc805x-freertos-debug/obj/can_drv.o
 *fill*         0x00000000082838d6        0x2 
 .rodata        0x00000000082838d8       0x25 /home/vboxuser/Desktop/topst/cr5-bsp/sources/build/tcc805x/gcc/tcc805x-freertos-debug/obj/debug.o
 *fill*         0x00000000082838fd        0x3 
 .rodata        0x0000000008283900       0x3a /home/vboxuser/Desktop/topst/cr5-bsp/sources/build/tcc805x/gcc/tcc805x-freertos-debug/obj/bsp.o
 *fill*         0x000000000828393a        0x2 
 .rodata        0x000000000828393c      0x365 /home/vboxuser/Desktop/topst/cr5-bsp/sources/build/tcc805x/gcc/tcc805x-freertos-debug/obj/fmu.o
 *fill*         0x0000000008283ca1        0x3 
 .rodata        0x0000000008283ca4      0x164 /home/vboxuser/Desktop/topst/cr5-bsp/sources/build/tcc805x/gcc/tcc805x-freertos-debug/obj/gdma.o
 .rodata        0x0000000008283e08      0x3d0 /home/vboxuser/Desktop/topst/cr5-bsp/sources/build/tcc805x/gcc/tcc805x-freertos-debug/obj/gic.o
 .rodata        0x00000000082841d8       0x77 /home/vboxuser/Desktop/topst/cr5-bsp/sources/build/tcc805x/gcc/tcc805x-freertos-debug/obj/gpio.o
 *fill*         0x000000000828424f        0x1 
 .rodata        0x0000000008284250      0x93e /home/vboxuser/Desktop/topst/cr5-bsp/sources/build/tcc805x/gcc/tcc805x-freertos-debug/obj/i2c.o
 *fill*         0x0000000008284b8e        0x2 
 .rodata        0x0000000008284b90      0x1ec /home/vboxuser/Desktop/topst/cr5-bsp/sources/build/tcc805x/gcc/tcc805x-freertos-debug/obj/i2c_reg.o
                0x0000000008284b90                i2cport
 .rodata        0x0000000008284d7c      0x32a /home/vboxuser/Desktop/topst/cr5-bsp/sources/build/tcc805x/gcc/tcc805x-freertos-debug/obj/ictc.o
 *fill*         0x00000000082850a6        0x2 
 .rodata        0x00000000082850a8      0x620 /home/vboxuser/Desktop/topst/cr5-bsp/sources/build/tcc805x/gcc/tcc805x-freertos-debug/obj/mbox_dev.o
 .rodata        0x00000000082856c8      0x342 /home/vboxuser/Desktop/topst/cr5-bsp/sources/build/tcc805x/gcc/tcc805x-freertos-debug/obj/mbox.o
 *fill*         0x0000000008285a0a        0x2 
 .rodata        0x0000000008285a0c       0xc0 /home/vboxuser/Desktop/topst/cr5-bsp/sources/build/tcc805x/gcc/tcc805x-freertos-debug/obj/mpu.o
                0x0000000008285a0c                sMPUTable
 .rodata        0x0000000008285acc      0x1ea /home/vboxuser/Desktop/topst/cr5-bsp/sources/build/tcc805x/gcc/tcc805x-freertos-debug/obj/pdm.o
 *fill*         0x0000000008285cb6        0x2 
 .rodata        0x0000000008285cb8      0xc45 /home/vboxuser/Desktop/topst/cr5-bsp/sources/build/tcc805x/gcc/tcc805x-freertos-debug/obj/pmio_dev.o
 *fill*         0x00000000082868fd        0x3 
 .rodata        0x0000000008286900     0x13b1 /home/vboxuser/Desktop/topst/cr5-bsp/sources/build/tcc805x/gcc/tcc805x-freertos-debug/obj/gpsb.o
 *fill*         0x0000000008287cb1        0x3 
 .rodata        0x0000000008287cb4      0x2d8 /home/vboxuser/Desktop/topst/cr5-bsp/sources/build/tcc805x/gcc/tcc805x-freertos-debug/obj/gpsb_reg.o
                0x0000000008287cb4                gpsbport
                0x0000000008287f74                gpsb_sm
 .rodata        0x0000000008287f8c      0x17b /home/vboxuser/Desktop/topst/cr5-bsp/sources/build/tcc805x/gcc/tcc805x-freertos-debug/obj/timer.o
 *fill*         0x0000000008288107        0x1 
 .rodata        0x0000000008288108      0x531 /home/vboxuser/Desktop/topst/cr5-bsp/sources/build/tcc805x/gcc/tcc805x-freertos-debug/obj/uart.o
 *fill*         0x0000000008288639        0x3 
 .rodata        0x000000000828863c      0x13e /home/vboxuser/Desktop/topst/cr5-bsp/sources/build/tcc805x/gcc/tcc805x-freertos-debug/obj/udma.o
 *fill*         0x000000000828877a        0x2 
 .rodata        0x000000000828877c      0x18d /home/vboxuser/Desktop/topst/cr5-bsp/sources/build/tcc805x/gcc/tcc805x-freertos-debug/obj/wdt.o
 *fill*         0x0000000008288909        0x3 
 .rodata        0x000000000828890c       0xb8 /home/vboxuser/Desktop/topst/cr5-bsp/sources/build/tcc805x/gcc/tcc805x-freertos-debug/obj/dse.o
 .rodata        0x00000000082889c4       0xde /home/vboxuser/Desktop/topst/cr5-bsp/sources/build/tcc805x/gcc/tcc805x-freertos-debug/obj/pmu_reset.o
 *fill*         0x0000000008288aa2        0x2 
 .rodata        0x0000000008288aa4        0x5 /home/vboxuser/Desktop/topst/cr5-bsp/sources/build/tcc805x/gcc/tcc805x-freertos-debug/obj/tasks.o
 *fill*         0x0000000008288aa9        0x3 
 .rodata        0x0000000008288aac        0xd /home/vboxuser/Desktop/topst/cr5-bsp/sources/build/tcc805x/gcc/tcc805x-freertos-debug/obj/timers.o
 *fill*         0x0000000008288ab9        0x3 
 .rodata        0x0000000008288abc       0x20 /home/vboxuser/Desktop/topst/cr5-bsp/sources/build/tcc805x/gcc/tcc805x-freertos-debug/obj/port.o
                0x0000000008288abc                ulICCIAR
                0x0000000008288ac0                ulICCEOIR
                0x0000000008288ac4                ulICCPMR
                0x0000000008288ac8                ulMaxAPIPriorityMask
 .rodata        0x0000000008288adc        0x4 /home/vboxuser/Desktop/topst/cr5-bsp/sources/build/tcc805x/gcc/tcc805x-freertos-debug/obj/heap_5.o
 .rodata        0x0000000008288ae0      0x249 /home/vboxuser/Desktop/topst/cr5-bsp/sources/build/tcc805x/gcc/tcc805x-freertos-debug/obj/sal_freertos_impl.o
 *fill*         0x0000000008288d29        0x3 
 .rodata        0x0000000008288d2c       0x20 /home/vboxuser/Desktop/topst/buildtools/gcc-linaro-7.2.1-2017.11-x86_64_arm-eabi/arm-eabi/libc/usr/lib/libc.a(lib_a-svfprintf.o)
 .rodata        0x0000000008288d4c        0x4 /home/vboxuser/Desktop/topst/buildtools/gcc-linaro-7.2.1-2017.11-x86_64_arm-eabi/arm-eabi/libc/usr/lib/libc.a(lib_a-impure.o)
                0x0000000008288d4c                _global_impure_ptr
 .rodata        0x0000000008288d50      0x188 /home/vboxuser/Desktop/topst/buildtools/gcc-linaro-7.2.1-2017.11-x86_64_arm-eabi/arm-eabi/libc/usr/lib/libc.a(lib_a-locale.o)