Archive member included to satisfy reference by file (symbol)

/home/vboxuser/topst/buildtools/gcc-linaro-7.2.1-2017.11-x86_64_arm-eabi/arm-eabi/libc/usr/lib/libc.a(lib_a-atoi.o)
                              /home/vboxuser/topst/cr5-bsp/sources/build/tcc805x/gcc/tcc805x-freertos-debug/obj/console.o (atoi)
/home/vboxuser/topst/buildtools/gcc-linaro-7.2.1-2017.11-x86_64_arm-eabi/arm-eabi/libc/usr/lib/libc.a(lib_a-atol.o)
                              /home/vboxuser/topst/cr5-bsp/sources/build/tcc805x/gcc/tcc805x-freertos-debug/obj/hsm_test.o (atol)
/home/vboxuser/topst/buildtools/gcc-linaro-7.2.1-2017.11-x86_64_arm-eabi/arm-eabi/libc/usr/lib/libc.a(lib_a-memcmp.o)
                              /home/vboxuser/topst/cr5-bsp/sources/build/tcc805x/gcc/tcc805x-freertos-debug/obj/sal_freertos_impl.o (memcmp)
/home/vboxuser/topst/buildtools/gcc-linaro-7.2.1-2017.11-x86_64_arm-eabi/arm-eabi/libc/usr/lib/libc.a(lib_a-memcpy-stub.o)
                              /home/vboxuser/topst/cr5-bsp/sources/build/tcc805x/gcc/tcc805x-freertos-debug/obj/dse_test.o (memcpy)
/home/vboxuser/topst/buildtools/gcc-linaro-7.2.1-2017.11-x86_64_arm-eabi/arm-eabi/libc/usr/lib/libc.a(lib_a-memset.o)
                              /home/vboxuser/topst/cr5-bsp/sources/build/tcc805x/gcc/tcc805x-freertos-debug/obj/console.o (memset)
/home/vboxuser/topst/buildtools/gcc-linaro-7.2.1-2017.11-x86_64_arm-eabi/arm-eabi/libc/usr/lib/libc.a(lib_a-snprintf.o)
                              /home/vboxuser/topst/cr5-bsp/sources/build/tcc805x/gcc/tcc805x-freertos-debug/obj/hap.o (snprintf)
/home/vboxuser/topst/buildtools/gcc-linaro-7.2.1-2017.11-x86_64_arm-eabi/arm-eabi/libc/usr/lib/libc.a(lib_a-strlen-stub.o)
                              /home/vboxuser/topst/cr5-bsp/sources/build/tcc805x/gcc/tcc805x-freertos-debug/obj/hap.o (strlen)
/home/vboxuser/topst/buildtools/gcc-linaro-7.2.1-2017.11-x86_64_arm-eabi/arm-eabi/libc/usr/lib/libc.a(lib_a-strncmp.o)
                              /home/vboxuser/topst/cr5-bsp/sources/build/tcc805x/gcc/tcc805x-freertos-debug/obj/sal_freertos_impl.o (strncmp)
/home/vboxuser/topst/buildtools/gcc-linaro-7.2.1-2017.11-x86_64_arm-eabi/arm-eabi/libc/usr/lib/libc.a(lib_a-strncpy.o)
                              /home/vboxuser/topst/cr5-bsp/sources/build/tcc805x/gcc/tcc805x-freertos-debug/obj/sal_freertos_impl.o (strncpy)
/home/vboxuser/topst/buildtools/gcc-linaro-7.2.1-2017.11-x86_64_arm-eabi/arm-eabi/libc/usr/lib/libc.a(lib_a-strnlen.o)
                              /home/vboxuser/topst/cr5-bsp/sources/build/tcc805x/gcc/tcc805x-freertos-debug/obj/sal_freertos_impl.o (strnlen)
/home/vboxuser/topst/buildtools/gcc-linaro-7.2.1-2017.11-x86_64_arm-eabi/arm-eabi/libc/usr/lib/libc.a(lib_a-strtol.o)
                              /home/vboxuser/topst/buildtools/gcc-linaro-7.2.1-2017.11-x86_64_arm-eabi/arm-eabi/libc/usr/lib/libc.a(lib_a-atoi.o) (_strtol_r)
/home/vboxuser/topst/buildtools/gcc-linaro-7.2.1-2017.11-x86_64_arm-eabi/arm-eabi/libc/usr/lib/libc.a(lib_a-strtoul.o)
                              /home/vboxuser/topst/cr5-bsp/sources/build/tcc805x/gcc/tcc805x-freertos-debug/obj/console.o (strtoul)
/home/vboxuser/topst/buildtools/gcc-linaro-7.2.1-2017.11-x86_64_arm-eabi/arm-eabi/libc/usr/lib/libc.a(lib_a-svfprintf.o)
                              /home/vboxuser/topst/buildtools/gcc-linaro-7.2.1-2017.11-x86_64_arm-eabi/arm-eabi/libc/usr/lib/libc.a(lib_a-snprintf.o) (_svfprintf_r)
/home/vboxuser/topst/buildtools/gcc-linaro-7.2.1-2017.11-x86_64_arm-eabi/arm-eabi/libc/usr/lib/libc.a(lib_a-wcrtomb.o)
                              /home/vboxuser/topst/buildtools/gcc-linaro-7.2.1-2017.11-x86_64_arm-eabi/arm-eabi/libc/usr/lib/libc.a(lib_a-svfprintf.o) (_wcrtomb_r)
/home/vboxuser/topst/buildtools/gcc-linaro-7.2.1-2017.11-x86_64_arm-eabi/arm-eabi/libc/usr/lib/libc.a(lib_a-wcsrtombs.o)
                              /home/vboxuser/topst/buildtools/gcc-linaro-7.2.1-2017.11-x86_64_arm-eabi/arm-eabi/libc/usr/lib/libc.a(lib_a-svfprintf.o) (_wcsrtombs_r)
/home/vboxuser/topst/buildtools/gcc-linaro-7.2.1-2017.11-x86_64_arm-eabi/arm-eabi/libc/usr/lib/libc.a(lib_a-dtoa.o)
                              /home/vboxuser/topst/buildtools/gcc-linaro-7.2.1-2017.11-x86_64_arm-eabi/arm-eabi/libc/usr/lib/libc.a(lib_a-svfprintf.o) (_dtoa_r)
/home/vboxuser/topst/buildtools/gcc-linaro-7.2.1-2017.11-x86_64_arm-eabi/arm-eabi/libc/usr/lib/libc.a(lib_a-freer.o)
                              /home/vboxuser/topst/buildtools/gcc-linaro-7.2.1-2017.11-x86_64_arm-eabi/arm-eabi/libc/usr/lib/libc.a(lib_a-svfprintf.o) (_free_r)
/home/vboxuser/topst/buildtools/gcc-linaro-7.2.1-2017.11-x86_64_arm-eabi/arm-eabi/libc/usr/lib/libc.a(lib_a-impure.o)
                              /home/vboxuser/topst/buildtools/gcc-linaro-7.2.1-2017.11-x86_64_arm-eabi/arm-eabi/libc/usr/lib/libc.a(lib_a-snprintf.o) (_impure_ptr)
/home/vboxuser/topst/buildtools/gcc-linaro-7.2.1-2017.11-x86_64_arm-eabi/arm-eabi/libc/usr/lib/libc.a(lib_a-locale.o)
[...]
Memory Configuration

Name             Origin             Length             Attributes
SRAM             0x0000000006000000 0x000000000007b980 xrw
SRAM_ARM_STACK   0x000000000607b980 0x0000000000000680 xrw
NC_SRAM          0x00000000c007c000 0x0000000000004000 xrw
NOR              0x0000000008200000 0x0000000000200000 xr
*default*        0x0000000000000000 0xffffffffffffffff

Linker script and memory map

                0x0000000006000000                __VECTOR_START = 0x6000000
                0x0000000000004000                DMA_NC_SIZE = 0x4000

.text           0x0000000008200000    0x7ce38
                0x0000000008200000                __TEXT_START__ = .
 *startup.o(.text)
 .text          0x0000000008200000      0x230 /home/vboxuser/topst/cr5-bsp/sources/build/tcc805x/gcc/tcc805x-freertos-debug/obj/startup.o
                0x0000000008200000                reset
 *(.text)
 .text          0x0000000008200230      0x260 /home/vboxuser/topst/cr5-bsp/sources/build/tcc805x/gcc/tcc805x-freertos-debug/obj/main.o
                0x0000000008200230                cmain
 .text          0x0000000008200490     0x1a50 /home/vboxuser/topst/cr5-bsp/sources/build/tcc805x/gcc/tcc805x-freertos-debug/obj/can_demo.o
                0x0000000008201664                CAN_DemoInitialize
                0x00000000082018b8                CAN_DemoTest
                0x0000000008201ddc                CAN_DemoCreateApp
 .text          0x0000000008201ee0     0x328c /home/vboxuser/topst/cr5-bsp/sources/build/tcc805x/gcc/tcc805x-freertos-debug/obj/console.o
                0x00000000082050f0                CreateConsoleTask
 .text          0x000000000820516c      0x4fc /home/vboxuser/topst/cr5-bsp/sources/build/tcc805x/gcc/tcc805x-freertos-debug/obj/fwug.o
                0x000000000820516c                FWUG_CreateApp
                0x0000000008205364                FWUG_Start
 .text          0x0000000008205668      0xb00 /home/vboxuser/topst/cr5-bsp/sources/build/tcc805x/gcc/tcc805x-freertos-debug/obj/key_adc.o
                0x0000000008205a38                KEY_AdcOpen
                0x0000000008205c90                KEY_AdcScan
 .text          0x0000000008206168      0x500 /home/vboxuser/topst/cr5-bsp/sources/build/tcc805x/gcc/tcc805x-freertos-debug/obj/key_gpio.o
                0x0000000008206334                KEY_GpioKeyOpen
                0x00000000082063a8                KEY_GpioGetRotaryValue
 .text          0x0000000008206668      0xa08 /home/vboxuser/topst/cr5-bsp/sources/build/tcc805x/gcc/tcc805x-freertos-debug/obj/key_i2c.o
                0x00000000082067e4                KEY_I2cOpen
                0x00000000082068b8                KEY_I2cRead
                0x0000000008206a34                KEY_I2cWrite
                0x0000000008206bbc                KEY_I2cScan
 .text          0x0000000008207070        0x0 /home/vboxuser/topst/cr5-bsp/sources/build/tcc805x/gcc/tcc805x-freertos-debug/obj/key.o
 .text          0x0000000008207070      0xc0c /home/vboxuser/topst/cr5-bsp/sources/build/tcc805x/gcc/tcc805x-freertos-debug/obj/system_monitoring.o
                0x0000000008207c00                SM_CreateAppTask
 .text          0x0000000008207c7c      0x4b0 /home/vboxuser/topst/cr5-bsp/sources/build/tcc805x/gcc/tcc805x-freertos-debug/obj/bootctrl.o
                0x0000000008207fc8                BCTRL_Init
 .text          0x000000000820812c      0x1dc /home/vboxuser/topst/cr5-bsp/sources/build/tcc805x/gcc/tcc805x-freertos-debug/obj/reset_demo.o
                0x000000000820812c                PMU_ResetTest
 .text          0x0000000008208308     0x1994 /home/vboxuser/topst/cr5-bsp/sources/build/tcc805x/gcc/tcc805x-freertos-debug/obj/adc_test.o
                0x0000000008209c08                ADC_StartAdcTest
 .text          0x0000000008209c9c      0x76c /home/vboxuser/topst/cr5-bsp/sources/build/tcc805x/gcc/tcc805x-freertos-debug/obj/dse_test.o
                0x0000000008209c9c                DSE_Test_R5AccessFault
                0x000000000820a158                DSE_Test_SoftFaultCheck
 .text          0x000000000820a408      0x620 /home/vboxuser/topst/cr5-bsp/sources/build/tcc805x/gcc/tcc805x-freertos-debug/obj/fmu_test.o
                0x000000000820a9d4                FMU_StartFmuTest
 .text          0x000000000820aa28      0x3dc /home/vboxuser/topst/cr5-bsp/sources/build/tcc805x/gcc/tcc805x-freertos-debug/obj/gdma_test.o
                0x000000000820aa28                GDMA_SampleForM2M
 .text          0x000000000820ae04      0x404 /home/vboxuser/topst/cr5-bsp/sources/build/tcc805x/gcc/tcc805x-freertos-debug/obj/gic_test.o
                0x000000000820aec8                GIC_Test_SmInt
                0x000000000820b08c                GIC_Test_Sgi
 .text          0x000000000820b208     0x21b8 /home/vboxuser/topst/cr5-bsp/sources/build/tcc805x/gcc/tcc805x-freertos-debug/obj/gpio_test.o
                0x000000000820d36c                GPIO_StartGpioTest
 .text          0x000000000820d3c0     0x2590 /home/vboxuser/topst/cr5-bsp/sources/build/tcc805x/gcc/tcc805x-freertos-debug/obj/gpsb_test.o
                0x000000000820f39c                GPSB_Test
 .text          0x000000000820f950     0x33b0 /home/vboxuser/topst/cr5-bsp/sources/build/tcc805x/gcc/tcc805x-freertos-debug/obj/hsm_test.o
                0x0000000008212adc                HSM_Test
 .text          0x0000000008212d00      0xae0 /home/vboxuser/topst/cr5-bsp/sources/build/tcc805x/gcc/tcc805x-freertos-debug/obj/i2c_test.o
                0x0000000008213734                I2C_TestMain
 .text          0x00000000082137e0      0x2bc /home/vboxuser/topst/cr5-bsp/sources/build/tcc805x/gcc/tcc805x-freertos-debug/obj/ictc_test.o
                0x0000000008213a5c                ICTC_SelectTestCase
 .text          0x0000000008213a9c      0x354 /home/vboxuser/topst/cr5-bsp/sources/build/tcc805x/gcc/tcc805x-freertos-debug/obj/lin_test.o
                0x0000000008213a9c                LIN_TestUsage
                0x0000000008213ae8                LIN_SampleTest
 .text          0x0000000008213df0      0x48c /home/vboxuser/topst/cr5-bsp/sources/build/tcc805x/gcc/tcc805x-freertos-debug/obj/pdm_test.o
                0x000000000821421c                PDM_SelectTestCase
 .text          0x000000000821427c      0x66c /home/vboxuser/topst/cr5-bsp/sources/build/tcc805x/gcc/tcc805x-freertos-debug/obj/pmio_test.o
                0x00000000082145d4                PMIO_TEST_GetByAddress
                0x0000000008214644                PMIO_TEST_GetByName
                0x00000000082146e0                PMIO_TEST_SetByAddress
                0x0000000008214798                PMIO_TEST_SetByName
                0x0000000008214888                PMIO_TEST_PrintStatus
                0x00000000082148a8                PMIO_TEST_Run
 .text          0x00000000082148e8     0x13c4 /home/vboxuser/topst/cr5-bsp/sources/build/tcc805x/gcc/tcc805x-freertos-debug/obj/timer_test.o
                0x0000000008215af0                delay_us3
                0x0000000008215b40                timer_on
                0x0000000008215ba4                TIMER_StartTimerTest
 .text          0x0000000008215cac      0xac0 /home/vboxuser/topst/cr5-bsp/sources/build/tcc805x/gcc/tcc805x-freertos-debug/obj/wdt_test.o
                0x0000000008216624                WDT_StartTest
 .text          0x000000000821676c      0x534 /home/vboxuser/topst/cr5-bsp/sources/build/tcc805x/gcc/tcc805x-freertos-debug/obj/pwm_test.o
                0x000000000821676c                PWM_TestSleepForSec
                0x00000000082167d4                PWM_TestSetGpio
                0x00000000082167f0                PWM_TestMotorGpio
                0x000000000821683c                PWM_TestSwitchGpio
                0x0000000008216870                PWM_TestLED
                0x00000000082169f4                PWM_SwitchCtrl
                0x0000000008216c44                PWM_SelectTestCase
 .text          0x0000000008216ca0      0x69c /home/vboxuser/topst/cr5-bsp/sources/build/tcc805x/gcc/tcc805x-freertos-debug/obj/hap.o
                0x0000000008216ca0                calculate_distance
                0x0000000008216d14                ultrasonic_read_distance
                0x0000000008216e18                Ultra_Test
                0x0000000008216fb8                UartJIN2
                0x0000000008217250                Create_TEST_Task
 .text          0x000000000821733c      0x21c /home/vboxuser/topst/cr5-bsp/sources/build/tcc805x/gcc/tcc805x-freertos-debug/obj/mptool.o
                0x000000000821733c                MPTool_CreateApp
 .text          0x0000000008217558     0x1d6c /home/vboxuser/topst/cr5-bsp/sources/build/tcc805x/gcc/tcc805x-freertos-debug/obj/ipc_os.o
                0x0000000008217558                IPC_GetUsec
                0x0000000008217574                IPC_GetMsec
                0x00000000082175c4                IPC_Mdelay
                0x0000000008217610                IPC_Udelay
                0x0000000008217740                IPC_CommonLock
                0x00000000082177c8                IPC_CommonUnlock
                0x0000000008217f20                IPC_MboxLock
                0x0000000008217fa8                IPC_MboxUnlock
                0x0000000008218028                IPC_WriteLock
                0x00000000082180b0                IPC_WriteUnlock
                0x0000000008218130                IPC_ReadLock
                0x00000000082181b8                IPC_ReadUnlock
                0x0000000008218238                IPC_RbufferLock
                0x00000000082182c0                IPC_RbufferUnlock
                0x0000000008218340                IPC_WbufferLock
                0x00000000082183c8                IPC_WbufferUnlock
                0x0000000008218628                IPC_CmdWaitEventTimeOut
                0x00000000082187c4                IPC_CmdWakePreSet
                0x0000000008218928                IPC_CmdWakeUp
                0x0000000008218c28                IPC_ReadWaitEventTimeOut
                0x0000000008218d10                IPC_ReadClearEvent
                0x0000000008218d98                IPC_ReadWakeUp
                0x0000000008218fa8                IPC_BufferOverFlowWaitEventTimeOut
                0x0000000008219100                IPC_BufferOverFlowWakeUp
                0x000000000821918c                IPC_RequestIrq
                0x00000000082191d4                IPC_FreeIrq
                0x00000000082191fc                IPC_OsResourceInit
                0x0000000008219258                IPC_OsResourceRelease
 .text          0x00000000082192c4      0xfa8 /home/vboxuser/topst/cr5-bsp/sources/build/tcc805x/gcc/tcc805x-freertos-debug/obj/ipc_buffer.o
                0x00000000082192c4                IPC_BufferInit
                0x000000000821931c                IPC_PushOneByte
                0x0000000008219430                IPC_PushOneByteOverWrite
                0x000000000821959c                IPC_PopOneByte
                0x00000000082196b8                IPC_BufferFlush
                0x0000000008219744                IPC_BufferFlushByte
                0x00000000082198a8                IPC_BufferDataAvailable
                0x0000000008219994                IPC_BufferFreeSpace
                0x0000000008219a88                IPC_BufferSetHead
                0x0000000008219b0c                IPC_BufferSetTail
                0x0000000008219b90                IPC_BufferGetHead
                0x0000000008219bcc                IPC_BufferGetTail
                0x0000000008219c08                IPC_PushBuffer
                0x0000000008219e44                IPC_PushBufferOverWrite
                0x000000000821a064                IPC_PopBuffer
 .text          0x000000000821a26c      0x96c /home/vboxuser/topst/cr5-bsp/sources/build/tcc805x/gcc/tcc805x-freertos-debug/obj/ipc_cmd.o
                0x000000000821a300                IPC_SendOpen
                0x000000000821a498                IPC_SendClose
                0x000000000821a5dc                IPC_SendWrite
                0x000000000821a8b8                IPC_SendPing
                0x000000000821aa54                IPC_SendAck
 .text          0x000000000821abd8     0x1cec /home/vboxuser/topst/cr5-bsp/sources/build/tcc805x/gcc/tcc805x-freertos-debug/obj/ipc_ctl.o
                0x000000000821acc8                IPC_Write
                0x000000000821b420                IPC_Read
                0x000000000821b5a4                IPC_PingTest
                0x000000000821b6cc                IPC_Flush
                0x000000000821b738                IPC_StructInit
                0x000000000821b83c                IPC_GetStatus
                0x000000000821c6e4                IPC_Initialize
                0x000000000821c874                IPC_Release
 .text          0x000000000821c8c4      0x680 /home/vboxuser/topst/cr5-bsp/sources/build/tcc805x/gcc/tcc805x-freertos-debug/obj/ipc_parser.o
                0x000000000821cdcc                IPC_CreateIPCParserTask
 .text          0x000000000821cf44     0x1024 /home/vboxuser/topst/cr5-bsp/sources/build/tcc805x/gcc/tcc805x-freertos-debug/obj/ipc_api.o
                0x000000000821cf44                IPC_Open
                0x000000000821d1c0                IPC_Close
                0x000000000821d3c8                IPC_CalcCrc16
                0x000000000821d48c                IPC_Ioctl
                0x000000000821dce0                IPC_SendPacketWithIPCHeader
 .text          0x000000000821df68      0x1d4 /home/vboxuser/topst/cr5-bsp/sources/build/tcc805x/gcc/tcc805x-freertos-debug/obj/ipc.o
                0x000000000821df68                IPC_Create
                0x000000000821df7c                IPC_RegisterCbFunc
                0x000000000821e084                IPC_SendPacket
                0x000000000821e0f4                IPC_IsReady
 .text          0x000000000821e13c      0xe1c /home/vboxuser/topst/cr5-bsp/sources/build/tcc805x/gcc/tcc805x-freertos-debug/obj/lin.o
                0x000000000821e7cc                LIN_Init
                0x000000000821e9e8                LIN_SendData
                0x000000000821eb30                LIN_ReadData
                0x000000000821eec0                LIN_TransceiverWakeup
 .text          0x000000000821ef58      0xc84 /home/vboxuser/topst/cr5-bsp/sources/build/tcc805x/gcc/tcc805x-freertos-debug/obj/sdm.o
                0x000000000821f124                SDM_ReadReg
                0x000000000821f548                SDM_WriteReg
                0x000000000821fa8c                SDM_Init
 .text          0x000000000821fbdc     0x2d00 /home/vboxuser/topst/cr5-bsp/sources/build/tcc805x/gcc/tcc805x-freertos-debug/obj/hsm_manager.o
                0x000000000821fbdc                HSM_Init
                0x000000000821fcb0                HSM_VerifyFw
                0x000000000821fe10                HSM_SetKey
                0x000000000822001c                HSM_RunAes
                0x00000000082205bc                HSM_RunAesByKt
                0x0000000008220ae8                HSM_GenMac
                0x0000000008220f64                HSM_GenMacByKt
                0x000000000822136c                HSM_GenHash
                0x00000000082216a4                HSM_RunEcdsa
                0x0000000008221af4                HSM_RunRsa
                0x0000000008221ff4                HSM_Write
                0x0000000008222238                HSM_GetRand
                0x00000000082224bc                HSM_BlockApSystem
                0x0000000008222644                HSM_GetVersion
 .text          0x00000000082228dc      0x3fc /home/vboxuser/topst/cr5-bsp/sources/build/tcc805x/gcc/tcc805x-freertos-debug/obj/adc.o
                0x0000000008222a78                ADC_Init
                0x0000000008222b6c                ADC_Read
                0x0000000008222c6c                ADC_AutoScan
                0x0000000008222cbc                ADC_DeInit
 .text          0x0000000008222cd8      0xbb0 /home/vboxuser/topst/cr5-bsp/sources/build/tcc805x/gcc/tcc805x-freertos-debug/obj/can.o
                0x0000000008222cd8                CAN_Init
                0x0000000008222e70                CAN_Deinit
                0x0000000008222f9c                CAN_InitMessage
                0x0000000008223024                CAN_CheckNewRxMessage
                0x000000000822306c                CAN_GetNewRxMessage
                0x0000000008223160                CAN_SendMessage
                0x0000000008223264                CAN_RequestTxMessageCancellation
                0x0000000008223324                CAN_CheckNewTxEvent
                0x000000000822336c                CAN_GetNewTxEvent
                0x00000000082233cc                CAN_SetControllerMode
                0x0000000008223618                CAN_GetControllerMode
                0x000000000822369c                CAN_GetProtocolStatus
                0x000000000822371c                CAN_GetControllerInfo
                0x000000000822378c                CAN_RegisterCallbackFunctionTx
                0x00000000082237e0                CAN_RegisterCallbackFunctionRx
                0x0000000008223834                CAN_RegisterCallbackFunctionError
 .text          0x0000000008223888     0x2ef8 /home/vboxuser/topst/cr5-bsp/sources/build/tcc805x/gcc/tcc805x-freertos-debug/obj/can_drv.o
                0x0000000008223888                CAN_DrvInitChannel
                0x0000000008223a54                CAN_DrvDeinitChannel
                0x0000000008223b38                CAN_DrvSetNormalOperationMode
                0x0000000008223cbc                CAN_DrvSetMonitoringMode
                0x0000000008223da4                CAN_DrvSetInternalTestMode
                0x0000000008223eb4                CAN_DrvSetExternalTestMode
                0x0000000008223fb0                CAN_DrvSetWakeUpMode
                0x00000000082240d0                CAN_DrvSetSleepMode
                0x00000000082259f8                CAN_DrvGetProtocolStatus
                0x0000000008226634                CAN_DrvCallbackNotifyRxEvent
 .text          0x0000000008226780     0x1ac0 /home/vboxuser/topst/cr5-bsp/sources/build/tcc805x/gcc/tcc805x-freertos-debug/obj/can_msg.o
                0x0000000008226780                CAN_MsgInit
                0x0000000008227124                CAN_MsgPutRxMessage
                0x0000000008227584                CAN_MsgGetCountOfRxMessage
                0x0000000008227728                CAN_MsgGetRxMessage
                0x0000000008227c9c                CAN_MsgSetTxMessage
                0x0000000008227f50                CAN_MsgRequestTxMessageCancellation
                0x0000000008227fe0                CAN_MsgGetCountOfTxEvent
                0x0000000008228050                CAN_MsgGetTxEventMessage
 .text          0x0000000008228240        0x0 /home/vboxuser/topst/cr5-bsp/sources/build/tcc805x/gcc/tcc805x-freertos-debug/obj/can_par.o
 .text          0x0000000008228240      0xc10 /home/vboxuser/topst/cr5-bsp/sources/build/tcc805x/gcc/tcc805x-freertos-debug/obj/can_porting.o
                0x0000000008228240                CAN_PortingDelay
                0x00000000082282a4                CAN_PortingInitHW
                0x00000000082283a0                CAN_PortingSetControllerClock
                0x0000000008228474                CAN_PortingResetDriver
                0x00000000082285f8                CAN_PortingSetInterruptHandler
                0x0000000008228670                CAN_PortingDisableControllerInterrupts
                0x00000000082286c4                CAN_PortingEnableControllerInterrupts
                0x0000000008228718                CAN_PortingGetSizeofStandardIDFilterList
                0x000000000822875c                CAN_PortingGetSizeofExtendedIDFilterList
                0x00000000082287a0                CAN_PortingGetSizeofRxFIFO0
                0x00000000082287e4                CAN_PortingGetSizeofRxFIFO1
                0x0000000008228828                CAN_PortingGetSizeofRxBuffer
                0x000000000822886c                CAN_PortingGetSizeofTxEventBuffer
                0x00000000082288b0                CAN_PortingGetSizeofTxBuffer
                0x00000000082288f4                CAN_PortingGetBitRateSwitchEnable
                0x0000000008228938                CAN_PortingGetFDEnable
                0x000000000822897c                CAN_PortingGetStandardIDFilterEnable
                0x00000000082289c0                CAN_PortingGetExtendedIDFilterEnable
                0x0000000008228a04                CAN_PortingGetStandardIDRemoteRejectEnable
                0x0000000008228a48                CAN_PortingGetExtendedIDRemoteRejectEnable
                0x0000000008228a8c                CAN_PortingGetTxEventFIFOEnable
                0x0000000008228ad0                CAN_PortingGetWatchDogEnable
                0x0000000008228b14                CAN_PortingGetTimeOutEnable
                0x0000000008228b58                CAN_PortingGetTimeStampEnable
                0x0000000008228b9c                CAN_PortingAllocateNonCacheMemory
                0x0000000008228c24                CAN_PortingDeallocateNonCacheMemory
                0x0000000008228c64                CAN_PortingGetControllerRegister
                0x0000000008228cb0                CAN_PortingGetConfigBaseAddr
                0x0000000008228cdc                CAN_PortingGetMessageRamBaseAddr
                0x0000000008228d30                CAN_PortingGetConfigEXTS0Addr
                0x0000000008228d78                CAN_PortingGetConfigEXTS1Addr
                0x0000000008228dc0                CAN_PortingGetConfigWritePasswordAddr
                0x0000000008228e08                CAN_PortingGetConfigWriteLockAddr
 .text          0x0000000008228e50     0x226c /home/vboxuser/topst/cr5-bsp/sources/build/tcc805x/gcc/tcc805x-freertos-debug/obj/clock_dev.o
                0x0000000008229f7c                CLOCK_Init
                0x000000000822a050                CLOCK_SetPllDiv
                0x000000000822a198                CLOCK_GetPllRate
                0x000000000822a210                CLOCK_SetPllRate
                0x000000000822a7d4                CLOCK_SetClkCtrlRate
                0x000000000822a874                CLOCK_GetClkCtrlRate
                0x000000000822a9c8                CLOCK_IsPeriEnabled
                0x000000000822aa30                CLOCK_EnablePeri
                0x000000000822aa90                CLOCK_DisablePeri
                0x000000000822aaf0                CLOCK_GetPeriRate
                0x000000000822ac6c                CLOCK_SetPeriRate
                0x000000000822ad88                CLOCK_IsIobusPwdn
                0x000000000822ae3c                CLOCK_EnableIobus
                0x000000000822aedc                CLOCK_SetIobusPwdn
                0x000000000822afcc                CLOCK_SetSwReset
 .text          0x000000000822b0bc      0xba8 /home/vboxuser/topst/cr5-bsp/sources/build/tcc805x/gcc/tcc805x-freertos-debug/obj/debug.o
                0x000000000822b0bc                DBG_Putc
                0x000000000822b51c                DBG_Printfi
                0x000000000822bc38                DBG_SerialPrintf
 .text          0x000000000822bc64       0xd8 /home/vboxuser/topst/cr5-bsp/sources/build/tcc805x/gcc/tcc805x-freertos-debug/obj/bsp.o
                0x000000000822bc64                BSP_PreInit
                0x000000000822bc80                BSP_Init
                0x000000000822bcd4                BSP_UndefAbortExceptionHook
                0x000000000822bcfc                BSP_SystemHalt
 .text          0x000000000822bd3c     0x18a4 /home/vboxuser/topst/cr5-bsp/sources/build/tcc805x/gcc/tcc805x-freertos-debug/obj/fmu.o
                0x000000000822d05c                FMU_Init
                0x000000000822d0e4                FMU_IsrHandler
                0x000000000822d210                FMU_Set
                0x000000000822d530                FMU_IsrClr
                0x000000000822d5ac                FMU_Deinit
 .text          0x000000000822d5e0      0xc3c /home/vboxuser/topst/cr5-bsp/sources/build/tcc805x/gcc/tcc805x-freertos-debug/obj/gdma.o
                0x000000000822dd5c                GDMA_TransferFunctionForM2M
                0x000000000822e090                GDMA_Initialize
 .text          0x000000000822e21c      0xe1c /home/vboxuser/topst/cr5-bsp/sources/build/tcc805x/gcc/tcc805x-freertos-debug/obj/gic.o
                0x000000000822e46c                GIC_Init
                0x000000000822e558                GIC_IntSrcEn
                0x000000000822e678                GIC_IntSrcDis
                0x000000000822e770                GIC_IntPrioSet
                0x000000000822e808                GIC_IntVectSet
                0x000000000822ea2c                GIC_IntHandlerWithParam
                0x000000000822eb14                GIC_IntHandler
                0x000000000822ec00                GIC_IntExtSet
                0x000000000822ed44                GIC_IntSGI
                0x000000000822ede0                GIC_SmIrqEn
                0x000000000822ef0c                GIC_SmIrqSetHigh
 .text          0x000000000822f038     0x1224 /home/vboxuser/topst/cr5-bsp/sources/build/tcc805x/gcc/tcc805x-freertos-debug/obj/gpio.o
                0x000000000822f58c                GPIO_Config
                0x000000000822fec8                GPIO_Get
                0x000000000822ff40                GPIO_Set
                0x0000000008230008                GPIO_ToNum
 .text          0x000000000823025c     0x4d00 /home/vboxuser/topst/cr5-bsp/sources/build/tcc805x/gcc/tcc805x-freertos-debug/obj/i2c.o
                0x0000000008230614                I2C_ScanSlave
                0x0000000008231e90                I2C_Xfer
                0x0000000008232154                I2C_XferCmd
                0x00000000082323dc                I2C_GetMachineState
                0x0000000008234730                I2C_Open
                0x0000000008234b78                I2C_Close
                0x0000000008234ea4                I2C_Init
                0x0000000008234f34                I2C_Deinit
 .text          0x0000000008234f5c        0x0 /home/vboxuser/topst/cr5-bsp/sources/build/tcc805x/gcc/tcc805x-freertos-debug/obj/i2c_reg.o
 .text          0x0000000008234f5c     0x153c /home/vboxuser/topst/cr5-bsp/sources/build/tcc805x/gcc/tcc805x-freertos-debug/obj/ictc.o
                0x0000000008234f5c                ICTC_Init
                0x00000000082350d4                ICTC_Deinit
                0x0000000008235154                ICTC_GetPrevPeriodCnt
                0x000000000823527c                ICTC_GetPreDutyCnt
                0x00000000082353a4                ICTC_GetCurEdgeCnt
                0x00000000082354cc                ICTC_GetPrvEdgeCnt
                0x00000000082355f4                ICTC_GetREdgeTstmpCnt
                0x0000000008235828                ICTC_GetFEdgeTstmpCnt
                0x0000000008235b20                ICTC_EnableCapture
                0x0000000008235bc8                ICTC_DisableCapture
                0x0000000008235c78                ICTC_SetOpEnCtrlCounter
                0x0000000008235cec                ICTC_SetOpModeCtrlReg
                0x000000000823600c                ICTC_SetIRQCtrlReg
                0x000000000823619c                ICTC_SetCallBackFunc
                0x0000000008236200                ICTC_SetTimeoutValue
                0x0000000008236280                ICTC_SetEdgeMatchingValue
                0x00000000082363b8                ICTC_SetCompareRoundValue
 .text          0x0000000008236498     0x10d4 /home/vboxuser/topst/cr5-bsp/sources/build/tcc805x/gcc/tcc805x-freertos-debug/obj/mbox_phy.o
                0x0000000008236498                MBOX_PhyReady
                0x000000000823670c                MBOX_PhyBitSetCtrl
                0x0000000008236790                MBOX_PhyBitClearCtrl
                0x00000000082367e8                MBOX_PhyIsIlevelSet
                0x0000000008236838                MBOX_PhyIsIenSet
                0x000000000823688c                MBOX_PhyIsOenSet
                0x00000000082368e0                MBOX_PhyIsFlushedCmd
                0x0000000008236934                MBOX_PhyIsFlushedData
                0x0000000008236988                MBOX_PhyCountScmd
                0x00000000082369dc                MBOX_PhyFullScmd
                0x0000000008236a30                MBOX_PhyEmptyScmd
                0x0000000008236a84                MBOX_PhyCountMcmd
                0x0000000008236ad8                MBOX_PhyFullMcmd
                0x0000000008236b2c                MBOX_PhyEmptyMcmd
                0x0000000008236b7c                MBOX_PhyEmptyMdata
                0x0000000008236bd0                MBOX_PhyFullMdata
                0x0000000008236c24                MBOX_PhyCountMdata
                0x0000000008236c70                MBOX_PhyEmptySdata
                0x0000000008236cc4                MBOX_PhyFullSdata
                0x0000000008236d18                MBOX_PhyCountSdata
                0x0000000008236d64                MBOX_PhyWriteCmd
                0x0000000008236f20                MBOX_PhyReadCmd
                0x00000000082371a4                MBOX_PhyWriteData
                0x000000000823728c                MBOX_PhyReadData
                0x0000000008237394                MBOX_PhySetOwnTmnSts
                0x0000000008237448                MBOX_PhyGetOwnTmnSts
                0x00000000082374d8                MBOX_PhyGetOppTmnSts
 .text          0x000000000823756c     0x424c /home/vboxuser/topst/cr5-bsp/sources/build/tcc805x/gcc/tcc805x-freertos-debug/obj/mbox_dev.o
                0x000000000823756c                MBOX_DevInit
                0x00000000082379f4                MBOX_DevOpen
                0x00000000082380f4                MBOX_DevSend
                0x0000000008238608                MBOX_DevSendSss
                0x0000000008238b10                MBOX_DevSendCmd
                0x0000000008238f64                MBOX_DevSendData
                0x0000000008239474                MBOX_DevRecv
                0x00000000082395ec                MBOX_DevRecvSss
                0x0000000008239764                MBOX_DevRecvCmd
                0x0000000008239798                MBOX_DevRecvData
                0x000000000823a7cc                MBOX_DevIoctl
 .text          0x000000000823b7b8      0xcc8 /home/vboxuser/topst/cr5-bsp/sources/build/tcc805x/gcc/tcc805x-freertos-debug/obj/mbox.o
                0x000000000823c1d8                MBOX_Init
 .text          0x000000000823c480      0x268 /home/vboxuser/topst/cr5-bsp/sources/build/tcc805x/gcc/tcc805x-freertos-debug/obj/mpu.o
                0x000000000823c50c                MPU_Init
                0x000000000823c59c                MPU_GetDMABaseAddress
                0x000000000823c5c8                MPU_SetRegion
                0x000000000823c66c                MPU_Enable
                0x000000000823c6a0                MPU_Disable
 .text          0x000000000823c6e8     0x3f08 /home/vboxuser/topst/cr5-bsp/sources/build/tcc805x/gcc/tcc805x-freertos-debug/obj/pdm.o
                0x000000000823d9d0                PDM_EnableClock
                0x000000000823db50                PDM_DisableClock
                0x000000000823db78                PDM_Init
                0x000000000823e25c                PDM_Deinit
                0x000000000823f8fc                PDM_GetChannelStatus
                0x000000000823fecc                PDM_Enable
                0x000000000824007c                PDM_Disable
                0x00000000082401a8                PDM_SetConfig
 .text          0x00000000082405f0     0x2914 /home/vboxuser/topst/cr5-bsp/sources/build/tcc805x/gcc/tcc805x-freertos-debug/obj/pmio_dev.o
                0x0000000008241070                PMIO_ForceSTRModeTest
                0x0000000008241098                PMIO_EarlyWakeUp
                0x000000000824114c                PMIO_PowerDown
                0x00000000082413b0                PMIO_DebugPrintPowerStatus
                0x00000000082415d8                PMIO_Init
                0x000000000824168c                PMIO_ClearBackupRAM
                0x00000000082416e4                PMIO_GetBackupRam
                0x0000000008241720                PMIO_SetBackupRam
                0x00000000082417a0                PMIO_GetBootReason
                0x00000000082418ac                PMIO_GetWdtReset
                0x0000000008241928                PMIO_SetGPK
                0x0000000008242eec                PMIO_APBootOk
 .text          0x0000000008242f04     0x7490 /home/vboxuser/topst/cr5-bsp/sources/build/tcc805x/gcc/tcc805x-freertos-debug/obj/gpsb.o
                0x0000000008242f80                GPSB_BitClear
                0x0000000008242fd0                GPSB_BitSet
                0x0000000008243030                GPSB_BitCSet
                0x0000000008243094                GPSB_BitSClear
                0x0000000008243884                GPSB_Reset
                0x0000000008244400                GPSB_SetSpeed
                0x00000000082445f8                GPSB_SetBpw
                0x00000000082447e8                GPSB_SetBpwNoSwap
                0x00000000082449a8                GPSB_SetMode
                0x0000000008244de4                GPSB_CsAlloc
                0x0000000008244f64                GPSB_CsInit
                0x0000000008245058                GPSB_CsActivate
                0x00000000082450f8                GPSB_CsDeactivate
                0x00000000082463b8                GPSB_Xfer
                0x00000000082468b8                GPSB_XferAbort
                0x0000000008246bfc                GPSB_Open
                0x0000000008247410                GPSB_Close
                0x0000000008248960                GPSB_SetSdmExtPort
                0x0000000008248a9c                GPSB_SetRvcExtPort
                0x0000000008248bbc                GPSB_SetSdmChannel
                0x0000000008248de0                GPSB_SetRvcChannel
                0x0000000008249010                GPSB_SetLbCfg
                0x0000000008249164                GPSB_ClearLbCfg
                0x0000000008249804                GPSB_Init
                0x00000000082499fc                GPSB_Deinit
                0x0000000008249a6c                GPSB_SafetyEnableLock
                0x0000000008249b64                GPSB_SafetyDisableLock
                0x0000000008249c5c                GPSB_SafetyEnableLoopback
                0x0000000008249db8                GPSB_SafetyDisableLoopback
                0x0000000008249ec4                GPSB_SafetyEnableMonitor
                0x000000000824a0f0                GPSB_SafetyDisableMonitor
                0x000000000824a1c0                GPSB_SafetyGetStatus
 .text          0x000000000824a394        0x0 /home/vboxuser/topst/cr5-bsp/sources/build/tcc805x/gcc/tcc805x-freertos-debug/obj/gpsb_reg.o
 .text          0x000000000824a394     0x10c0 /home/vboxuser/topst/cr5-bsp/sources/build/tcc805x/gcc/tcc805x-freertos-debug/obj/timer.o
                0x000000000824a394                TIMER_GetCurrentMainCounter1
                0x000000000824a3b8                TIMER_GetCurrentMainCounter
                0x000000000824a3f4                delay_us2
                0x000000000824a774                TIMER_InterruptClear
                0x000000000824a7ec                TIMER_Enable
                0x000000000824a838                TIMER_EnableWithMode
                0x000000000824a8c0                TIMER_EnableWithCfg
                0x000000000824b070                TIMER_Disable
                0x000000000824b230                TIMER_Init
 .text          0x000000000824b454     0x3bec /home/vboxuser/topst/cr5-bsp/sources/build/tcc805x/gcc/tcc805x-freertos-debug/obj/uart.o
                0x000000000824e20c                UART_Open
                0x000000000824e3a8                UART_Close
                0x000000000824e57c                UART_Read
                0x000000000824e70c                UART_Write
                0x000000000824e878                UART_GetData
                0x000000000824ea2c                UART_GetChar
                0x000000000824eba0                UART_PutChar
                0x000000000824eca4                UART_SetLineControlReg
                0x000000000824ed2c                UART_SetInterruptClearReg
                0x000000000824ed64                UART_SetErrorClearReg
                0x000000000824ed9c                UART_GetReceiveStatusReg
                0x000000000824edd4                UART_GetRawInterruptStatusReg
                0x000000000824ee0c                UART_Init
                0x000000000824eec4                UART_ISR
 .text          0x000000000824f040     0x1238 /home/vboxuser/topst/cr5-bsp/sources/build/tcc805x/gcc/tcc805x-freertos-debug/obj/udma.o
                0x000000000824f040                UDMA_InterruptEnable
                0x000000000824f13c                UDMA_InterruptDisable
                0x000000000824f238                UDMA_SetAddrIncrement
                0x000000000824f330                UDMA_SetTransferWidth
                0x000000000824f428                UDMA_SetBurstSize
                0x000000000824f520                UDMA_SetTransferSize
                0x000000000824f5f8                UDMA_SetFlowControl
                0x000000000824f6d0                UDMA_Reset
                0x000000000824f750                UDMA_SetPeri
                0x000000000824f804                UDMA_GetTransferSize
                0x000000000824fb28                UDMA_ChannelEnable
                0x000000000824fbf0                UDMA_ChannelDisable
                0x000000000824fcb8                UDMA_SetSrcAddr
                0x000000000824fd60                UDMA_SetDestAddr
                0x000000000824fe08                UDMA_SetlliAddr
                0x000000000824feb0                UDMA_GetDestAddr
                0x000000000824ff60                UDMA_TransferMem2Mem
                0x0000000008250048                UDMA_Init
 .text          0x0000000008250278      0x69c /home/vboxuser/topst/cr5-bsp/sources/build/tcc805x/gcc/tcc805x-freertos-debug/obj/wdt.o
                0x000000000825052c                WDT_KickPing
                0x000000000825054c                WDT_ResetSystem
                0x00000000082505d0                WDT_Stop
                0x0000000008250654                WDT_SmMode
                0x0000000008250808                WDT_Init
 .text          0x0000000008250914      0x530 /home/vboxuser/topst/cr5-bsp/sources/build/tcc805x/gcc/tcc805x-freertos-debug/obj/dse.o
                0x0000000008250914                DSE_WriteLock
                0x0000000008250c48                DSE_Deinit
                0x0000000008250ca4                DSE_Init
                0x0000000008250e14                DSE_GetGrpSts
 .text          0x0000000008250e44      0xc5c /home/vboxuser/topst/cr5-bsp/sources/build/tcc805x/gcc/tcc805x-freertos-debug/obj/midf.o
                0x0000000008250e44                MIDF_FilterInitialize
                0x00000000082510e0                MIDF_RegisterFilterRegion
                0x0000000008251424                MIDF_UnregisterFilterRegion
                0x0000000008251810                MIDF_RegisterWriteLockSafetyMechanism
                0x000000000825190c                MIDF_ConfigSoftFaultCheckSafetyMechanism
 .text          0x0000000008251aa0      0xa08 /home/vboxuser/topst/cr5-bsp/sources/build/tcc805x/gcc/tcc805x-freertos-debug/obj/pmu_reset.o
                0x0000000008251aa0                PMU_ResetPreCfg
                0x0000000008251c24                PMU_ResetSDMRstMskCfg
                0x0000000008251d6c                PMU_ResetTRVCRstMskCfg
                0x0000000008251ec0                PMU_ResetColdReset
                0x0000000008251ee8                PMU_ResetAPSystemReboot
                0x0000000008252388                PMU_ResetSCWDTInit
 .text          0x00000000082524a8     0x3668 /home/vboxuser/topst/cr5-bsp/sources/build/tcc805x/gcc/tcc805x-freertos-debug/obj/tasks.o
                0x00000000082524a8                xTaskCreateStatic
                0x0000000008252590                xTaskCreate
                0x00000000082529ec                vTaskDelete
                0x0000000008252b40                vTaskDelayUntil
                0x0000000008252c80                vTaskDelay
                0x0000000008252cf0                eTaskGetState
                0x0000000008252e3c                uxTaskPriorityGet
                0x0000000008252e94                uxTaskPriorityGetFromISR
                0x0000000008252ef8                vTaskPrioritySet
                0x0000000008253110                vTaskSuspend
                0x00000000082532f0                vTaskResume
                0x0000000008253400                xTaskResumeFromISR
                0x0000000008253538                vTaskStartScheduler
                0x0000000008253654                vTaskEndScheduler
                0x000000000825367c                vTaskSuspendAll
                0x00000000082536b4                xTaskResumeAll
                0x00000000082538bc                xTaskGetTickCount
                0x00000000082538f0                xTaskGetTickCountFromISR
                0x0000000008253930                uxTaskGetNumberOfTasks
                0x0000000008253954                pcTaskGetName
                0x0000000008253b60                xTaskGetHandle
                0x0000000008253c94                xTaskCatchUpTicks
                0x0000000008253d00                xTaskAbortDelay
                0x0000000008253e44                xTaskIncrementTick
                0x00000000082540ec                vTaskSwitchContext
                0x00000000082542c8                vTaskPlaceOnEventList
                0x0000000008254320                vTaskPlaceOnUnorderedEventList
                0x00000000082543ac                vTaskPlaceOnEventListRestricted
                0x000000000825441c                xTaskRemoveFromEventList
                0x0000000008254558                vTaskRemoveFromUnorderedEventList
                0x000000000825466c                vTaskSetTimeOutState
                0x00000000082546c8                vTaskInternalSetTimeOutState
                0x0000000008254710                xTaskCheckForTimeOut
                0x0000000008254864                vTaskMissedYield
                0x0000000008254b0c                xTaskGetCurrentTaskHandle
                0x0000000008254b3c                xTaskGetSchedulerState
                0x0000000008254ba4                xTaskPriorityInherit
                0x0000000008254d40                xTaskPriorityDisinherit
                0x0000000008254e8c                vTaskPriorityDisinheritAfterTimeout
                0x000000000825502c                uxTaskResetEventItemValue
                0x0000000008255084                pvTaskIncrementMutexHeldCount
                0x00000000082550d4                ulTaskNotifyTake
                0x00000000082551c0                xTaskNotifyWait
                0x00000000082552f0                xTaskGenericNotify
                0x00000000082554e8                xTaskGenericNotifyFromISR
                0x0000000008255740                vTaskNotifyGiveFromISR
                0x00000000082558c8                xTaskNotifyStateClear
                0x0000000008255948                ulTaskNotifyValueClear
 .text          0x0000000008255b10      0x294 /home/vboxuser/topst/cr5-bsp/sources/build/tcc805x/gcc/tcc805x-freertos-debug/obj/list.o
                0x0000000008255b10                vListInitialise
                0x0000000008255b78                vListInitialiseItem
                0x0000000008255ba4                vListInsertEnd
                0x0000000008255c2c                vListInsert
                0x0000000008255d04                uxListRemove
 .text          0x0000000008255da4     0x2278 /home/vboxuser/topst/cr5-bsp/sources/build/tcc805x/gcc/tcc805x-freertos-debug/obj/queue.o
                0x0000000008255da4                xQueueGenericReset
                0x0000000008255ed0                xQueueGenericCreateStatic
                0x0000000008255fd8                xQueueGenericCreate
                0x0000000008256164                xQueueCreateMutex
                0x00000000082561b8                xQueueCreateMutexStatic
                0x0000000008256218                xQueueGetMutexHolder
                0x0000000008256270                xQueueGetMutexHolderFromISR
                0x00000000082562cc                xQueueGiveMutexRecursive
                0x0000000008256368                xQueueTakeMutexRecursive
                0x000000000825640c                xQueueCreateCountingSemaphoreStatic
                0x0000000008256490                xQueueCreateCountingSemaphore
                0x0000000008256504                xQueueGenericSend
                0x00000000082567d8                xQueueGenericSendFromISR
                0x00000000082569bc                xQueueGiveFromISR
                0x0000000008256b54                xQueueReceive
                0x0000000008256d9c                xQueueSemaphoreTake
                0x000000000825704c                xQueuePeek
                0x000000000825729c                xQueueReceiveFromISR
                0x00000000082573e4                xQueuePeekFromISR
                0x00000000082574c4                uxQueueMessagesWaiting
                0x0000000008257508                uxQueueSpacesAvailable
                0x0000000008257560                uxQueueMessagesWaitingFromISR
                0x00000000082575a8                vQueueDelete
                0x00000000082579fc                xQueueIsQueueEmptyFromISR
                0x0000000008257ab0                xQueueIsQueueFullFromISR
                0x0000000008257b18                vQueueAddToRegistry
                0x0000000008257bac                pcQueueGetName
                0x0000000008257c38                vQueueUnregisterQueue
                0x0000000008257cd4                vQueueWaitForMessageRestricted
                0x0000000008257d78                xQueueCreateSet
                0x0000000008257dac                xQueueAddToSet
                0x0000000008257e24                xQueueRemoveFromSet
                0x0000000008257ea8                xQueueSelectFromSet
                0x0000000008257ee8                xQueueSelectFromSetFromISR
 .text          0x000000000825801c      0x8e4 /home/vboxuser/topst/cr5-bsp/sources/build/tcc805x/gcc/tcc805x-freertos-debug/obj/event_groups.o
                0x000000000825801c                xEventGroupCreateStatic
                0x00000000082580a0                xEventGroupCreate
                0x00000000082580fc                xEventGroupSync
                0x00000000082582e4                xEventGroupWaitBits
                0x000000000825851c                xEventGroupClearBits
                0x000000000825859c                xEventGroupGetBitsFromISR
                0x00000000082585e0                xEventGroupSetBits
                0x0000000008258794                vEventGroupDelete
                0x0000000008258828                vEventGroupSetBitsCallback
                0x0000000008258854                vEventGroupClearBitsCallback
 .text          0x0000000008258900      0xfe0 /home/vboxuser/topst/cr5-bsp/sources/build/tcc805x/gcc/tcc805x-freertos-debug/obj/timers.o
                0x0000000008258900                xTimerCreateTimerTask
                0x00000000082589d4                xTimerCreate
                0x0000000008258a48                xTimerCreateStatic
                0x0000000008258b90                xTimerGenericCommand
                0x0000000008258c84                xTimerGetTimerDaemonTaskHandle
                0x0000000008258cc0                xTimerGetPeriod
                0x0000000008258d00                vTimerSetReloadMode
                0x0000000008258d80                uxTimerGetReloadMode
                0x0000000008258de8                xTimerGetExpiryTime
                0x0000000008258e30                pcTimerGetName
                0x00000000082596f0                xTimerIsTimerActive
                0x0000000008259758                pvTimerGetTimerID
                0x00000000082597a4                vTimerSetTimerID
                0x00000000082597f0                xTimerPendFunctionCallFromISR
                0x000000000825985c                xTimerPendFunctionCall
 .text          0x00000000082598e0     0x126c /home/vboxuser/topst/cr5-bsp/sources/build/tcc805x/gcc/tcc805x-freertos-debug/obj/stream_buffer.o
                0x00000000082598e0                xStreamBufferGenericCreate
                0x00000000082599b8                xStreamBufferGenericCreateStatic
                0x0000000008259adc                vStreamBufferDelete
                0x0000000008259b40                xStreamBufferReset
                0x0000000008259be0                xStreamBufferSetTriggerLevel
                0x0000000008259c68                xStreamBufferSpacesAvailable
                0x0000000008259d04                xStreamBufferBytesAvailable
                0x0000000008259d48                xStreamBufferSend
                0x0000000008259f30                xStreamBufferSendFromISR
                0x000000000825a130                xStreamBufferReceive
                0x000000000825a2d4                xStreamBufferNextMessageLengthBytes
                0x000000000825a394                xStreamBufferReceiveFromISR
                0x000000000825a564                xStreamBufferIsEmpty
                0x000000000825a5d4                xStreamBufferIsFull
                0x000000000825a660                xStreamBufferSendCompletedFromISR
                0x000000000825a6fc                xStreamBufferReceiveCompletedFromISR
 .text          0x000000000825ab4c      0x8b8 /home/vboxuser/topst/cr5-bsp/sources/build/tcc805x/gcc/tcc805x-freertos-debug/obj/port.o
                0x000000000825ab4c                pxPortInitialiseStack
                0x000000000825ade0                xPortStartScheduler
                0x000000000825af24                vPortEndScheduler
                0x000000000825af54                vPortEnterCritical
                0x000000000825afb0                vPortExitCritical
                0x000000000825b03c                FreeRTOS_Tick_Handler
                0x000000000825b0d0                vPortTaskUsesFPU
                0x000000000825b0f8                vPortClearInterruptMask
                0x000000000825b154                ulPortSetInterruptMask
                0x000000000825b1cc                vPortValidateInterruptPriority
                0x000000000825b200                vApplicationGetIdleTaskMemory
                0x000000000825b254                vInitialiseTimerForRunTimeStats
                0x000000000825b26c                vApplicationStackOverflowHook
                0x000000000825b290                vApplicationGetTimerTaskMemory
                0x000000000825b2e4                vConfigureTickInterrupt
                0x000000000825b36c                vClearTickInterrupt
                0x000000000825b384                vApplicationFPUSafeIRQHandler
                0x000000000825b3a8                xPortGetInterruptNestingCount
                0x000000000825b3cc                heap_init
 .text          0x000000000825b404      0x8ec /home/vboxuser/topst/cr5-bsp/sources/build/tcc805x/gcc/tcc805x-freertos-debug/obj/heap_5.o
                0x000000000825b404                pvPortMalloc
                0x000000000825b65c                vPortFree
                0x000000000825b784                xPortGetFreeHeapSize
                0x000000000825b7a8                xPortGetMinimumEverFreeHeapSize
                0x000000000825b924                vPortDefineHeapRegions
                0x000000000825bb9c                vPortGetHeapStats
 .text          0x000000000825bcf0      0x32c /home/vboxuser/topst/cr5-bsp/sources/build/tcc805x/gcc/tcc805x-freertos-debug/obj/sal_api.o
                0x000000000825bcf0                SAL_RegisterFunction
 .text          0x000000000825c01c     0x2714 /home/vboxuser/topst/cr5-bsp/sources/build/tcc805x/gcc/tcc805x-freertos-debug/obj/sal_freertos_impl.o
                0x000000000825e2d4                SAL_Init
 .text          0x000000000825e730        0x0 /home/vboxuser/topst/cr5-bsp/sources/build/tcc805x/gcc/tcc805x-freertos-debug/obj/vector.o
 .text          0x000000000825e730        0x4 /home/vboxuser/topst/cr5-bsp/sources/build/tcc805x/gcc/tcc805x-freertos-debug/obj/vfp_init.o
                0x000000000825e730                vfp_init
 .text          0x000000000825e734        0xc /home/vboxuser/topst/cr5-bsp/sources/build/tcc805x/gcc/tcc805x-freertos-debug/obj/arm_a.o
                0x000000000825e734                ARM_DSB
 .text          0x000000000825e740      0x270 /home/vboxuser/topst/cr5-bsp/sources/build/tcc805x/gcc/tcc805x-freertos-debug/obj/portASM.o
                0x000000000825e740                FreeRTOS_SWI_Handler
                0x000000000825e7c8                vPortRestoreTaskContext
                0x000000000825e820                FreeRTOS_IRQ_Handler
                0x000000000825e970                vApplicationIRQHandler
 .text          0x000000000825e9b0       0xb8 /home/vboxuser/topst/cr5-bsp/sources/build/tcc805x/gcc/tcc805x-freertos-debug/obj/freertos.o
                0x000000000825e9b0                FreeRTOS_ARM_ExceptUndefInstrHndlr
                0x000000000825e9c4                FreeRTOS_ARM_ExceptSwiHndlr
                0x000000000825e9c8                FreeRTOS_ARM_ExceptPrefetchAbortHndlr
                0x000000000825e9e0                FreeRTOS_ARM_ExceptDataAbortHndlr
                0x000000000825ea10                FreeRTOS_ARM_ExceptIrqHndlr
                0x000000000825ea14                FreeRTOS_ARM_ExceptFiqHndlr
                0x000000000825ea2c                FreeRTOS_ARM_DRegCntGet
                0x000000000825ea34                CPU_WaitForEvent
                0x000000000825ea40                __DSB
                0x000000000825ea4c                CPU_SR_Save
                0x000000000825ea5c                CPU_SR_Restore
 .text          0x000000000825ea68       0x18 /home/vboxuser/topst/cr5-bsp/sources/build/tcc805x/gcc/tcc805x-freertos-debug/obj/sal.o
                0x000000000825ea68                ARM_ExceptUndefInstrHndlr
                0x000000000825ea6c                ARM_ExceptSwiHndlr
                0x000000000825ea70                ARM_ExceptPrefetchAbortHndlr
                0x000000000825ea74                ARM_ExceptDataAbortHndlr
                0x000000000825ea78                ARM_ExceptIrqHndlr
                0x000000000825ea7c                ARM_ExceptFiqHndlr
 .text          0x000000000825ea80       0x30 /home/vboxuser/topst/buildtools/gcc-linaro-7.2.1-2017.11-x86_64_arm-eabi/arm-eabi/libc/usr/lib/libc.a(lib_a-atoi.o)
                0x000000000825ea80                atoi
                0x000000000825ea98                _atoi_r
 .text          0x000000000825eab0       0x30 /home/vboxuser/topst/buildtools/gcc-linaro-7.2.1-2017.11-x86_64_arm-eabi/arm-eabi/libc/usr/lib/libc.a(lib_a-atol.o)
                0x000000000825eab0                atol
                0x000000000825eac8                _atol_r
 .text          0x000000000825eae0      0x104 /home/vboxuser/topst/buildtools/gcc-linaro-7.2.1-2017.11-x86_64_arm-eabi/arm-eabi/libc/usr/lib/libc.a(lib_a-memcmp.o)
                0x000000000825eae0                memcmp
 .text          0x000000000825ebe4      0x110 /home/vboxuser/topst/buildtools/gcc-linaro-7.2.1-2017.11-x86_64_arm-eabi/arm-eabi/libc/usr/lib/libc.a(lib_a-memcpy-stub.o)
                0x000000000825ebe4                memcpy
 .text          0x000000000825ecf4      0x114 /home/vboxuser/topst/buildtools/gcc-linaro-7.2.1-2017.11-x86_64_arm-eabi/arm-eabi/libc/usr/lib/libc.a(lib_a-memset.o)
                0x000000000825ecf4                memset
 .text          0x000000000825ee08      0x188 /home/vboxuser/topst/buildtools/gcc-linaro-7.2.1-2017.11-x86_64_arm-eabi/arm-eabi/libc/usr/lib/libc.a(lib_a-snprintf.o)
                0x000000000825ee08                _snprintf_r
                0x000000000825eec4                snprintf
 .text          0x000000000825ef90       0x60 /home/vboxuser/topst/buildtools/gcc-linaro-7.2.1-2017.11-x86_64_arm-eabi/arm-eabi/libc/usr/lib/libc.a(lib_a-strlen-stub.o)
                0x000000000825ef90                strlen
 .text          0x000000000825eff0      0x100 /home/vboxuser/topst/buildtools/gcc-linaro-7.2.1-2017.11-x86_64_arm-eabi/arm-eabi/libc/usr/lib/libc.a(lib_a-strncmp.o)
                0x000000000825eff0                strncmp
 .text          0x000000000825f0f0       0xe0 /home/vboxuser/topst/buildtools/gcc-linaro-7.2.1-2017.11-x86_64_arm-eabi/arm-eabi/libc/usr/lib/libc.a(lib_a-strncpy.o)
                0x000000000825f0f0                strncpy
 .text          0x000000000825f1d0       0x5c /home/vboxuser/topst/buildtools/gcc-linaro-7.2.1-2017.11-x86_64_arm-eabi/arm-eabi/libc/usr/lib/libc.a(lib_a-strnlen.o)
                0x000000000825f1d0                strnlen
 .text          0x000000000825f22c      0x27c /home/vboxuser/topst/buildtools/gcc-linaro-7.2.1-2017.11-x86_64_arm-eabi/arm-eabi/libc/usr/lib/libc.a(lib_a-strtol.o)
                0x000000000825f3e8                _strtol_r
                0x000000000825f424                strtol_l
                0x000000000825f45c                strtol
 .text          0x000000000825f4a8      0x28c /home/vboxuser/topst/buildtools/gcc-linaro-7.2.1-2017.11-x86_64_arm-eabi/arm-eabi/libc/usr/lib/libc.a(lib_a-strtoul.o)
                0x000000000825f674                _strtoul_r
                0x000000000825f6b0                strtoul_l
                0x000000000825f6e8                strtoul
 .text          0x000000000825f734     0xb4c8 /home/vboxuser/topst/buildtools/gcc-linaro-7.2.1-2017.11-x86_64_arm-eabi/arm-eabi/libc/usr/lib/libc.a(lib_a-svfprintf.o)
                0x0000000008266a38                _svfprintf_r
 .text          0x000000000826abfc      0x134 /home/vboxuser/topst/buildtools/gcc-linaro-7.2.1-2017.11-x86_64_arm-eabi/arm-eabi/libc/usr/lib/libc.a(lib_a-wcrtomb.o)
                0x000000000826abfc                _wcrtomb_r
                0x000000000826ac94                wcrtomb
 .text          0x000000000826ad30       0x5c /home/vboxuser/topst/buildtools/gcc-linaro-7.2.1-2017.11-x86_64_arm-eabi/arm-eabi/libc/usr/lib/libc.a(lib_a-wcsrtombs.o)
                0x000000000826ad30                _wcsrtombs_r
                0x000000000826ad54                wcsrtombs
 *fill*         0x000000000826ad8c        0x4 
 .text          0x000000000826ad90     0x17dc /home/vboxuser/topst/buildtools/gcc-linaro-7.2.1-2017.11-x86_64_arm-eabi/arm-eabi/libc/usr/lib/libc.a(lib_a-dtoa.o)
                0x000000000826af78                _dtoa_r
 .text          0x000000000826c56c      0x3dc /home/vboxuser/topst/buildtools/gcc-linaro-7.2.1-2017.11-x86_64_arm-eabi/arm-eabi/libc/usr/lib/libc.a(lib_a-freer.o)
                0x000000000826c56c                _malloc_trim_r
                0x000000000826c66c                _free_r
 .text          0x000000000826c948        0x0 /home/vboxuser/topst/buildtools/gcc-linaro-7.2.1-2017.11-x86_64_arm-eabi/arm-eabi/libc/usr/lib/libc.a(lib_a-impure.o)
 .text          0x000000000826c948      0xd0c /home/vboxuser/topst/buildtools/gcc-linaro-7.2.1-2017.11-x86_64_arm-eabi/arm-eabi/libc/usr/lib/libc.a(lib_a-locale.o)
                0x000000000826c9dc                __loadlocale
                0x000000000826d214                __get_locale_env
                0x000000000826d2a8                _setlocale_r
                0x000000000826d5e4                __locale_mb_cur_max
                0x000000000826d60c                __locale_ctype_ptr_l
                0x000000000826d614                __locale_ctype_ptr
                0x000000000826d63c                setlocale
 .text          0x000000000826d654       0x58 /home/vboxuser/topst/buildtools/gcc-linaro-7.2.1-2017.11-x86_64_arm-eabi/arm-eabi/libc/usr/lib/libc.a(lib_a-localeconv.o)
                0x000000000826d654                __localeconv_l
                0x000000000826d65c                _localeconv_r
                0x000000000826d684                localeconv
 .text          0x000000000826d6ac      0x760 /home/vboxuser/topst/buildtools/gcc-linaro-7.2.1-2017.11-x86_64_arm-eabi/arm-eabi/libc/usr/lib/libc.a(lib_a-mallocr.o)
                0x000000000826d6ac                _malloc_r
 .text          0x000000000826de0c      0x744 /home/vboxuser/topst/buildtools/gcc-linaro-7.2.1-2017.11-x86_64_arm-eabi/arm-eabi/libc/usr/lib/libc.a(lib_a-mbtowc_r.o)
                0x000000000826de0c                _mbtowc_r
                0x000000000826de40                __ascii_mbtowc
                0x000000000826de84                __utf8_mbtowc
                0x000000000826e18c                __sjis_mbtowc
                0x000000000826e260                __eucjp_mbtowc
                0x000000000826e398                __jis_mbtowc
 .text          0x000000000826e550      0x110 /home/vboxuser/topst/buildtools/gcc-linaro-7.2.1-2017.11-x86_64_arm-eabi/arm-eabi/libc/usr/lib/libc.a(lib_a-memchr-stub.o)
                0x000000000826e550                memchr
 .text          0x000000000826e660        0x8 /home/vboxuser/topst/buildtools/gcc-linaro-7.2.1-2017.11-x86_64_arm-eabi/arm-eabi/libc/usr/lib/libc.a(lib_a-mlock.o)
                0x000000000826e660                __malloc_lock
                0x000000000826e664                __malloc_unlock
 .text          0x000000000826e668      0xdb8 /home/vboxuser/topst/buildtools/gcc-linaro-7.2.1-2017.11-x86_64_arm-eabi/arm-eabi/libc/usr/lib/libc.a(lib_a-mprec.o)
                0x000000000826e668                _Balloc
                0x000000000826e6f4                _Bfree
                0x000000000826e710                __multadd
                0x000000000826e7ec                __s2b
                0x000000000826e8d0                __hi0bits
                0x000000000826e928                __lo0bits
                0x000000000826e9c8                __i2b
                0x000000000826e9ec                __multiply
                0x000000000826ebec                __pow5mult
                0x000000000826ecf0                __lshift
                0x000000000826ede4                __mcmp
                0x000000000826ee44                __mdiff
                0x000000000826efcc                __ulp
                0x000000000826f034                __b2d
                0x000000000826f114                __d2b
                0x000000000826f22c                __ratio
                0x000000000826f2bc                _mprec_log10
                0x000000000826f31c                __copybits
                0x000000000826f3a8                __any_on
 .text          0x000000000826f420       0x98 /home/vboxuser/topst/buildtools/gcc-linaro-7.2.1-2017.11-x86_64_arm-eabi/arm-eabi/libc/usr/lib/libc.a(lib_a-s_frexp.o)
                0x000000000826f420                frexp
 .text          0x000000000826f4b8       0x3c /home/vboxuser/topst/buildtools/gcc-linaro-7.2.1-2017.11-x86_64_arm-eabi/arm-eabi/libc/usr/lib/libc.a(lib_a-sbrkr.o)
                0x000000000826f4b8                _sbrk_r
 .text          0x000000000826f4f4       0x70 /home/vboxuser/topst/buildtools/gcc-linaro-7.2.1-2017.11-x86_64_arm-eabi/arm-eabi/libc/usr/lib/libc.a(lib_a-strcasecmp.o)
                0x000000000826f4f4                strcasecmp
 .text          0x000000000826f564       0x74 /home/vboxuser/topst/buildtools/gcc-linaro-7.2.1-2017.11-x86_64_arm-eabi/arm-eabi/libc/usr/lib/libc.a(lib_a-strcat.o)
                0x000000000826f564                strcat
 .text          0x000000000826f5d8      0x184 /home/vboxuser/topst/buildtools/gcc-linaro-7.2.1-2017.11-x86_64_arm-eabi/arm-eabi/libc/usr/lib/libc.a(lib_a-strchr.o)
                0x000000000826f5d8                strchr
 .text          0x000000000826f75c      0x224 /home/vboxuser/topst/buildtools/gcc-linaro-7.2.1-2017.11-x86_64_arm-eabi/arm-eabi/libc/usr/lib/libc.a(lib_a-strcmp.o)
                0x000000000826f75c                strcmp
 .text          0x000000000826f980       0xf0 /home/vboxuser/topst/buildtools/gcc-linaro-7.2.1-2017.11-x86_64_arm-eabi/arm-eabi/libc/usr/lib/libc.a(lib_a-strcpy.o)
                0x000000000826f980                strcpy
 .text          0x000000000826fa70       0x54 /home/vboxuser/topst/buildtools/gcc-linaro-7.2.1-2017.11-x86_64_arm-eabi/arm-eabi/libc/usr/lib/libc.a(lib_a-strlcpy.o)
                0x000000000826fa70                strlcpy
 .text          0x000000000826fac4       0x94 /home/vboxuser/topst/buildtools/gcc-linaro-7.2.1-2017.11-x86_64_arm-eabi/arm-eabi/libc/usr/lib/libc.a(lib_a-strncasecmp.o)
                0x000000000826fac4                strncasecmp
 .text          0x000000000826fb58     0x9c7c /home/vboxuser/topst/buildtools/gcc-linaro-7.2.1-2017.11-x86_64_arm-eabi/arm-eabi/libc/usr/lib/libc.a(lib_a-svfiprintf.o)
                0x0000000008276c2c                __ssprint_r
                0x0000000008276dbc                _svfiprintf_r
 .text          0x00000000082797d4      0xa0c /home/vboxuser/topst/buildtools/gcc-linaro-7.2.1-2017.11-x86_64_arm-eabi/arm-eabi/libc/usr/lib/libc.a(lib_a-syscalls.o)
                0x000000000827988c                initialise_monitor_handles
                0x000000000827993c                _swiread
                0x0000000008279980                _read
                0x0000000008279a48                _swilseek
                0x0000000008279b44                _lseek
                0x0000000008279b64                _swiwrite
                0x0000000008279ba8                _write
                0x0000000008279c74                _swiopen
                0x0000000008279d78                _open
                0x0000000008279dac                _swiclose
                0x0000000008279e20                _close
                0x0000000008279e40                _kill
                0x0000000008279e78                _exit
                0x0000000008279ea0                _getpid
                0x0000000008279ea8                _sbrk
                0x0000000008279f08                _fstat
                0x0000000008279f3c                _stat
                0x0000000008279fa8                _link
                0x0000000008279fb0                _unlink
                0x000000000827a008                _raise
                0x000000000827a00c                _gettimeofday
                0x000000000827a054                _times
                0x000000000827a090                _isatty
                0x000000000827a0e0                _system
                0x000000000827a174                _rename
 .text          0x000000000827a1e0      0x21c /home/vboxuser/topst/buildtools/gcc-linaro-7.2.1-2017.11-x86_64_arm-eabi/arm-eabi/libc/usr/lib/libc.a(lib_a-wcsnrtombs.o)
                0x000000000827a1e0                _wcsnrtombs_l
                0x000000000827a35c                _wcsnrtombs_r
                0x000000000827a3a4                wcsnrtombs
 .text          0x000000000827a3fc      0x35c /home/vboxuser/topst/buildtools/gcc-linaro-7.2.1-2017.11-x86_64_arm-eabi/arm-eabi/libc/usr/lib/libc.a(lib_a-wctomb_r.o)
                0x000000000827a3fc                _wctomb_r
                0x000000000827a430                __ascii_wctomb
                0x000000000827a458                __utf8_wctomb
                0x000000000827a544                __sjis_wctomb
                0x000000000827a5cc                __eucjp_wctomb
                0x000000000827a67c                __jis_wctomb
 .text          0x000000000827a758       0x98 /home/vboxuser/topst/buildtools/gcc-linaro-7.2.1-2017.11-x86_64_arm-eabi/arm-eabi/libc/usr/lib/libc.a(lib_a-callocr.o)
                0x000000000827a758                _calloc_r
 .text          0x000000000827a7f0       0x10 /home/vboxuser/topst/buildtools/gcc-linaro-7.2.1-2017.11-x86_64_arm-eabi/arm-eabi/libc/usr/lib/libc.a(lib_a-ctype_.o)
                0x000000000827a7f0                __set_ctype
 .text          0x000000000827a800       0x10 /home/vboxuser/topst/buildtools/gcc-linaro-7.2.1-2017.11-x86_64_arm-eabi/arm-eabi/libc/usr/lib/libc.a(lib_a-errno.o)
                0x000000000827a800                __errno
 .text          0x000000000827a810      0x340 /home/vboxuser/topst/buildtools/gcc-linaro-7.2.1-2017.11-x86_64_arm-eabi/arm-eabi/libc/usr/lib/libc.a(lib_a-findfp.o)
                0x000000000827a818                _cleanup_r
                0x000000000827a980                __sfmoreglue
                0x000000000827a9d0                __sfp
                0x000000000827aac4                _cleanup
                0x000000000827aae8                __sinit
                0x000000000827aaf8                __sfp_lock_acquire
                0x000000000827aafc                __sfp_lock_release
                0x000000000827ab00                __sinit_lock_acquire
                0x000000000827ab04                __sinit_lock_release
                0x000000000827ab08                __fp_lock_all
                0x000000000827ab2c                __fp_unlock_all
 .text          0x000000000827ab50       0xf8 /home/vboxuser/topst/buildtools/gcc-linaro-7.2.1-2017.11-x86_64_arm-eabi/arm-eabi/libc/usr/lib/libc.a(lib_a-fwalk.o)
                0x000000000827ab50                _fwalk
                0x000000000827abc8                _fwalk_reent
 .text          0x000000000827ac48       0xec /home/vboxuser/topst/buildtools/gcc-linaro-7.2.1-2017.11-x86_64_arm-eabi/arm-eabi/libc/usr/lib/libc.a(lib_a-getenv_r.o)
                0x000000000827ac48                _findenv_r
                0x000000000827ad18                _getenv_r
 .text          0x000000000827ad34      0x140 /home/vboxuser/topst/buildtools/gcc-linaro-7.2.1-2017.11-x86_64_arm-eabi/arm-eabi/libc/usr/lib/libc.a(lib_a-memmove.o)
                0x000000000827ad34                memmove
 .text          0x000000000827ae74      0x4dc /home/vboxuser/topst/buildtools/gcc-linaro-7.2.1-2017.11-x86_64_arm-eabi/arm-eabi/libc/usr/lib/libc.a(lib_a-reallocr.o)
                0x000000000827ae74                _realloc_r
 .text          0x000000000827b350      0x124 /home/vboxuser/topst/buildtools/gcc-linaro-7.2.1-2017.11-x86_64_arm-eabi/arm-eabi/libc/usr/lib/libc.a(lib_a-reent.o)
                0x000000000827b350                cleanup_glue
                0x000000000827b384                _reclaim_reent
 .text          0x000000000827b474       0xd8 /home/vboxuser/topst/buildtools/gcc-linaro-7.2.1-2017.11-x86_64_arm-eabi/arm-eabi/libc/usr/lib/libc.a(lib_a-stdio.o)
                0x000000000827b474                __sread
                0x000000000827b4a8                __seofread
                0x000000000827b4b0                __swrite
                0x000000000827b508                __sseek
                0x000000000827b538                __sclose
 .text          0x000000000827b54c       0x48 /home/vboxuser/topst/buildtools/gcc-linaro-7.2.1-2017.11-x86_64_arm-eabi/arm-eabi/libc/usr/lib/libc.a(lib_a-writer.o)
                0x000000000827b54c                _write_r
 .text          0x000000000827b594       0x3c /home/vboxuser/topst/buildtools/gcc-linaro-7.2.1-2017.11-x86_64_arm-eabi/arm-eabi/libc/usr/lib/libc.a(lib_a-closer.o)
                0x000000000827b594                _close_r
 .text          0x000000000827b5d0        0x0 /home/vboxuser/topst/buildtools/gcc-linaro-7.2.1-2017.11-x86_64_arm-eabi/arm-eabi/libc/usr/lib/libc.a(lib_a-environ.o)
 .text          0x000000000827b5d0        0x8 /home/vboxuser/topst/buildtools/gcc-linaro-7.2.1-2017.11-x86_64_arm-eabi/arm-eabi/libc/usr/lib/libc.a(lib_a-envlock.o)
                0x000000000827b5d0                __env_lock
                0x000000000827b5d4                __env_unlock
 .text          0x000000000827b5d8      0x114 /home/vboxuser/topst/buildtools/gcc-linaro-7.2.1-2017.11-x86_64_arm-eabi/arm-eabi/libc/usr/lib/libc.a(lib_a-fclose.o)
                0x000000000827b5d8                _fclose_r
                0x000000000827b6d8                fclose
 .text          0x000000000827b6ec      0x2dc /home/vboxuser/topst/buildtools/gcc-linaro-7.2.1-2017.11-x86_64_arm-eabi/arm-eabi/libc/usr/lib/libc.a(lib_a-fflush.o)
                0x000000000827b6ec                __sflush_r
                0x000000000827b934                _fflush_r
                0x000000000827b990                fflush
 .text          0x000000000827b9c8       0x48 /home/vboxuser/topst/buildtools/gcc-linaro-7.2.1-2017.11-x86_64_arm-eabi/arm-eabi/libc/usr/lib/libc.a(lib_a-lseekr.o)
                0x000000000827b9c8                _lseek_r
 .text          0x000000000827ba10       0x48 /home/vboxuser/topst/buildtools/gcc-linaro-7.2.1-2017.11-x86_64_arm-eabi/arm-eabi/libc/usr/lib/libc.a(lib_a-readr.o)
                0x000000000827ba10                _read_r
 .text          0x000000000827ba58      0x114 /home/vboxuser/topst/buildtools/gcc-linaro-7.2.1-2017.11-x86_64_arm-eabi/arm-eabi/libc/usr/lib/libgcc.a(_udivsi3.o)
                0x000000000827ba58                __udivsi3
                0x000000000827ba58                __aeabi_uidiv
                0x000000000827bb4c                __aeabi_uidivmod
 .text          0x000000000827bb6c        0x4 /home/vboxuser/topst/buildtools/gcc-linaro-7.2.1-2017.11-x86_64_arm-eabi/arm-eabi/libc/usr/lib/libgcc.a(_dvmd_tls.o)
                0x000000000827bb6c                __aeabi_ldiv0
                0x000000000827bb6c                __aeabi_idiv0
 .text          0x000000000827bb70      0x424 /home/vboxuser/topst/buildtools/gcc-linaro-7.2.1-2017.11-x86_64_arm-eabi/arm-eabi/libc/usr/lib/libgcc.a(_arm_addsubdf3.o)
                0x000000000827bb70                __aeabi_drsub
                0x000000000827bb78                __aeabi_dsub
                0x000000000827bb78                __subdf3
                0x000000000827bb7c                __adddf3
                0x000000000827bb7c                __aeabi_dadd
                0x000000000827be8c                __aeabi_ui2d
                0x000000000827be8c                __floatunsidf
                0x000000000827beb0                __floatsidf
                0x000000000827beb0                __aeabi_i2d
                0x000000000827bed8                __extendsfdf2
                0x000000000827bed8                __aeabi_f2d
                0x000000000827bf20                __aeabi_ul2d
                0x000000000827bf20                __floatundidf
                0x000000000827bf34                __floatdidf
                0x000000000827bf34                __aeabi_l2d
 .text          0x000000000827bf94      0x49c /home/vboxuser/topst/buildtools/gcc-linaro-7.2.1-2017.11-x86_64_arm-eabi/arm-eabi/libc/usr/lib/libgcc.a(_arm_muldivdf3.o)
                0x000000000827bf94                __aeabi_dmul
                0x000000000827bf94                __muldf3
                0x000000000827c224                __aeabi_ddiv
                0x000000000827c224                __divdf3
 .text          0x000000000827c430      0x144 /home/vboxuser/topst/buildtools/gcc-linaro-7.2.1-2017.11-x86_64_arm-eabi/arm-eabi/libc/usr/lib/libgcc.a(_arm_cmpdf2.o)
                0x000000000827c430                __gtdf2
                0x000000000827c430                __gedf2
                0x000000000827c438                __ltdf2
                0x000000000827c438                __ledf2
                0x000000000827c440                __cmpdf2
                0x000000000827c440                __eqdf2
                0x000000000827c440                __nedf2
                0x000000000827c4c8                __aeabi_cdrcmple
                0x000000000827c4e4                __aeabi_cdcmple
                0x000000000827c4e4                __aeabi_cdcmpeq
                0x000000000827c4fc                __aeabi_dcmpeq
                0x000000000827c514                __aeabi_dcmplt
                0x000000000827c52c                __aeabi_dcmple
                0x000000000827c544                __aeabi_dcmpge
                0x000000000827c55c                __aeabi_dcmpgt
 .text          0x000000000827c574       0x38 /home/vboxuser/topst/buildtools/gcc-linaro-7.2.1-2017.11-x86_64_arm-eabi/arm-eabi/libc/usr/lib/libgcc.a(_arm_unorddf2.o)
                0x000000000827c574                __aeabi_dcmpun
                0x000000000827c574                __unorddf2
 .text          0x000000000827c5ac       0x5c /home/vboxuser/topst/buildtools/gcc-linaro-7.2.1-2017.11-x86_64_arm-eabi/arm-eabi/libc/usr/lib/libgcc.a(_arm_fixdfsi.o)
                0x000000000827c5ac                __fixdfsi
                0x000000000827c5ac                __aeabi_d2iz
 .text          0x000000000827c608       0x54 /home/vboxuser/topst/buildtools/gcc-linaro-7.2.1-2017.11-x86_64_arm-eabi/arm-eabi/libc/usr/lib/libgcc.a(_arm_fixunsdfsi.o)
                0x000000000827c608                __fixunsdfsi
                0x000000000827c608                __aeabi_d2uiz
 .text          0x000000000827c65c      0x2ac /home/vboxuser/topst/buildtools/gcc-linaro-7.2.1-2017.11-x86_64_arm-eabi/arm-eabi/libc/usr/lib/libgcc.a(_arm_addsubsf3.o)
                0x000000000827c65c                __aeabi_frsub
                0x000000000827c664                __subsf3
                0x000000000827c664                __aeabi_fsub
                0x000000000827c668                __aeabi_fadd
                0x000000000827c668                __addsf3
                0x000000000827c824                __aeabi_ui2f
                0x000000000827c824                __floatunsisf
                0x000000000827c82c                __aeabi_i2f
                0x000000000827c82c                __floatsisf
                0x000000000827c84c                __floatundisf
                0x000000000827c84c                __aeabi_ul2f
                0x000000000827c85c                __floatdisf
                0x000000000827c85c                __aeabi_l2f
 .text          0x000000000827c908      0x2f8 /home/vboxuser/topst/buildtools/gcc-linaro-7.2.1-2017.11-x86_64_arm-eabi/arm-eabi/libc/usr/lib/libgcc.a(_arm_muldivsf3.o)
                0x000000000827c908                __mulsf3
                0x000000000827c908                __aeabi_fmul
                0x000000000827caa0                __divsf3
                0x000000000827caa0                __aeabi_fdiv
 .text          0x000000000827cc00       0x54 /home/vboxuser/topst/buildtools/gcc-linaro-7.2.1-2017.11-x86_64_arm-eabi/arm-eabi/libc/usr/lib/libgcc.a(_arm_fixunssfsi.o)
                0x000000000827cc00                __aeabi_f2uiz
                0x000000000827cc00                __fixunssfsi
 .text          0x000000000827cc54       0x3c /home/vboxuser/topst/buildtools/gcc-linaro-7.2.1-2017.11-x86_64_arm-eabi/arm-eabi/libc/usr/lib/libgcc.a(_aeabi_uldivmod.o)
                0x000000000827cc54                __aeabi_uldivmod
 .text          0x000000000827cc90      0x12c /home/vboxuser/topst/buildtools/gcc-linaro-7.2.1-2017.11-x86_64_arm-eabi/arm-eabi/libc/usr/lib/libgcc.a(_udivmoddi4.o)
                0x000000000827cc90                __udivmoddi4
 .text          0x000000000827cdbc       0x28 /home/vboxuser/topst/buildtools/gcc-linaro-7.2.1-2017.11-x86_64_arm-eabi/arm-eabi/libc/usr/lib/libgcc.a(_clzdi2.o)
                0x000000000827cdbc                __clzdi2
 .text          0x000000000827cde4       0x48 /home/vboxuser/topst/buildtools/gcc-linaro-7.2.1-2017.11-x86_64_arm-eabi/arm-eabi/libc/usr/lib/libgcc.a(_clzsi2.o)
                0x000000000827cde4                __clzsi2
 *fill*         0x000000000827ce2c        0x4 
 .text.__stub   0x000000000827ce30        0x8 linker stubs
                0x000000000827ce38                __TEXT_END__ = .
                0x000000000827ce38                . = ALIGN (0x4)

.rodata         0x000000000827ce38     0xcb48
                0x000000000827ce38                __RODATA_START__ = .
 *(.rodata)
 .rodata        0x000000000827ce38       0x35 /home/vboxuser/topst/cr5-bsp/sources/build/tcc805x/gcc/tcc805x-freertos-debug/obj/main.o
 *fill*         0x000000000827ce6d        0x3 
 .rodata        0x000000000827ce70      0xb01 /home/vboxuser/topst/cr5-bsp/sources/build/tcc805x/gcc/tcc805x-freertos-debug/obj/can_demo.o
 *fill*         0x000000000827d971        0x3 
 .rodata        0x000000000827d974      0x5b1 /home/vboxuser/topst/cr5-bsp/sources/build/tcc805x/gcc/tcc805x-freertos-debug/obj/console.o
 *fill*         0x000000000827df25        0x3 
 .rodata        0x000000000827df28      0x101 /home/vboxuser/topst/cr5-bsp/sources/build/tcc805x/gcc/tcc805x-freertos-debug/obj/fwug.o
 *fill*         0x000000000827e029        0x3 
 .rodata        0x000000000827e02c      0x145 /home/vboxuser/topst/cr5-bsp/sources/build/tcc805x/gcc/tcc805x-freertos-debug/obj/key_i2c.o
 *fill*         0x000000000827e171        0x3 
 .rodata        0x000000000827e174        0x7 /home/vboxuser/topst/cr5-bsp/sources/build/tcc805x/gcc/tcc805x-freertos-debug/obj/system_monitoring.o
 *fill*         0x000000000827e17b        0x1 
 .rodata        0x000000000827e17c      0x12b /home/vboxuser/topst/cr5-bsp/sources/build/tcc805x/gcc/tcc805x-freertos-debug/obj/bootctrl.o
 *fill*         0x000000000827e2a7        0x1 
 .rodata        0x000000000827e2a8       0x24 /home/vboxuser/topst/cr5-bsp/sources/build/tcc805x/gcc/tcc805x-freertos-debug/obj/reset_demo.o
 .rodata        0x000000000827e2cc      0x295 /home/vboxuser/topst/cr5-bsp/sources/build/tcc805x/gcc/tcc805x-freertos-debug/obj/adc_test.o
 *fill*         0x000000000827e561        0x3 
 .rodata        0x000000000827e564      0x5af /home/vboxuser/topst/cr5-bsp/sources/build/tcc805x/gcc/tcc805x-freertos-debug/obj/dse_test.o
 *fill*         0x000000000827eb13        0x1 
 .rodata        0x000000000827eb14       0xe9 /home/vboxuser/topst/cr5-bsp/sources/build/tcc805x/gcc/tcc805x-freertos-debug/obj/fmu_test.o
 *fill*         0x000000000827ebfd        0x3 
 .rodata        0x000000000827ec00      0x1ba /home/vboxuser/topst/cr5-bsp/sources/build/tcc805x/gcc/tcc805x-freertos-debug/obj/gdma_test.o
 *fill*         0x000000000827edba        0x2 
 .rodata        0x000000000827edbc      0x1f6 /home/vboxuser/topst/cr5-bsp/sources/build/tcc805x/gcc/tcc805x-freertos-debug/obj/gic_test.o
 *fill*         0x000000000827efb2        0x2 
 .rodata        0x000000000827efb4      0x279 /home/vboxuser/topst/cr5-bsp/sources/build/tcc805x/gcc/tcc805x-freertos-debug/obj/gpio_test.o
 *fill*         0x000000000827f22d        0x3 
 .rodata        0x000000000827f230      0xbcb /home/vboxuser/topst/cr5-bsp/sources/build/tcc805x/gcc/tcc805x-freertos-debug/obj/gpsb_test.o
 *fill*         0x000000000827fdfb        0x1 
 .rodata        0x000000000827fdfc      0xb69 /home/vboxuser/topst/cr5-bsp/sources/build/tcc805x/gcc/tcc805x-freertos-debug/obj/hsm_test.o
 *fill*         0x0000000008280965        0x3 
 .rodata        0x0000000008280968      0x441 /home/vboxuser/topst/cr5-bsp/sources/build/tcc805x/gcc/tcc805x-freertos-debug/obj/i2c_test.o
 *fill*         0x0000000008280da9        0x3 
 .rodata        0x0000000008280dac       0xe6 /home/vboxuser/topst/cr5-bsp/sources/build/tcc805x/gcc/tcc805x-freertos-debug/obj/ictc_test.o
 *fill*         0x0000000008280e92        0x2 
 .rodata        0x0000000008280e94       0xdb /home/vboxuser/topst/cr5-bsp/sources/build/tcc805x/gcc/tcc805x-freertos-debug/obj/lin_test.o
 *fill*         0x0000000008280f6f        0x1 
 .rodata        0x0000000008280f70      0x126 /home/vboxuser/topst/cr5-bsp/sources/build/tcc805x/gcc/tcc805x-freertos-debug/obj/pdm_test.o
 *fill*         0x0000000008281096        0x2 
 .rodata        0x0000000008281098      0x55f /home/vboxuser/topst/cr5-bsp/sources/build/tcc805x/gcc/tcc805x-freertos-debug/obj/pmio_test.o
 *fill*         0x00000000082815f7        0x1 
 .rodata        0x00000000082815f8      0x4af /home/vboxuser/topst/cr5-bsp/sources/build/tcc805x/gcc/tcc805x-freertos-debug/obj/timer_test.o
 *fill*         0x0000000008281aa7        0x1 
 .rodata        0x0000000008281aa8      0xa37 /home/vboxuser/topst/cr5-bsp/sources/build/tcc805x/gcc/tcc805x-freertos-debug/obj/wdt_test.o
 *fill*         0x00000000082824df        0x1 
 .rodata        0x00000000082824e0       0xde /home/vboxuser/topst/cr5-bsp/sources/build/tcc805x/gcc/tcc805x-freertos-debug/obj/pwm_test.o
 *fill*         0x00000000082825be        0x2 
 .rodata        0x00000000082825c0       0x92 /home/vboxuser/topst/cr5-bsp/sources/build/tcc805x/gcc/tcc805x-freertos-debug/obj/hap.o
 *fill*         0x0000000008282652        0x2 
 .rodata        0x0000000008282654       0x68 /home/vboxuser/topst/cr5-bsp/sources/build/tcc805x/gcc/tcc805x-freertos-debug/obj/mptool.o
 .rodata        0x00000000082826bc      0x1b3 /home/vboxuser/topst/cr5-bsp/sources/build/tcc805x/gcc/tcc805x-freertos-debug/obj/ipc_os.o
 *fill*         0x000000000828286f        0x1 
 .rodata        0x0000000008282870       0xe2 /home/vboxuser/topst/cr5-bsp/sources/build/tcc805x/gcc/tcc805x-freertos-debug/obj/ipc_buffer.o
 *fill*         0x0000000008282952        0x2 
 .rodata        0x0000000008282954      0x183 /home/vboxuser/topst/cr5-bsp/sources/build/tcc805x/gcc/tcc805x-freertos-debug/obj/ipc_ctl.o
 *fill*         0x0000000008282ad7        0x1 
 .rodata        0x0000000008282ad8       0x38 /home/vboxuser/topst/cr5-bsp/sources/build/tcc805x/gcc/tcc805x-freertos-debug/obj/ipc_parser.o
 .rodata        0x0000000008282b10      0x262 /home/vboxuser/topst/cr5-bsp/sources/build/tcc805x/gcc/tcc805x-freertos-debug/obj/ipc_api.o
 *fill*         0x0000000008282d72        0x2 
 .rodata        0x0000000008282d74      0x3aa /home/vboxuser/topst/cr5-bsp/sources/build/tcc805x/gcc/tcc805x-freertos-debug/obj/lin.o
 *fill*         0x000000000828311e        0x2 
 .rodata        0x0000000008283120      0x209 /home/vboxuser/topst/cr5-bsp/sources/build/tcc805x/gcc/tcc805x-freertos-debug/obj/sdm.o
 *fill*         0x0000000008283329        0x3 
 .rodata        0x000000000828332c      0x38b /home/vboxuser/topst/cr5-bsp/sources/build/tcc805x/gcc/tcc805x-freertos-debug/obj/hsm_manager.o
 *fill*         0x00000000082836b7        0x1 
 .rodata        0x00000000082836b8       0xf5 /home/vboxuser/topst/cr5-bsp/sources/build/tcc805x/gcc/tcc805x-freertos-debug/obj/adc.o
 *fill*         0x00000000082837ad        0x3 
 .rodata        0x00000000082837b0       0x9f /home/vboxuser/topst/cr5-bsp/sources/build/tcc805x/gcc/tcc805x-freertos-debug/obj/can.o
 *fill*         0x000000000828384f        0x1 
 .rodata        0x0000000008283850      0x4ee /home/vboxuser/topst/cr5-bsp/sources/build/tcc805x/gcc/tcc805x-freertos-debug/obj/can_drv.o
 *fill*         0x0000000008283d3e        0x2 
 .rodata        0x0000000008283d40       0x25 /home/vboxuser/topst/cr5-bsp/sources/build/tcc805x/gcc/tcc805x-freertos-debug/obj/debug.o
 *fill*         0x0000000008283d65        0x3 
 .rodata        0x0000000008283d68       0x3a /home/vboxuser/topst/cr5-bsp/sources/build/tcc805x/gcc/tcc805x-freertos-debug/obj/bsp.o
 *fill*         0x0000000008283da2        0x2 
 .rodata        0x0000000008283da4      0x365 /home/vboxuser/topst/cr5-bsp/sources/build/tcc805x/gcc/tcc805x-freertos-debug/obj/fmu.o
 *fill*         0x0000000008284109        0x3 
 .rodata        0x000000000828410c      0x164 /home/vboxuser/topst/cr5-bsp/sources/build/tcc805x/gcc/tcc805x-freertos-debug/obj/gdma.o
 .rodata        0x0000000008284270      0x3d0 /home/vboxuser/topst/cr5-bsp/sources/build/tcc805x/gcc/tcc805x-freertos-debug/obj/gic.o
 .rodata        0x0000000008284640       0x77 /home/vboxuser/topst/cr5-bsp/sources/build/tcc805x/gcc/tcc805x-freertos-debug/obj/gpio.o
 *fill*         0x00000000082846b7        0x1 
 .rodata        0x00000000082846b8      0x93e /home/vboxuser/topst/cr5-bsp/sources/build/tcc805x/gcc/tcc805x-freertos-debug/obj/i2c.o
 *fill*         0x0000000008284ff6        0x2 
 .rodata        0x0000000008284ff8      0x1ec /home/vboxuser/topst/cr5-bsp/sources/build/tcc805x/gcc/tcc805x-freertos-debug/obj/i2c_reg.o
                0x0000000008284ff8                i2cport
 .rodata        0x00000000082851e4      0x32a /home/vboxuser/topst/cr5-bsp/sources/build/tcc805x/gcc/tcc805x-freertos-debug/obj/ictc.o
 *fill*         0x000000000828550e        0x2 
 .rodata        0x0000000008285510      0x620 /home/vboxuser/topst/cr5-bsp/sources/build/tcc805x/gcc/tcc805x-freertos-debug/obj/mbox_dev.o
 .rodata        0x0000000008285b30      0x342 /home/vboxuser/topst/cr5-bsp/sources/build/tcc805x/gcc/tcc805x-freertos-debug/obj/mbox.o
 *fill*         0x0000000008285e72        0x2 
 .rodata        0x0000000008285e74       0xc0 /home/vboxuser/topst/cr5-bsp/sources/build/tcc805x/gcc/tcc805x-freertos-debug/obj/mpu.o
                0x0000000008285e74                sMPUTable
 .rodata        0x0000000008285f34      0x1ea /home/vboxuser/topst/cr5-bsp/sources/build/tcc805x/gcc/tcc805x-freertos-debug/obj/pdm.o
 *fill*         0x000000000828611e        0x2 
 .rodata        0x0000000008286120      0xc45 /home/vboxuser/topst/cr5-bsp/sources/build/tcc805x/gcc/tcc805x-freertos-debug/obj/pmio_dev.o
 *fill*         0x0000000008286d65        0x3 
 .rodata        0x0000000008286d68     0x13b1 /home/vboxuser/topst/cr5-bsp/sources/build/tcc805x/gcc/tcc805x-freertos-debug/obj/gpsb.o
 *fill*         0x0000000008288119        0x3 
 .rodata        0x000000000828811c      0x2d8 /home/vboxuser/topst/cr5-bsp/sources/build/tcc805x/gcc/tcc805x-freertos-debug/obj/gpsb_reg.o
                0x000000000828811c                gpsbport
                0x00000000082883dc                gpsb_sm
 .rodata        0x00000000082883f4      0x17b /home/vboxuser/topst/cr5-bsp/sources/build/tcc805x/gcc/tcc805x-freertos-debug/obj/timer.o
 *fill*         0x000000000828856f        0x1 
 .rodata        0x0000000008288570      0x531 /home/vboxuser/topst/cr5-bsp/sources/build/tcc805x/gcc/tcc805x-freertos-debug/obj/uart.o
 *fill*         0x0000000008288aa1        0x3 
 .rodata        0x0000000008288aa4      0x13e /home/vboxuser/topst/cr5-bsp/sources/build/tcc805x/gcc/tcc805x-freertos-debug/obj/udma.o
 *fill*         0x0000000008288be2        0x2 
 .rodata        0x0000000008288be4      0x18d /home/vboxuser/topst/cr5-bsp/sources/build/tcc805x/gcc/tcc805x-freertos-debug/obj/wdt.o
 *fill*         0x0000000008288d71        0x3 
 .rodata        0x0000000008288d74       0xb8 /home/vboxuser/topst/cr5-bsp/sources/build/tcc805x/gcc/tcc805x-freertos-debug/obj/dse.o
 .rodata        0x0000000008288e2c       0xde /home/vboxuser/topst/cr5-bsp/sources/build/tcc805x/gcc/tcc805x-freertos-debug/obj/pmu_reset.o
 *fill*         0x0000000008288f0a        0x2 
 .rodata        0x0000000008288f0c        0x5 /home/vboxuser/topst/cr5-bsp/sources/build/tcc805x/gcc/tcc805x-freertos-debug/obj/tasks.o
 *fill*         0x0000000008288f11        0x3 
 .rodata        0x0000000008288f14        0xd /home/vboxuser/topst/cr5-bsp/sources/build/tcc805x/gcc/tcc805x-freertos-debug/obj/timers.o
 *fill*         0x0000000008288f21        0x3 
 .rodata        0x0000000008288f24       0x20 /home/vboxuser/topst/cr5-bsp/sources/build/tcc805x/gcc/tcc805x-freertos-debug/obj/port.o
                0x0000000008288f24                ulICCIAR
                0x0000000008288f28                ulICCEOIR
                0x0000000008288f2c                ulICCPMR
                0x0000000008288f30                ulMaxAPIPriorityMask
 .rodata        0x0000000008288f44        0x4 /home/vboxuser/topst/cr5-bsp/sources/build/tcc805x/gcc/tcc805x-freertos-debug/obj/heap_5.o
 .rodata        0x0000000008288f48      0x249 /home/vboxuser/topst/cr5-bsp/sources/build/tcc805x/gcc/tcc805x-freertos-debug/obj/sal_freertos_impl.o
 *fill*         0x0000000008289191        0x3 
 .rodata        0x0000000008289194       0x20 /home/vboxuser/topst/buildtools/gcc-linaro-7.2.1-2017.11-x86_64_arm-eabi/arm-eabi/libc/usr/lib/libc.a(lib_a-svfprintf.o)
 .rodata        0x00000000082891b4        0x4 /home/vboxuser/topst/buildtools/gcc-linaro-7.2.1-2017.11-x86_64_arm-eabi/arm-eabi/libc/usr/lib/libc.a(lib_a-impure.o)
                0x00000000082891b4                _global_impure_ptr
 .rodata        0x00000000082891b8      0x188 /home/vboxuser/topst/buildtools/gcc-linaro-7.2.1-2017.11-x86_64_arm-eabi/arm-eabi/libc/usr/lib/libc.a(lib_a-locale.o)
                0x00000000082891d4                __C_locale
 .rodata        0x0000000008289340       0x90 /home/vboxuser/topst/buildtools/gcc-linaro-7.2.1-2017.11-x86_64_arm-eabi/arm-eabi/libc/usr/lib/libc.a(lib_a-mbtowc_r.o)
 .rodata        0x00000000082893d0      0x128 /home/vboxuser/topst/buildtools/gcc-linaro-7.2.1-2017.11-x86_64_arm-eabi/arm-eabi/libc/usr/lib/libc.a(lib_a-mprec.o)
                0x00000000082893e0                __mprec_tens
                0x00000000082894a8                __mprec_tinytens
                0x00000000082894d0                __mprec_bigtens
 .rodata        0x00000000082894f8      0x1f8 /home/vboxuser/topst/buildtools/gcc-linaro-7.2.1-2017.11-x86_64_arm-eabi/arm-eabi/libc/usr/lib/libc.a(lib_a-svfiprintf.o)
                0x00000000082894f8                __chclass
                0x00000000082895f8                __state_table
                0x0000000008289664                __action_table
 .rodata        0x00000000082896f0      0x101 /home/vboxuser/topst/buildtools/gcc-linaro-7.2.1-2017.11-x86_64_arm-eabi/arm-eabi/libc/usr/lib/libc.a(lib_a-ctype_.o)
                0x00000000082896f0                _ctype_
 *(.rodata.*)
 *fill*         0x00000000082897f1        0x3 
 .rodata.str1.4
                0x00000000082897f4       0x42 /home/vboxuser/topst/buildtools/gcc-linaro-7.2.1-2017.11-x86_64_arm-eabi/arm-eabi/libc/usr/lib/libc.a(lib_a-svfprintf.o)
 *fill*         0x0000000008289836        0x2 
 .rodata.str1.4
                0x0000000008289838       0x10 /home/vboxuser/topst/buildtools/gcc-linaro-7.2.1-2017.11-x86_64_arm-eabi/arm-eabi/libc/usr/lib/libc.a(lib_a-dtoa.o)
                                         0x12 (size before relaxing)
 .rodata.str1.4
                0x0000000008289848      0x12c /home/vboxuser/topst/buildtools/gcc-linaro-7.2.1-2017.11-x86_64_arm-eabi/arm-eabi/libc/usr/lib/libc.a(lib_a-locale.o)